Archive member included to satisfy reference by file (symbol)

/syscall-symphony/glibc-symphony/glibc-build/libc_pic.a(check_fds.os)
                              /syscall-symphony/glibc-symphony/glibc-build/elf/dl-allobjs.os (__libc_check_standard_fds)
/syscall-symphony/glibc-symphony/glibc-build/libc_pic.a(errno.os)
                              /syscall-symphony/glibc-symphony/glibc-build/libc_pic.a(check_fds.os) (__libc_errno)
/syscall-symphony/glibc-symphony/glibc-build/libc_pic.a(setjmp.os)
                              /syscall-symphony/glibc-symphony/glibc-build/elf/dl-allobjs.os (__sigsetjmp)
/syscall-symphony/glibc-symphony/glibc-build/libc_pic.a(__longjmp.os)
                              /syscall-symphony/glibc-symphony/glibc-build/elf/dl-allobjs.os (__longjmp)
/syscall-symphony/glibc-symphony/glibc-build/libc_pic.a(lowlevellock.os)
                              /syscall-symphony/glibc-symphony/glibc-build/elf/dl-allobjs.os (__lll_lock_wait_private)
/syscall-symphony/glibc-symphony/glibc-build/libc_pic.a(scratch_buffer_set_array_size.os)
                              /syscall-symphony/glibc-symphony/glibc-build/elf/dl-allobjs.os (__libc_scratch_buffer_set_array_size)
/syscall-symphony/glibc-symphony/glibc-build/libc_pic.a(memchr.os)
                              /syscall-symphony/glibc-symphony/glibc-build/elf/dl-allobjs.os (memchr)
/syscall-symphony/glibc-symphony/glibc-build/libc_pic.a(memcmp.os)
                              /syscall-symphony/glibc-symphony/glibc-build/elf/dl-allobjs.os (memcmp)
/syscall-symphony/glibc-symphony/glibc-build/libc_pic.a(memcpy.os)
                              /syscall-symphony/glibc-symphony/glibc-build/elf/dl-allobjs.os (memcpy)
/syscall-symphony/glibc-symphony/glibc-build/libc_pic.a(memmove.os)
                              /syscall-symphony/glibc-symphony/glibc-build/elf/dl-allobjs.os (memmove)
/syscall-symphony/glibc-symphony/glibc-build/libc_pic.a(memset.os)
                              /syscall-symphony/glibc-symphony/glibc-build/elf/dl-allobjs.os (memset)
/syscall-symphony/glibc-symphony/glibc-build/libc_pic.a(rawmemchr.os)
                              /syscall-symphony/glibc-symphony/glibc-build/elf/dl-allobjs.os (rawmemchr)
/syscall-symphony/glibc-symphony/glibc-build/libc_pic.a(strchr.os)
                              /syscall-symphony/glibc-symphony/glibc-build/elf/dl-allobjs.os (strchr)
/syscall-symphony/glibc-symphony/glibc-build/libc_pic.a(strcmp.os)
                              /syscall-symphony/glibc-symphony/glibc-build/elf/dl-allobjs.os (strcmp)
/syscall-symphony/glibc-symphony/glibc-build/libc_pic.a(strcpy.os)
                              /syscall-symphony/glibc-symphony/glibc-build/elf/dl-allobjs.os (__stpcpy)
/syscall-symphony/glibc-symphony/glibc-build/libc_pic.a(strcspn.os)
                              /syscall-symphony/glibc-symphony/glibc-build/elf/dl-allobjs.os (strcspn)
/syscall-symphony/glibc-symphony/glibc-build/libc_pic.a(strdup.os)
                              /syscall-symphony/glibc-symphony/glibc-build/elf/dl-allobjs.os (__strdup)
/syscall-symphony/glibc-symphony/glibc-build/libc_pic.a(strerrorname_np.os)
                              /syscall-symphony/glibc-symphony/glibc-build/elf/dl-allobjs.os (strerrorname_np)
/syscall-symphony/glibc-symphony/glibc-build/libc_pic.a(strlen.os)
                              /syscall-symphony/glibc-symphony/glibc-build/elf/dl-allobjs.os (strlen)
/syscall-symphony/glibc-symphony/glibc-build/libc_pic.a(strncmp.os)
                              /syscall-symphony/glibc-symphony/glibc-build/elf/dl-allobjs.os (strncmp)
/syscall-symphony/glibc-symphony/glibc-build/libc_pic.a(strnlen.os)
                              /syscall-symphony/glibc-symphony/glibc-build/elf/dl-allobjs.os (strnlen)
/syscall-symphony/glibc-symphony/glibc-build/libc_pic.a(closedir.os)
                              /syscall-symphony/glibc-symphony/glibc-build/elf/dl-allobjs.os (__closedir)
/syscall-symphony/glibc-symphony/glibc-build/libc_pic.a(rewinddir.os)
                              /syscall-symphony/glibc-symphony/glibc-build/elf/dl-allobjs.os (__rewinddir)
/syscall-symphony/glibc-symphony/glibc-build/libc_pic.a(readdir64.os)
                              /syscall-symphony/glibc-symphony/glibc-build/elf/dl-allobjs.os (__readdir64)
/syscall-symphony/glibc-symphony/glibc-build/libc_pic.a(fdopendir.os)
                              /syscall-symphony/glibc-symphony/glibc-build/elf/dl-allobjs.os (__fdopendir)
/syscall-symphony/glibc-symphony/glibc-build/libc_pic.a(uname.os)
                              /syscall-symphony/glibc-symphony/glibc-build/elf/dl-allobjs.os (__uname)
/syscall-symphony/glibc-symphony/glibc-build/libc_pic.a(_exit.os)
                              /syscall-symphony/glibc-symphony/glibc-build/elf/dl-allobjs.os (__GI__exit)
/syscall-symphony/glibc-symphony/glibc-build/libc_pic.a(getpid.os)
                              /syscall-symphony/glibc-symphony/glibc-build/elf/dl-allobjs.os (__getpid)
[...]
Memory Configuration

Name             Origin             Length             Attributes
*default*        0x00000000         0xffffffff

Linker script and memory map

LOAD /syscall-symphony/glibc-symphony/glibc-build/elf/librtld.mapT.o
START GROUP
LOAD /syscall-symphony/glibc-symphony/glibc-build/elf/dl-allobjs.os
LOAD /syscall-symphony/glibc-symphony/glibc-build/libc_pic.a
LOAD /usr/lib/gcc/arm-linux-gnueabihf/10/libgcc.a
END GROUP

.interp
 *(.interp)

.note.gnu.build-id
 *(.note.gnu.build-id)

.hash
 *(.hash)

.gnu.hash
 *(.gnu.hash)

.dynsym
 *(.dynsym)

.dynstr
 *(.dynstr)

.gnu.version
 *(.gnu.version)

.gnu.version_d
 *(.gnu.version_d)

.gnu.version_r
 *(.gnu.version_r)

.rel.init
 *(.rel.init)

.rela.init
 *(.rela.init)

.rel.text
 *(.rel.text)

.rela.text
 *(.rela.text)

.rel.fini
 *(.rel.fini)

.rela.fini
 *(.rela.fini)

.rel.rodata
 *(.rel.rodata)

.rela.rodata
 *(.rela.rodata)

.rel.data.rel.ro
 *(.rel.data.rel.ro)

.rela.data.rel.ro
 *(.rela.data.rel.ro)

.rel.data
 *(.rel.data)

.rela.data
 *(.rela.data)

.rel.tdata
 *(.rel.tdata)

.rela.tdata
 *(.rela.tdata)

.rel.tbss
 *(.rel.tbss)

.rela.tbss
 *(.rela.tbss)

.rel.ctors
 *(.rel.ctors)

.rela.ctors
 *(.rela.ctors)

.rel.dtors
 *(.rel.dtors)

.rela.dtors
 *(.rela.dtors)

.rel.got
 *(.rel.got)

.rela.got
 *(.rela.got)

.rel.bss
 *(.rel.bss)

.rela.bss
 *(.rela.bss)

.rel.iplt
 *(.rel.iplt)

.rela.iplt
 *(.rela.iplt)

.rel.plt
 *(.rel.plt)

.rela.plt
 *(.rela.plt)

.init
 *(SORT_NONE(.init))

.plt
 *(.plt)

.iplt
 *(.iplt)

.text           0x00000000    0x20c8c
 *(.text .stub)
 .text          0x00000000        0x0 /syscall-symphony/glibc-symphony/glibc-build/elf/librtld.mapT.o
                0x00000000                __stack_chk_fail_local
                0x00000000                malloc
                0x00000000                __stack_chk_fail
                0x00000000                calloc
                0x00000000                __GI___pthread_enable_asynccancel
                0x00000000                realloc
                0x00000000                __GI___pthread_disable_asynccancel
                0x00000000                __pthread_enable_asynccancel
                0x00000000                __pthread_disable_asynccancel
                0x00000000                free
 .text          0x00000000    0x1d6e4 /syscall-symphony/glibc-symphony/glibc-build/elf/dl-allobjs.os
                0x00000000                _dl_call_libc_early_init
                0x00000264                _dl_close_worker
                0x00001260                _dl_close
                0x00001320                _dl_debug_state
                0x00001320                __GI__dl_debug_state
                0x00001324                _dl_debug_update
                0x0000138c                _dl_debug_initialize
                0x00001530                _dl_map_object_deps
                0x0000229c                _dl_error_free
                0x000022c4                _dl_exception_create
                0x000022c4                __GI__dl_exception_create
                0x000023a0                __GI__dl_exception_create_format
                0x000023a0                _dl_exception_create_format
                0x00002754                _dl_exception_free
                0x00002754                __GI__dl_exception_free
                0x00002788                _dl_make_stacks_executable
                0x0000296c                __GI___nptl_change_stack_perm
                0x0000296c                __nptl_change_stack_perm
                0x00002c18                __GI__dl_find_object
                0x00002c18                _dl_find_object
                0x0000304c                _dlfo_sort_mappings
                0x00003130                _dl_find_object_init
                0x000032c4                _dl_find_object_update
                0x0000382c                _dl_find_object_dlclose
                0x00003908                _dl_find_object_freeres
                0x000039a8                _dl_fini
                0x00003f70                _dl_init
                0x000051e4                _dl_dst_count
                0x00005290                _dl_dst_substitute
                0x00005aac                _dl_init_paths
                0x00005e3c                _dl_process_pt_gnu_property
                0x000075bc                _dl_map_object
                0x000080a8                _dl_rtld_di_serinfo
                0x000090c0                _dl_lookup_symbol_x
                0x00009d58                _dl_lookup_direct
                0x00009ee0                __minimal_malloc
                0x0000a034                __minimal_calloc
                0x0000a094                __minimal_free
                0x0000a0c8                __minimal_realloc
                0x0000a164                _dl_sysdep_read_whole_file
                0x0000a1ec                _dl_name_match_p
                0x0000a24c                _dl_higher_prime_number
                0x0000a298                _dl_strtoul
                0x0000a450                _dl_add_to_namespace_list
                0x0000a520                _dl_new_object
                0x0000add0                __GI__dl_find_dso_for_object
                0x0000add0                _dl_find_dso_for_object
                0x0000aeb4                _dl_open
                0x0000b1f0                _dl_show_scope
                0x0000bcfc                _dl_get_origin
                0x0000c394                _dl_debug_printf
                0x0000c3d4                _dl_debug_printf_c
                0x0000c414                _dl_dprintf
                0x0000c444                _dl_printf
                0x0000c478                _dl_error_printf
                0x0000c4ac                _dl_fatal_printf
                0x0000c4ac                __GI__dl_fatal_printf
                0x0000c4d8                _dl_start_profile
                0x0000cc2c                __GI__dl_mcount
                0x0000cc2c                _dl_mcount
                0x0000d1ec                _dl_try_allocate_static_tls
                0x0000d2f4                _dl_allocate_static_tls
                0x0000d334                _dl_protect_relro
                0x0000d3b0                _dl_reloc_bad_type
                0x0000d424                _dl_relocate_object
                0x0000fc28                _dl_fixup
                0x0000fee0                _dl_profile_fixup
                0x00010244                _dl_scope_free
                0x00010354                _dl_setup_hash
                0x00010524                _dl_sort_maps_init
                0x00010560                _dl_sort_maps
                0x000109ac                __thread_gscope_wait
                0x00010e8c                _dl_tls_static_surplus_init
                0x00010f2c                _dl_assign_tls_modid
                0x00011054                _dl_count_modids
                0x000110cc                _dl_determine_tlsoffset
                0x000112c8                _dl_get_tls_static_info
                0x000112e8                _dl_allocate_tls_storage
                0x000113d0                __GI__dl_allocate_tls_init
                0x000113d0                _dl_allocate_tls_init
                0x00011688                __GI__dl_allocate_tls
                0x00011688                _dl_allocate_tls
                0x000116fc                _dl_deallocate_tls
                0x000116fc                __GI__dl_deallocate_tls
                0x0001179c                _dl_update_slotinfo
                0x00011a34                __GI___tls_get_addr
                0x00011a34                __tls_get_addr
                0x00011a94                _dl_tls_get_addr_soft
                0x00011b2c                _dl_add_to_slotinfo
                0x00011c4c                _dl_init_static_tls
                0x00011d78                __tls_pre_init_tp
                0x00011ddc                __tls_init_tp
                0x00011f1c                _dl_runtime_resolve
                0x00011f40                _dl_runtime_profile
                0x00012000                _dl_check_map_versions
                0x00012894                _dl_check_all_versions
                0x00012900                _dl_write
                0x00012914                _dl_cache_libcmp
                0x00013190                _dl_load_cache_lookup
                0x000134d0                _dl_unload_cache
                0x00013680                __GI___tunable_set_val
                0x00013698                __GI___tunables_init
                0x00013d60                __GI___tunables_print
                0x00013e64                __tunable_get_val
                0x00013e64                __GI___tunable_get_val
                0x00013f5c                _dl_make_tlsdesc_dynamic
                0x0001424c                _dl_unmap
                0x000142cc                _dl_tlsdesc_return
                0x000142d4                _dl_tlsdesc_undefweak
                0x000142f0                _dl_tlsdesc_dynamic
                0x00014348                _dl_audit_activity_map
                0x000143dc                _dl_audit_activity_nsid
                0x00014420                _dl_audit_objsearch
                0x000144dc                _dl_audit_objopen
                0x000145ac                _dl_audit_objclose
                0x00014654                _dl_audit_preinit
                0x000146e0                _dl_audit_symbind_alt
                0x000146e0                __GI__dl_audit_symbind_alt
                0x00014870                _dl_audit_symbind
                0x00014b04                _dl_audit_pltenter
                0x00014d58                _dl_audit_pltexit
                0x00014f5c                _dl_diagnostics_print_string
                0x00014fdc                _dl_diagnostics_print_labeled_string
                0x00015028                _dl_diagnostics_print_labeled_value
                0x0001505c                _dl_print_diagnostics
                0x000154b0                _dl_diagnostics_cpu
                0x00015598                _dl_diagnostics_kernel
                0x00015644                _dl_next_ld_env_entry
                0x0001569c                unsetenv
                0x00015810                _dl_signal_exception
                0x00015858                _dl_signal_error
                0x000158b8                _dl_signal_cexception
                0x00015970                _dl_signal_cerror
                0x00015a2c                _dl_catch_exception
                0x00015b08                _dl_catch_error
                0x00015b54                _dl_receive_error
                0x00015b90                _rtld_catch_error
                0x00015c3c                _dl_important_hwcaps
                0x00016558                _dl_hwcaps_subdirs_active
                0x00016560                _dl_hwcaps_split
                0x000165f4                _dl_hwcaps_contains
                0x00016660                _dl_hwcaps_split_masked
                0x000166a4                __rtld_libc_freeres
                0x000166a8                __rtld_malloc_init_stubs
                0x000166f4                __sigjmp_save
                0x00016704                __strerror_r
                0x00016874                __GI___libc_fatal
                0x00016874                __libc_fatal
                0x0001688c                __GI___chk_fail
                0x0001688c                __chk_fail
                0x00016898                __GI___assert_fail
                0x00016898                __assert_fail
                0x000168e0                __rtld_malloc_is_complete
                0x00016a44                __rtld_malloc_init_real
                0x00016b40                __GI___assert_perror_fail
                0x00016b40                __assert_perror_fail
                0x00016ba8                _itoa
                0x00016c38                __strsep
                0x00016c38                strsep
                0x00016c38                __strsep_g
                0x00016cd8                __rtld_mutex_init
                0x00016e38                _dl_sysdep_start
                0x000170c4                _dl_sysdep_start_cleanup
                0x000170c8                _dl_show_auxv
                0x00017318                _dl_discover_osversion
                0x00017594                _dl_usage
                0x000175f4                _dl_version
                0x00017610                _dl_help
                0x00017bd0                _start
                0x00017be0                _dl_start_user
                0x00019058                handle_preload_list
                0x0001ccc0                __aeabi_read_tp
                0x0001ccc8                __brk
                0x0001ccc8                brk
                0x0001cd18                sbrk
                0x0001cd18                __sbrk
                0x0001cdac                __getcwd
                0x0001cdac                getcwd
                0x0001d47c                openat64
                0x0001d50c                __opendir
                0x0001d50c                opendir
                0x0001d610                __alloc_dir
                0x0001d6d8                __aeabi_unwind_cpp_pr0
                0x0001d6dc                __aeabi_unwind_cpp_pr1
                0x0001d6e0                __aeabi_unwind_cpp_pr2
 .text          0x0001d6e4       0xf8 /syscall-symphony/glibc-symphony/glibc-build/libc_pic.a(check_fds.os)
                0x0001d7ac                __libc_check_standard_fds
 .text          0x0001d7dc        0x0 /syscall-symphony/glibc-symphony/glibc-build/libc_pic.a(errno.os)
 *fill*         0x0001d7dc        0x4 
 .text          0x0001d7e0       0x7c /syscall-symphony/glibc-symphony/glibc-build/libc_pic.a(setjmp.os)
                0x0001d7e0                __sigsetjmp
                0x0001d7e0                __GI___sigsetjmp
 *fill*         0x0001d85c        0x4 
 .text          0x0001d860       0x88 /syscall-symphony/glibc-symphony/glibc-build/libc_pic.a(__longjmp.os)
                0x0001d860                __longjmp
 .text          0x0001d8e8      0x12c /syscall-symphony/glibc-symphony/glibc-build/libc_pic.a(lowlevellock.os)
                0x0001d8e8                __GI___lll_lock_wait_private
                0x0001d8e8                __lll_lock_wait_private
                0x0001d95c                __lll_lock_wait
                0x0001d95c                __GI___lll_lock_wait
                0x0001d9d4                __lll_lock_wake_private
                0x0001d9d4                __GI___lll_lock_wake_private
                0x0001d9f4                __lll_lock_wake
                0x0001d9f4                __GI___lll_lock_wake
 .text          0x0001da14       0xc8 /syscall-symphony/glibc-symphony/glibc-build/libc_pic.a(scratch_buffer_set_array_size.os)
                0x0001da14                __libc_scratch_buffer_set_array_size
                0x0001da14                __GI___libc_scratch_buffer_set_array_size
 .text          0x0001dadc       0xe4 /syscall-symphony/glibc-symphony/glibc-build/libc_pic.a(memchr.os)
                0x0001dadc                __GI_memchr
                0x0001dadc                memchr
                0x0001dadc                __memchr
 .text          0x0001dbc0      0x3e0 /syscall-symphony/glibc-symphony/glibc-build/libc_pic.a(memcmp.os)
                0x0001dbc0                bcmp
                0x0001dbc0                __GI___memcmpeq
                0x0001dbc0                __memcmpeq
                0x0001dbc0                __GI_memcmp
                0x0001dbc0                memcmp
 .text          0x0001dfa0      0x310 /syscall-symphony/glibc-symphony/glibc-build/libc_pic.a(memcpy.os)
                0x0001dfa0                memcpy
                0x0001dfa0                __GI_memcpy
 .text          0x0001e2b0      0x320 /syscall-symphony/glibc-symphony/glibc-build/libc_pic.a(memmove.os)
                0x0001e2b0                memmove
                0x0001e2b0                __GI_memmove
 .text          0x0001e5d0       0x7c /syscall-symphony/glibc-symphony/glibc-build/libc_pic.a(memset.os)
                0x0001e5d0                __GI_memset
                0x0001e5d0                memset
 *fill*         0x0001e64c        0x4 
 .text          0x0001e650       0x8c /syscall-symphony/glibc-symphony/glibc-build/libc_pic.a(rawmemchr.os)
                0x0001e650                __GI___rawmemchr
                0x0001e650                __rawmemchr
                0x0001e650                rawmemchr
 *fill*         0x0001e6dc        0x4 
 .text          0x0001e6e0       0xcc /syscall-symphony/glibc-symphony/glibc-build/libc_pic.a(strchr.os)
                0x0001e6e0                __GI_strchr
                0x0001e6e0                index
                0x0001e6e0                strchr
 .text          0x0001e7ac       0x28 /syscall-symphony/glibc-symphony/glibc-build/libc_pic.a(strcmp.os)
                0x0001e7ac                __GI_strcmp
                0x0001e7ac                strcmp
 *fill*         0x0001e7d4        0xc 
 .text          0x0001e7e0      0x264 /syscall-symphony/glibc-symphony/glibc-build/libc_pic.a(strcpy.os)
                0x0001e7e0                stpcpy
                0x0001e7e0                __GI_stpcpy
                0x0001e7e0                __stpcpy
                0x0001e7e0                __GI___stpcpy
                0x0001e7f0                strcpy
                0x0001e7f0                __GI_strcpy
 .text          0x0001ea44      0x144 /syscall-symphony/glibc-symphony/glibc-build/libc_pic.a(strcspn.os)
                0x0001ea44                strcspn
                0x0001ea44                __GI_strcspn
 .text          0x0001eb88       0x44 /syscall-symphony/glibc-symphony/glibc-build/libc_pic.a(strdup.os)
                0x0001eb88                __GI___strdup
                0x0001eb88                __strdup
                0x0001eb88                strdup
 .text          0x0001ebcc        0x4 /syscall-symphony/glibc-symphony/glibc-build/libc_pic.a(strerrorname_np.os)
                0x0001ebcc                strerrorname_np
 .text          0x0001ebd0       0x80 /syscall-symphony/glibc-symphony/glibc-build/libc_pic.a(strlen.os)
                0x0001ebd0                strlen
                0x0001ebd0                __GI_strlen
 .text          0x0001ec50      0x110 /syscall-symphony/glibc-symphony/glibc-build/libc_pic.a(strncmp.os)
                0x0001ec50                __GI_strncmp
                0x0001ec50                strncmp
 .text          0x0001ed60      0x10c /syscall-symphony/glibc-symphony/glibc-build/libc_pic.a(strnlen.os)
                0x0001ed60                __strnlen
                0x0001ed60                strnlen
                0x0001ed60                __GI___strnlen
                0x0001ed60                __GI_strnlen
 .text          0x0001ee6c       0x40 /syscall-symphony/glibc-symphony/glibc-build/libc_pic.a(closedir.os)
                0x0001ee6c                __closedir
                0x0001ee6c                closedir
 .text          0x0001eeac       0x88 /syscall-symphony/glibc-symphony/glibc-build/libc_pic.a(rewinddir.os)
                0x0001eeac                rewinddir
                0x0001eeac                __rewinddir
                0x0001eeac                __GI___rewinddir
 .text          0x0001ef34      0x12c /syscall-symphony/glibc-symphony/glibc-build/libc_pic.a(readdir64.os)
                0x0001ef34                __readdir64
                0x0001ef34                __GI___readdir64
                0x0001ef34                readdir64@@GLIBC_2.4
 .text          0x0001f060       0xc0 /syscall-symphony/glibc-symphony/glibc-build/libc_pic.a(fdopendir.os)
                0x0001f060                fdopendir
                0x0001f060                __fdopendir
 .text          0x0001f120       0x1c /syscall-symphony/glibc-symphony/glibc-build/libc_pic.a(uname.os)
                0x0001f120                uname
                0x0001f120                __GI_uname
                0x0001f120                __uname
                0x0001f120                __GI___uname
 .text          0x0001f13c       0x6c /syscall-symphony/glibc-symphony/glibc-build/libc_pic.a(_exit.os)
                0x0001f13c                _Exit
                0x0001f13c                __GI__exit
                0x0001f13c                _exit
 *fill*         0x0001f1a8        0x8 
 .text          0x0001f1b0       0x14 /syscall-symphony/glibc-symphony/glibc-build/libc_pic.a(getpid.os)
                0x0001f1b0                __getpid
                0x0001f1b0                getpid
                0x0001f1b0                __GI_getpid
                0x0001f1b0                __GI___getpid
 .text          0x0001f1c4        0x0 /syscall-symphony/glibc-symphony/glibc-build/libc_pic.a(environ.os)
 .text          0x0001f1c4       0x5c /syscall-symphony/glibc-symphony/glibc-build/libc_pic.a(stat64.os)
                0x0001f1c4                __stat64_time64
                0x0001f1c4                __GI___stat64_time64
                0x0001f1d8                stat64
                0x0001f1d8                __stat64
                0x0001f1d8                __GI___stat64
 .text          0x0001f220       0xbc /syscall-symphony/glibc-symphony/glibc-build/libc_pic.a(fstat64.os)
                0x0001f220                __GI___fstat64_time64
                0x0001f220                __fstat64_time64
                0x0001f264                __GI___fstat64
                0x0001f264                fstat64
                0x0001f264                __fstat64
 .text          0x0001f2dc       0x5c /syscall-symphony/glibc-symphony/glibc-build/libc_pic.a(lstat64.os)
                0x0001f2dc                __GI___lstat64_time64
                0x0001f2dc                __lstat64_time64
                0x0001f2f0                __lstat64
                0x0001f2f0                lstat64
                0x0001f2f0                __GI___lstat64
 .text          0x0001f338      0x2c8 /syscall-symphony/glibc-symphony/glibc-build/libc_pic.a(fstatat64.os)
                0x0001f338                __fstatat64_time64
                0x0001f338                __GI___fstatat64_time64
                0x0001f5c4                fstatat64
                0x0001f5c4                __fstatat64
                0x0001f5c4                __GI___fstatat64
 .text          0x0001f600       0xf8 /syscall-symphony/glibc-symphony/glibc-build/libc_pic.a(openat64.os)
                0x0001f600                __openat64
                0x0001f600                __GI___openat64
                0x0001f600                __libc_openat64
 .text          0x0001f6f8       0x9c /syscall-symphony/glibc-symphony/glibc-build/libc_pic.a(lseek.os)
                0x0001f6f8                __GI___lseek
                0x0001f6f8                lseek
                0x0001f6f8                __lseek
                0x0001f6f8                __libc_lseek
 .text          0x0001f794       0x38 /syscall-symphony/glibc-symphony/glibc-build/libc_pic.a(access.os)
                0x0001f794                __GI___access
                0x0001f794                access
                0x0001f794                __access
 .text          0x0001f7cc       0x38 /syscall-symphony/glibc-symphony/glibc-build/libc_pic.a(close_nocancel.os)
                0x0001f7cc                __GI___close_nocancel
                0x0001f7cc                __close_nocancel
 .text          0x0001f804      0x164 /syscall-symphony/glibc-symphony/glibc-build/libc_pic.a(fcntl_nocancel.os)
                0x0001f804                __fcntl64_nocancel
                0x0001f804                __GI___fcntl64_nocancel
                0x0001f8bc                __fcntl64_nocancel_adjusted
 .text          0x0001f968       0x94 /syscall-symphony/glibc-symphony/glibc-build/libc_pic.a(open_nocancel.os)
                0x0001f968                __GI___open_nocancel
                0x0001f968                __open_nocancel
 .text          0x0001f9fc       0x98 /syscall-symphony/glibc-symphony/glibc-build/libc_pic.a(open64_nocancel.os)
                0x0001f9fc                __GI___open64_nocancel
                0x0001f9fc                __open64_nocancel
 .text          0x0001fa94       0x38 /syscall-symphony/glibc-symphony/glibc-build/libc_pic.a(read_nocancel.os)
                0x0001fa94                __read_nocancel
                0x0001fa94                __GI___read_nocancel
 .text          0x0001facc       0x40 /syscall-symphony/glibc-symphony/glibc-build/libc_pic.a(pread64_nocancel.os)
                0x0001facc                __GI___pread64_nocancel
                0x0001facc                __pread64_nocancel
 .text          0x0001fb0c       0x38 /syscall-symphony/glibc-symphony/glibc-build/libc_pic.a(write_nocancel.os)
                0x0001fb0c                __GI___write_nocancel
                0x0001fb0c                __write_nocancel
 .text          0x0001fb44       0xf8 /syscall-symphony/glibc-symphony/glibc-build/libc_pic.a(stat_t64_cp.os)
                0x0001fb44                __cp_stat64_t64_stat64
 .text          0x0001fc3c       0x84 /syscall-symphony/glibc-symphony/glibc-build/libc_pic.a(mmap.os)
                0x0001fc3c                __GI___mmap
                0x0001fc3c                __mmap
                0x0001fc3c                mmap
 .text          0x0001fcc0       0x1c /syscall-symphony/glibc-symphony/glibc-build/libc_pic.a(munmap.os)
                0x0001fcc0                munmap
                0x0001fcc0                __GI___munmap
                0x0001fcc0                __GI_munmap
                0x0001fcc0                __munmap
 *fill*         0x0001fcdc        0x4 
 .text          0x0001fce0       0x1c /syscall-symphony/glibc-symphony/glibc-build/libc_pic.a(mprotect.os)
                0x0001fce0                __mprotect
                0x0001fce0                __GI___mprotect
                0x0001fce0                __GI_mprotect
                0x0001fce0                mprotect
 .text          0x0001fcfc       0xb0 /syscall-symphony/glibc-symphony/glibc-build/libc_pic.a(atomic_wide_counter.os)
                0x0001fcfc                __atomic_wide_counter_fetch_add_relaxed
                0x0001fd68                __atomic_wide_counter_load_relaxed
 .text          0x0001fdac      0x1a0 /syscall-symphony/glibc-symphony/glibc-build/libc_pic.a(profil.os)
                0x0001fdac                __profil_counter
                0x0001fdac                profil_counter@GLIBC_2.4
                0x0001fdf8                __profil
                0x0001fdf8                profil
 .text          0x0001ff4c       0x20 /syscall-symphony/glibc-symphony/glibc-build/libc_pic.a(prof-freq.os)
                0x0001ff4c                __GI___profile_frequency
                0x0001ff4c                __profile_frequency
 .text          0x0001ff6c       0x94 /syscall-symphony/glibc-symphony/glibc-build/libc_pic.a(dl-addr-obj.os)
                0x0001ff6c                _dl_addr_inside_object
 .text          0x00020000       0x34 /syscall-symphony/glibc-symphony/glibc-build/libc_pic.a(sysdep.os)
                0x00020000                __syscall_error
 .text          0x00020034       0x40 /syscall-symphony/glibc-symphony/glibc-build/libc_pic.a(sigaction.os)
                0x00020034                sigaction
                0x00020034                __GI___sigaction
                0x00020034                __sigaction
 .text          0x00020074      0x134 /syscall-symphony/glibc-symphony/glibc-build/libc_pic.a(libc_sigaction.os)
                0x00020074                __libc_sigaction
                0x00020074                __GI___libc_sigaction
 *fill*         0x000201a8        0x8 
 .text          0x000201b0       0x28 /syscall-symphony/glibc-symphony/glibc-build/libc_pic.a(sigrestorer.os)
                0x000201c0                __default_sa_restorer
                0x000201d0                __default_rt_sa_restorer
 .text          0x000201d8       0x6c /syscall-symphony/glibc-symphony/glibc-build/libc_pic.a(errlist.os)
                0x000201d8                __get_errlist
                0x000201fc                __get_errname
 .text          0x00020244       0xd8 /syscall-symphony/glibc-symphony/glibc-build/libc_pic.a(strchrnul.os)
                0x00020244                __strchrnul
                0x00020244                strchrnul
 .text          0x0002031c      0x1c4 /syscall-symphony/glibc-symphony/glibc-build/libc_pic.a(setitimer.os)
                0x0002031c                __GI___setitimer64
                0x0002031c                __setitimer64
                0x00020448                setitimer
                0x00020448                __setitimer
 .text          0x000204e0       0x40 /syscall-symphony/glibc-symphony/glibc-build/libc_pic.a(getdents64.os)
                0x000204e0                __GI___getdents64
                0x000204e0                getdents64
                0x000204e0                __getdents64
 .text          0x00020520      0x20c /usr/lib/gcc/arm-linux-gnueabihf/10/libgcc.a(_udivsi3.o)
                0x00020520                __udivsi3
                0x00020520                __aeabi_uidiv
                0x0002070c                __aeabi_uidivmod
 .text          0x0002072c      0x240 /usr/lib/gcc/arm-linux-gnueabihf/10/libgcc.a(_divsi3.o)
                0x0002072c                __aeabi_idiv
                0x0002072c                __divsi3
                0x0002094c                __aeabi_idivmod
 .text          0x0002096c       0x3c /usr/lib/gcc/arm-linux-gnueabihf/10/libgcc.a(_aeabi_uldivmod.o)
                0x0002096c                __aeabi_uldivmod
 .text          0x000209a8       0x10 /usr/lib/gcc/arm-linux-gnueabihf/10/libgcc.a(_dvmd_lnx.o)
                0x000209a8                __aeabi_ldiv0
                0x000209a8                __aeabi_idiv0
 .text          0x000209b8      0x120 /usr/lib/gcc/arm-linux-gnueabihf/10/libgcc.a(_udivmoddi4.o)
                0x000209b8                __udivmoddi4
 .text          0x00020ad8       0x48 /syscall-symphony/glibc-symphony/glibc-build/libc_pic.a(raise.os)
                0x00020ad8                gsignal
                0x00020ad8                __GI_raise
                0x00020ad8                raise
 .text          0x00020b20      0x15c /syscall-symphony/glibc-symphony/glibc-build/libc_pic.a(pthread_kill.os)
                0x00020c58                __pthread_kill_internal
                0x00020c60                __GI___pthread_kill
                0x00020c60                pthread_kill@@GLIBC_2.34
                0x00020c60                __pthread_kill
 .text          0x00020c7c       0x10 /syscall-symphony/glibc-symphony/glibc-build/libc_pic.a(pthread_self.os)
                0x00020c7c                __GI___pthread_self
                0x00020c7c                pthread_self
                0x00020c7c                __pthread_self
 *(.gnu.warning)

.text.compat    0x00000000       0x20
 .text.compat   0x00000000        0x4 /syscall-symphony/glibc-symphony/glibc-build/elf/dl-allobjs.os
                0x00000000                __rtld_version_placeholder_1
                0x00000000                __rtld_version_placeholder@GLIBC_2.34
 .text.compat   0x00000004       0x1c /syscall-symphony/glibc-symphony/glibc-build/libc_pic.a(pthread_kill.os)
                0x00000004                pthread_kill@GLIBC_2.4
                0x00000004                __pthread_kill_esrch

.fini
 *(SORT_NONE(.fini))

.rodata         0x00000000     0x10a8
 *(.rodata)
 .rodata        0x00000000      0xac4 /syscall-symphony/glibc-symphony/glibc-build/elf/dl-allobjs.os
 .rodata        0x00000ac4      0x564 /syscall-symphony/glibc-symphony/glibc-build/libc_pic.a(errlist.os)
 .rodata        0x00001028       0x80 /syscall-symphony/glibc-symphony/glibc-build/libc_pic.a(pthread_kill.os)

.rodata.str1.4  0x00000000     0x51e7
 .rodata.str1.4
                0x00000000     0x44a9 /syscall-symphony/glibc-symphony/glibc-build/elf/dl-allobjs.os
                0x000027a0                _dl_hwcaps_subdirs
                0x000029b4                __GI__itoa_lower_digits
                0x000029b4                _itoa_lower_digits
 *fill*         0x000044a9        0x3 
 .rodata.str1.4
                0x000044ac       0x16 /syscall-symphony/glibc-symphony/glibc-build/libc_pic.a(check_fds.os)
 *fill*         0x000044c2        0x2 
 .rodata.str1.4
                0x000044c4       0x37 /syscall-symphony/glibc-symphony/glibc-build/libc_pic.a(lowlevellock.os)
 *fill*         0x000044fb        0x1 
 .rodata.str1.4
                0x000044fc        0x1 /syscall-symphony/glibc-symphony/glibc-build/libc_pic.a(fstat64.os)
 *fill*         0x000044fd        0x3 
 .rodata.str1.4
                0x00004500      0xce7 /syscall-symphony/glibc-symphony/glibc-build/libc_pic.a(errlist.os)

.rodata.cst4    0x00000000       0x10
 .rodata.cst4   0x00000000        0x8 /syscall-symphony/glibc-symphony/glibc-build/elf/dl-allobjs.os
                0x00000004                __rseq_flags
 .rodata.cst4   0x00000008        0x8 /syscall-symphony/glibc-symphony/glibc-build/libc_pic.a(errlist.os)
                0x00000008                _sys_nerr@GLIBC_2.4
                0x00000008                __GLIBC_2_4_sys_nerr
                0x00000008                sys_nerr@GLIBC_2.4
                0x00000008                __GLIBC_2_4__sys_nerr
                0x0000000c                __GLIBC_2_12_sys_nerr
                0x0000000c                __GLIBC_2_12__sys_nerr
                0x0000000c                sys_nerr@GLIBC_2.12
                0x0000000c                _sys_nerr@GLIBC_2.12

.ARM.extab.text.compat
                0x00000000        0x0
 .ARM.extab.text.compat
                0x00000000        0x0 /syscall-symphony/glibc-symphony/glibc-build/libc_pic.a(pthread_kill.os)

.ARM.exidx.text.compat
                0x00000000       0x10
 .ARM.exidx.text.compat
                0x00000000       0x10 /syscall-symphony/glibc-symphony/glibc-build/libc_pic.a(pthread_kill.os)
                                  0x8 (size before relaxing)

.rodata1
 *(.rodata1)

.ARM.extab      0x00000000       0x24
 *(.ARM.extab)
 .ARM.extab     0x00000000        0xc /syscall-symphony/glibc-symphony/glibc-build/elf/dl-allobjs.os
 .ARM.extab     0x0000000c        0x0 /syscall-symphony/glibc-symphony/glibc-build/libc_pic.a(uname.os)
 .ARM.extab     0x0000000c        0x0 /syscall-symphony/glibc-symphony/glibc-build/libc_pic.a(getpid.os)
 .ARM.extab     0x0000000c        0x0 /syscall-symphony/glibc-symphony/glibc-build/libc_pic.a(munmap.os)
 .ARM.extab     0x0000000c        0x0 /syscall-symphony/glibc-symphony/glibc-build/libc_pic.a(mprotect.os)
 .ARM.extab     0x0000000c       0x18 /syscall-symphony/glibc-symphony/glibc-build/libc_pic.a(sigrestorer.os)
 .ARM.extab     0x00000024        0x0 /usr/lib/gcc/arm-linux-gnueabihf/10/libgcc.a(_udivmoddi4.o)
 .ARM.extab     0x00000024        0x0 /syscall-symphony/glibc-symphony/glibc-build/libc_pic.a(raise.os)
 .ARM.extab     0x00000024        0x0 /syscall-symphony/glibc-symphony/glibc-build/libc_pic.a(pthread_kill.os)

.ARM.exidx      0x00000000       0xd8
 *(.ARM.exidx)
 .ARM.exidx     0x00000000       0x58 /syscall-symphony/glibc-symphony/glibc-build/elf/dl-allobjs.os
 .ARM.exidx     0x00000058       0x10 /syscall-symphony/glibc-symphony/glibc-build/libc_pic.a(uname.os)
                                  0x8 (size before relaxing)
 .ARM.exidx     0x00000068       0x10 /syscall-symphony/glibc-symphony/glibc-build/libc_pic.a(getpid.os)
                                  0x8 (size before relaxing)
 .ARM.exidx     0x00000078        0x8 /syscall-symphony/glibc-symphony/glibc-build/libc_pic.a(munmap.os)
 .ARM.exidx     0x00000080       0x10 /syscall-symphony/glibc-symphony/glibc-build/libc_pic.a(mprotect.os)
                                  0x8 (size before relaxing)
 .ARM.exidx     0x00000090       0x18 /syscall-symphony/glibc-symphony/glibc-build/libc_pic.a(sigrestorer.os)
                                 0x10 (size before relaxing)
 .ARM.exidx     0x000000a8        0x8 /usr/lib/gcc/arm-linux-gnueabihf/10/libgcc.a(_udivmoddi4.o)
 .ARM.exidx     0x000000b0        0x8 /syscall-symphony/glibc-symphony/glibc-build/libc_pic.a(raise.os)
 .ARM.exidx     0x000000b8       0x20 /syscall-symphony/glibc-symphony/glibc-build/libc_pic.a(pthread_kill.os)
                                 0x18 (size before relaxing)

.eh_frame_hdr
 *(.eh_frame_hdr)

.eh_frame
 *(.eh_frame)

.gcc_except_table
 *(.gcc_except_table)

.gnu_extab
 *(.gnu_extab*)

.exception_ranges
 *(.exception_ranges)

.eh_frame
 *(.eh_frame)

.gnu_extab
 *(.gnu_extab)

.gcc_except_table
 *(.gcc_except_table)

.exception_ranges
 *(.exception_ranges)

.tdata
 *(.tdata)

.tbss           0x00000000        0x4
 *(.tbss)
 .tbss          0x00000000        0x4 /syscall-symphony/glibc-symphony/glibc-build/libc_pic.a(errno.os)
                0x00000000                errno
                0x00000000                __libc_errno

.jcr
 *(.jcr)

.dynamic
 *(.dynamic)

.got
 *(.got)

.data           0x00000000      0x938
 *(.data)
 .data          0x00000000        0x0 /syscall-symphony/glibc-symphony/glibc-build/elf/librtld.mapT.o
 .data          0x00000000      0x938 /syscall-symphony/glibc-symphony/glibc-build/elf/dl-allobjs.os
                0x00000010                _rtld_global
                0x00000010                _rtld_local
 .data          0x00000938        0x0 /syscall-symphony/glibc-symphony/glibc-build/libc_pic.a(check_fds.os)
 .data          0x00000938        0x0 /syscall-symphony/glibc-symphony/glibc-build/libc_pic.a(errno.os)
 .data          0x00000938        0x0 /syscall-symphony/glibc-symphony/glibc-build/libc_pic.a(setjmp.os)
 .data          0x00000938        0x0 /syscall-symphony/glibc-symphony/glibc-build/libc_pic.a(__longjmp.os)
 .data          0x00000938        0x0 /syscall-symphony/glibc-symphony/glibc-build/libc_pic.a(lowlevellock.os)
 .data          0x00000938        0x0 /syscall-symphony/glibc-symphony/glibc-build/libc_pic.a(scratch_buffer_set_array_size.os)
 .data          0x00000938        0x0 /syscall-symphony/glibc-symphony/glibc-build/libc_pic.a(memchr.os)
 .data          0x00000938        0x0 /syscall-symphony/glibc-symphony/glibc-build/libc_pic.a(memcmp.os)
 .data          0x00000938        0x0 /syscall-symphony/glibc-symphony/glibc-build/libc_pic.a(memcpy.os)
 .data          0x00000938        0x0 /syscall-symphony/glibc-symphony/glibc-build/libc_pic.a(memmove.os)
 .data          0x00000938        0x0 /syscall-symphony/glibc-symphony/glibc-build/libc_pic.a(memset.os)
 .data          0x00000938        0x0 /syscall-symphony/glibc-symphony/glibc-build/libc_pic.a(rawmemchr.os)
 .data          0x00000938        0x0 /syscall-symphony/glibc-symphony/glibc-build/libc_pic.a(strchr.os)
 .data          0x00000938        0x0 /syscall-symphony/glibc-symphony/glibc-build/libc_pic.a(strcmp.os)
 .data          0x00000938        0x0 /syscall-symphony/glibc-symphony/glibc-build/libc_pic.a(strcpy.os)
 .data          0x00000938        0x0 /syscall-symphony/glibc-symphony/glibc-build/libc_pic.a(strcspn.os)
 .data          0x00000938        0x0 /syscall-symphony/glibc-symphony/glibc-build/libc_pic.a(strdup.os)
 .data          0x00000938        0x0 /syscall-symphony/glibc-symphony/glibc-build/libc_pic.a(strerrorname_np.os)
 .data          0x00000938        0x0 /syscall-symphony/glibc-symphony/glibc-build/libc_pic.a(strlen.os)
 .data          0x00000938        0x0 /syscall-symphony/glibc-symphony/glibc-build/libc_pic.a(strncmp.os)
 .data          0x00000938        0x0 /syscall-symphony/glibc-symphony/glibc-build/libc_pic.a(strnlen.os)
 .data          0x00000938        0x0 /syscall-symphony/glibc-symphony/glibc-build/libc_pic.a(closedir.os)
 .data          0x00000938        0x0 /syscall-symphony/glibc-symphony/glibc-build/libc_pic.a(rewinddir.os)
 .data          0x00000938        0x0 /syscall-symphony/glibc-symphony/glibc-build/libc_pic.a(readdir64.os)
 .data          0x00000938        0x0 /syscall-symphony/glibc-symphony/glibc-build/libc_pic.a(fdopendir.os)
 .data          0x00000938        0x0 /syscall-symphony/glibc-symphony/glibc-build/libc_pic.a(uname.os)
 .data          0x00000938        0x0 /syscall-symphony/glibc-symphony/glibc-build/libc_pic.a(_exit.os)
 .data          0x00000938        0x0 /syscall-symphony/glibc-symphony/glibc-build/libc_pic.a(getpid.os)
 .data          0x00000938        0x0 /syscall-symphony/glibc-symphony/glibc-build/libc_pic.a(environ.os)
 .data          0x00000938        0x0 /syscall-symphony/glibc-symphony/glibc-build/libc_pic.a(stat64.os)
 .data          0x00000938        0x0 /syscall-symphony/glibc-symphony/glibc-build/libc_pic.a(fstat64.os)
 .data          0x00000938        0x0 /syscall-symphony/glibc-symphony/glibc-build/libc_pic.a(lstat64.os)
 .data          0x00000938        0x0 /syscall-symphony/glibc-symphony/glibc-build/libc_pic.a(fstatat64.os)
 .data          0x00000938        0x0 /syscall-symphony/glibc-symphony/glibc-build/libc_pic.a(openat64.os)
 .data          0x00000938        0x0 /syscall-symphony/glibc-symphony/glibc-build/libc_pic.a(lseek.os)
 .data          0x00000938        0x0 /syscall-symphony/glibc-symphony/glibc-build/libc_pic.a(access.os)
 .data          0x00000938        0x0 /syscall-symphony/glibc-symphony/glibc-build/libc_pic.a(close_nocancel.os)
 .data          0x00000938        0x0 /syscall-symphony/glibc-symphony/glibc-build/libc_pic.a(fcntl_nocancel.os)
 .data          0x00000938        0x0 /syscall-symphony/glibc-symphony/glibc-build/libc_pic.a(open_nocancel.os)
 .data          0x00000938        0x0 /syscall-symphony/glibc-symphony/glibc-build/libc_pic.a(open64_nocancel.os)
 .data          0x00000938        0x0 /syscall-symphony/glibc-symphony/glibc-build/libc_pic.a(read_nocancel.os)
 .data          0x00000938        0x0 /syscall-symphony/glibc-symphony/glibc-build/libc_pic.a(pread64_nocancel.os)
 .data          0x00000938        0x0 /syscall-symphony/glibc-symphony/glibc-build/libc_pic.a(write_nocancel.os)
 .data          0x00000938        0x0 /syscall-symphony/glibc-symphony/glibc-build/libc_pic.a(stat_t64_cp.os)
 .data          0x00000938        0x0 /syscall-symphony/glibc-symphony/glibc-build/libc_pic.a(mmap.os)
 .data          0x00000938        0x0 /syscall-symphony/glibc-symphony/glibc-build/libc_pic.a(munmap.os)
 .data          0x00000938        0x0 /syscall-symphony/glibc-symphony/glibc-build/libc_pic.a(mprotect.os)
 .data          0x00000938        0x0 /syscall-symphony/glibc-symphony/glibc-build/libc_pic.a(atomic_wide_counter.os)
 .data          0x00000938        0x0 /syscall-symphony/glibc-symphony/glibc-build/libc_pic.a(profil.os)
 .data          0x00000938        0x0 /syscall-symphony/glibc-symphony/glibc-build/libc_pic.a(prof-freq.os)
 .data          0x00000938        0x0 /syscall-symphony/glibc-symphony/glibc-build/libc_pic.a(dl-addr-obj.os)
 .data          0x00000938        0x0 /syscall-symphony/glibc-symphony/glibc-build/libc_pic.a(sysdep.os)
 .data          0x00000938        0x0 /syscall-symphony/glibc-symphony/glibc-build/libc_pic.a(sigaction.os)
 .data          0x00000938        0x0 /syscall-symphony/glibc-symphony/glibc-build/libc_pic.a(libc_sigaction.os)
 .data          0x00000938        0x0 /syscall-symphony/glibc-symphony/glibc-build/libc_pic.a(sigrestorer.os)
 .data          0x00000938        0x0 /syscall-symphony/glibc-symphony/glibc-build/libc_pic.a(errlist.os)
 .data          0x00000938        0x0 /syscall-symphony/glibc-symphony/glibc-build/libc_pic.a(strchrnul.os)
 .data          0x00000938        0x0 /syscall-symphony/glibc-symphony/glibc-build/libc_pic.a(setitimer.os)
 .data          0x00000938        0x0 /syscall-symphony/glibc-symphony/glibc-build/libc_pic.a(getdents64.os)
 .data          0x00000938        0x0 /usr/lib/gcc/arm-linux-gnueabihf/10/libgcc.a(_udivsi3.o)
 .data          0x00000938        0x0 /usr/lib/gcc/arm-linux-gnueabihf/10/libgcc.a(_divsi3.o)
 .data          0x00000938        0x0 /usr/lib/gcc/arm-linux-gnueabihf/10/libgcc.a(_aeabi_uldivmod.o)
 .data          0x00000938        0x0 /usr/lib/gcc/arm-linux-gnueabihf/10/libgcc.a(_dvmd_lnx.o)
 .data          0x00000938        0x0 /usr/lib/gcc/arm-linux-gnueabihf/10/libgcc.a(_udivmoddi4.o)
 .data          0x00000938        0x0 /syscall-symphony/glibc-symphony/glibc-build/libc_pic.a(raise.os)
 .data          0x00000938        0x0 /syscall-symphony/glibc-symphony/glibc-build/libc_pic.a(pthread_kill.os)
 .data          0x00000938        0x0 /syscall-symphony/glibc-symphony/glibc-build/libc_pic.a(pthread_self.os)

.data.rel.ro    0x00000000      0xe30
 .data.rel.ro   0x00000000      0xe30 /syscall-symphony/glibc-symphony/glibc-build/elf/dl-allobjs.os
                0x0000002c                __rtld_env_path_list
                0x00000034                __rtld_search_dirs
                0x0000003c                __stack_prot
                0x00000040                __rseq_offset
                0x00000044                __rseq_size
                0x00000c18                __rtld_calloc
                0x00000c1c                __rtld_free
                0x00000c20                __rtld_malloc
                0x00000c24                __rtld_realloc
                0x00000c28                ___rtld_mutex_lock
                0x00000c2c                ___rtld_mutex_unlock
                0x00000c30                __libc_stack_end
                0x00000c30                __GI___libc_stack_end
                0x00000c34                __GI___libc_enable_secure
                0x00000c34                __libc_enable_secure
                0x00000c38                _dl_random
                0x00000c40                _dl_argc
                0x00000c44                __pointer_chk_guard
                0x00000c44                __pointer_chk_guard_local
                0x00000c48                __stack_chk_guard
                0x00000c50                _rtld_global_ro
                0x00000c50                _rtld_local_ro

.data.rel.ro.local
                0x00000000      0x218
 .data.rel.ro.local
                0x00000000      0x218 /syscall-symphony/glibc-symphony/glibc-build/libc_pic.a(errlist.os)
                0x00000000                sys_errlist@GLIBC_2.12
                0x00000000                __GLIBC_2_4__sys_errlist
                0x00000000                __GLIBC_2_4_sys_errlist
                0x00000000                _sys_errlist@GLIBC_2.4
                0x00000000                sys_errlist@GLIBC_2.4
                0x00000000                __GLIBC_2_12_sys_errlist
                0x00000000                __GLIBC_2_12__sys_errlist
                0x00000000                _sys_errlist@GLIBC_2.12
                0x00000000                _sys_errlist_internal

.data1
 *(.data1)

.bss            0x00000000      0x190
 *(.bss)
 .bss           0x00000000        0x0 /syscall-symphony/glibc-symphony/glibc-build/elf/librtld.mapT.o
 .bss           0x00000000       0xe0 /syscall-symphony/glibc-symphony/glibc-build/elf/dl-allobjs.os
                0x00000004                _r_debug_extended
                0x00000004                _r_debug
                0x00000074                __nptl_initial_report_events
                0x00000074                __GI___nptl_initial_report_events
                0x00000075                __GI___nptl_set_robust_list_avail
                0x00000075                __nptl_set_robust_list_avail
                0x0000009c                _dl_hwcaps_priorities
                0x000000a0                _dl_hwcaps_priorities_length
                0x000000a4                __GI__dl_argv
                0x000000a4                _dl_argv
                0x000000b4                _dl_skip_args
                0x000000dc                __curbrk
 .bss           0x000000e0        0x0 /syscall-symphony/glibc-symphony/glibc-build/libc_pic.a(check_fds.os)
 .bss           0x000000e0        0x0 /syscall-symphony/glibc-symphony/glibc-build/libc_pic.a(errno.os)
 .bss           0x000000e0        0x0 /syscall-symphony/glibc-symphony/glibc-build/libc_pic.a(setjmp.os)
 .bss           0x000000e0        0x0 /syscall-symphony/glibc-symphony/glibc-build/libc_pic.a(__longjmp.os)
 .bss           0x000000e0        0x0 /syscall-symphony/glibc-symphony/glibc-build/libc_pic.a(lowlevellock.os)
 .bss           0x000000e0        0x0 /syscall-symphony/glibc-symphony/glibc-build/libc_pic.a(scratch_buffer_set_array_size.os)
 .bss           0x000000e0        0x0 /syscall-symphony/glibc-symphony/glibc-build/libc_pic.a(memchr.os)
 .bss           0x000000e0        0x0 /syscall-symphony/glibc-symphony/glibc-build/libc_pic.a(memcmp.os)
 .bss           0x000000e0        0x0 /syscall-symphony/glibc-symphony/glibc-build/libc_pic.a(memcpy.os)
 .bss           0x000000e0        0x0 /syscall-symphony/glibc-symphony/glibc-build/libc_pic.a(memmove.os)
 .bss           0x000000e0        0x0 /syscall-symphony/glibc-symphony/glibc-build/libc_pic.a(memset.os)
 .bss           0x000000e0        0x0 /syscall-symphony/glibc-symphony/glibc-build/libc_pic.a(rawmemchr.os)
 .bss           0x000000e0        0x0 /syscall-symphony/glibc-symphony/glibc-build/libc_pic.a(strchr.os)
 .bss           0x000000e0        0x0 /syscall-symphony/glibc-symphony/glibc-build/libc_pic.a(strcmp.os)
 .bss           0x000000e0        0x0 /syscall-symphony/glibc-symphony/glibc-build/libc_pic.a(strcpy.os)
 .bss           0x000000e0        0x0 /syscall-symphony/glibc-symphony/glibc-build/libc_pic.a(strcspn.os)
 .bss           0x000000e0        0x0 /syscall-symphony/glibc-symphony/glibc-build/libc_pic.a(strdup.os)
 .bss           0x000000e0        0x0 /syscall-symphony/glibc-symphony/glibc-build/libc_pic.a(strerrorname_np.os)
 .bss           0x000000e0        0x0 /syscall-symphony/glibc-symphony/glibc-build/libc_pic.a(strlen.os)
 .bss           0x000000e0        0x0 /syscall-symphony/glibc-symphony/glibc-build/libc_pic.a(strncmp.os)
 .bss           0x000000e0        0x0 /syscall-symphony/glibc-symphony/glibc-build/libc_pic.a(strnlen.os)
 .bss           0x000000e0        0x0 /syscall-symphony/glibc-symphony/glibc-build/libc_pic.a(closedir.os)
 .bss           0x000000e0        0x0 /syscall-symphony/glibc-symphony/glibc-build/libc_pic.a(rewinddir.os)
 .bss           0x000000e0        0x0 /syscall-symphony/glibc-symphony/glibc-build/libc_pic.a(readdir64.os)
 .bss           0x000000e0        0x0 /syscall-symphony/glibc-symphony/glibc-build/libc_pic.a(fdopendir.os)
 .bss           0x000000e0        0x0 /syscall-symphony/glibc-symphony/glibc-build/libc_pic.a(uname.os)
 .bss           0x000000e0        0x0 /syscall-symphony/glibc-symphony/glibc-build/libc_pic.a(_exit.os)
 .bss           0x000000e0        0x0 /syscall-symphony/glibc-symphony/glibc-build/libc_pic.a(getpid.os)
 .bss           0x000000e0        0x4 /syscall-symphony/glibc-symphony/glibc-build/libc_pic.a(environ.os)
                0x000000e0                _environ
                0x000000e0                __environ
                0x000000e0                environ
 .bss           0x000000e4        0x0 /syscall-symphony/glibc-symphony/glibc-build/libc_pic.a(stat64.os)
 .bss           0x000000e4        0x0 /syscall-symphony/glibc-symphony/glibc-build/libc_pic.a(fstat64.os)
 .bss           0x000000e4        0x0 /syscall-symphony/glibc-symphony/glibc-build/libc_pic.a(lstat64.os)
 .bss           0x000000e4        0x0 /syscall-symphony/glibc-symphony/glibc-build/libc_pic.a(fstatat64.os)
 .bss           0x000000e4        0x0 /syscall-symphony/glibc-symphony/glibc-build/libc_pic.a(openat64.os)
 .bss           0x000000e4        0x0 /syscall-symphony/glibc-symphony/glibc-build/libc_pic.a(lseek.os)
 .bss           0x000000e4        0x0 /syscall-symphony/glibc-symphony/glibc-build/libc_pic.a(access.os)
 .bss           0x000000e4        0x0 /syscall-symphony/glibc-symphony/glibc-build/libc_pic.a(close_nocancel.os)
 .bss           0x000000e4        0x0 /syscall-symphony/glibc-symphony/glibc-build/libc_pic.a(fcntl_nocancel.os)
 .bss           0x000000e4        0x0 /syscall-symphony/glibc-symphony/glibc-build/libc_pic.a(open_nocancel.os)
 .bss           0x000000e4        0x0 /syscall-symphony/glibc-symphony/glibc-build/libc_pic.a(open64_nocancel.os)
 .bss           0x000000e4        0x0 /syscall-symphony/glibc-symphony/glibc-build/libc_pic.a(read_nocancel.os)
 .bss           0x000000e4        0x0 /syscall-symphony/glibc-symphony/glibc-build/libc_pic.a(pread64_nocancel.os)
 .bss           0x000000e4        0x0 /syscall-symphony/glibc-symphony/glibc-build/libc_pic.a(write_nocancel.os)
 .bss           0x000000e4        0x0 /syscall-symphony/glibc-symphony/glibc-build/libc_pic.a(stat_t64_cp.os)
 .bss           0x000000e4        0x0 /syscall-symphony/glibc-symphony/glibc-build/libc_pic.a(mmap.os)
 .bss           0x000000e4        0x0 /syscall-symphony/glibc-symphony/glibc-build/libc_pic.a(munmap.os)
 .bss           0x000000e4        0x0 /syscall-symphony/glibc-symphony/glibc-build/libc_pic.a(mprotect.os)
 .bss           0x000000e4        0x0 /syscall-symphony/glibc-symphony/glibc-build/libc_pic.a(atomic_wide_counter.os)
 .bss           0x000000e4       0xac /syscall-symphony/glibc-symphony/glibc-build/libc_pic.a(profil.os)
 .bss           0x00000190        0x0 /syscall-symphony/glibc-symphony/glibc-build/libc_pic.a(prof-freq.os)
 .bss           0x00000190        0x0 /syscall-symphony/glibc-symphony/glibc-build/libc_pic.a(dl-addr-obj.os)
 .bss           0x00000190        0x0 /syscall-symphony/glibc-symphony/glibc-build/libc_pic.a(sysdep.os)
 .bss           0x00000190        0x0 /syscall-symphony/glibc-symphony/glibc-build/libc_pic.a(sigaction.os)
 .bss           0x00000190        0x0 /syscall-symphony/glibc-symphony/glibc-build/libc_pic.a(libc_sigaction.os)
 .bss           0x00000190        0x0 /syscall-symphony/glibc-symphony/glibc-build/libc_pic.a(sigrestorer.os)
 .bss           0x00000190        0x0 /syscall-symphony/glibc-symphony/glibc-build/libc_pic.a(errlist.os)
 .bss           0x00000190        0x0 /syscall-symphony/glibc-symphony/glibc-build/libc_pic.a(strchrnul.os)
 .bss           0x00000190        0x0 /syscall-symphony/glibc-symphony/glibc-build/libc_pic.a(setitimer.os)
 .bss           0x00000190        0x0 /syscall-symphony/glibc-symphony/glibc-build/libc_pic.a(getdents64.os)
 .bss           0x00000190        0x0 /usr/lib/gcc/arm-linux-gnueabihf/10/libgcc.a(_udivsi3.o)
 .bss           0x00000190        0x0 /usr/lib/gcc/arm-linux-gnueabihf/10/libgcc.a(_divsi3.o)
 .bss           0x00000190        0x0 /usr/lib/gcc/arm-linux-gnueabihf/10/libgcc.a(_aeabi_uldivmod.o)
 .bss           0x00000190        0x0 /usr/lib/gcc/arm-linux-gnueabihf/10/libgcc.a(_dvmd_lnx.o)
 .bss           0x00000190        0x0 /usr/lib/gcc/arm-linux-gnueabihf/10/libgcc.a(_udivmoddi4.o)
 .bss           0x00000190        0x0 /syscall-symphony/glibc-symphony/glibc-build/libc_pic.a(raise.os)
 .bss           0x00000190        0x0 /syscall-symphony/glibc-symphony/glibc-build/libc_pic.a(pthread_kill.os)
 .bss           0x00000190        0x0 /syscall-symphony/glibc-symphony/glibc-build/libc_pic.a(pthread_self.os)

.stab
 *(.stab)

.stabstr
 *(.stabstr)

.stab.excl
 *(.stab.excl)

.stab.exclstr
 *(.stab.exclstr)

.stab.index
 *(.stab.index)

.stab.indexstr
 *(.stab.indexstr)

.comment        0x00000000     0x128b
 *(.comment)
 .comment       0x00000000      0x9ea /syscall-symphony/glibc-symphony/glibc-build/elf/dl-allobjs.os
 .comment       0x000009ea       0x2f /syscall-symphony/glibc-symphony/glibc-build/libc_pic.a(check_fds.os)
 .comment       0x00000a19       0x2f /syscall-symphony/glibc-symphony/glibc-build/libc_pic.a(errno.os)
 .comment       0x00000a48       0x2f /syscall-symphony/glibc-symphony/glibc-build/libc_pic.a(lowlevellock.os)
 .comment       0x00000a77       0x2f /syscall-symphony/glibc-symphony/glibc-build/libc_pic.a(scratch_buffer_set_array_size.os)
 .comment       0x00000aa6       0x2f /syscall-symphony/glibc-symphony/glibc-build/libc_pic.a(memchr.os)
 .comment       0x00000ad5       0x2f /syscall-symphony/glibc-symphony/glibc-build/libc_pic.a(memcmp.os)
 .comment       0x00000b04       0x2f /syscall-symphony/glibc-symphony/glibc-build/libc_pic.a(strcmp.os)
 .comment       0x00000b33       0x2f /syscall-symphony/glibc-symphony/glibc-build/libc_pic.a(strcspn.os)
 .comment       0x00000b62       0x2f /syscall-symphony/glibc-symphony/glibc-build/libc_pic.a(strdup.os)
 .comment       0x00000b91       0x2f /syscall-symphony/glibc-symphony/glibc-build/libc_pic.a(strerrorname_np.os)
 .comment       0x00000bc0       0x2f /syscall-symphony/glibc-symphony/glibc-build/libc_pic.a(strncmp.os)
 .comment       0x00000bef       0x2f /syscall-symphony/glibc-symphony/glibc-build/libc_pic.a(strnlen.os)
 .comment       0x00000c1e       0x2f /syscall-symphony/glibc-symphony/glibc-build/libc_pic.a(closedir.os)
 .comment       0x00000c4d       0x2f /syscall-symphony/glibc-symphony/glibc-build/libc_pic.a(rewinddir.os)
 .comment       0x00000c7c       0x2f /syscall-symphony/glibc-symphony/glibc-build/libc_pic.a(readdir64.os)
 .comment       0x00000cab       0x2f /syscall-symphony/glibc-symphony/glibc-build/libc_pic.a(fdopendir.os)
 .comment       0x00000cda       0x2f /syscall-symphony/glibc-symphony/glibc-build/libc_pic.a(_exit.os)
 .comment       0x00000d09       0x2f /syscall-symphony/glibc-symphony/glibc-build/libc_pic.a(environ.os)
 .comment       0x00000d38       0x2f /syscall-symphony/glibc-symphony/glibc-build/libc_pic.a(stat64.os)
 .comment       0x00000d67       0x2f /syscall-symphony/glibc-symphony/glibc-build/libc_pic.a(fstat64.os)
 .comment       0x00000d96       0x2f /syscall-symphony/glibc-symphony/glibc-build/libc_pic.a(lstat64.os)
 .comment       0x00000dc5       0x2f /syscall-symphony/glibc-symphony/glibc-build/libc_pic.a(fstatat64.os)
 .comment       0x00000df4       0x2f /syscall-symphony/glibc-symphony/glibc-build/libc_pic.a(openat64.os)
 .comment       0x00000e23       0x2f /syscall-symphony/glibc-symphony/glibc-build/libc_pic.a(lseek.os)
 .comment       0x00000e52       0x2f /syscall-symphony/glibc-symphony/glibc-build/libc_pic.a(access.os)
 .comment       0x00000e81       0x2f /syscall-symphony/glibc-symphony/glibc-build/libc_pic.a(close_nocancel.os)
 .comment       0x00000eb0       0x2f /syscall-symphony/glibc-symphony/glibc-build/libc_pic.a(fcntl_nocancel.os)
 .comment       0x00000edf       0x2f /syscall-symphony/glibc-symphony/glibc-build/libc_pic.a(open_nocancel.os)
 .comment       0x00000f0e       0x2f /syscall-symphony/glibc-symphony/glibc-build/libc_pic.a(open64_nocancel.os)
 .comment       0x00000f3d       0x2f /syscall-symphony/glibc-symphony/glibc-build/libc_pic.a(read_nocancel.os)
 .comment       0x00000f6c       0x2f /syscall-symphony/glibc-symphony/glibc-build/libc_pic.a(pread64_nocancel.os)
 .comment       0x00000f9b       0x2f /syscall-symphony/glibc-symphony/glibc-build/libc_pic.a(write_nocancel.os)
 .comment       0x00000fca       0x2f /syscall-symphony/glibc-symphony/glibc-build/libc_pic.a(stat_t64_cp.os)
 .comment       0x00000ff9       0x2f /syscall-symphony/glibc-symphony/glibc-build/libc_pic.a(mmap.os)
 .comment       0x00001028       0x2f /syscall-symphony/glibc-symphony/glibc-build/libc_pic.a(atomic_wide_counter.os)
 .comment       0x00001057       0x2f /syscall-symphony/glibc-symphony/glibc-build/libc_pic.a(profil.os)
 .comment       0x00001086       0x2f /syscall-symphony/glibc-symphony/glibc-build/libc_pic.a(prof-freq.os)
 .comment       0x000010b5       0x2f /syscall-symphony/glibc-symphony/glibc-build/libc_pic.a(dl-addr-obj.os)
 .comment       0x000010e4       0x2f /syscall-symphony/glibc-symphony/glibc-build/libc_pic.a(sigaction.os)
 .comment       0x00001113       0x2f /syscall-symphony/glibc-symphony/glibc-build/libc_pic.a(libc_sigaction.os)
 .comment       0x00001142       0x2f /syscall-symphony/glibc-symphony/glibc-build/libc_pic.a(errlist.os)
 .comment       0x00001171       0x2f /syscall-symphony/glibc-symphony/glibc-build/libc_pic.a(strchrnul.os)
 .comment       0x000011a0       0x2f /syscall-symphony/glibc-symphony/glibc-build/libc_pic.a(setitimer.os)
 .comment       0x000011cf       0x2f /syscall-symphony/glibc-symphony/glibc-build/libc_pic.a(getdents64.os)
 .comment       0x000011fe       0x2f /syscall-symphony/glibc-symphony/glibc-build/libc_pic.a(raise.os)
 .comment       0x0000122d       0x2f /syscall-symphony/glibc-symphony/glibc-build/libc_pic.a(pthread_kill.os)
 .comment       0x0000125c       0x2f /syscall-symphony/glibc-symphony/glibc-build/libc_pic.a(pthread_self.os)

.note.GNU-stack
                0x00000000        0x0
 .note.GNU-stack
                0x00000000        0x0 /syscall-symphony/glibc-symphony/glibc-build/elf/librtld.mapT.o
 .note.GNU-stack
                0x00000000        0x0 /syscall-symphony/glibc-symphony/glibc-build/elf/dl-allobjs.os
 .note.GNU-stack
                0x00000000        0x0 /syscall-symphony/glibc-symphony/glibc-build/libc_pic.a(check_fds.os)
 .note.GNU-stack
                0x00000000        0x0 /syscall-symphony/glibc-symphony/glibc-build/libc_pic.a(errno.os)
 .note.GNU-stack
                0x00000000        0x0 /syscall-symphony/glibc-symphony/glibc-build/libc_pic.a(setjmp.os)
 .note.GNU-stack
                0x00000000        0x0 /syscall-symphony/glibc-symphony/glibc-build/libc_pic.a(__longjmp.os)
 .note.GNU-stack
                0x00000000        0x0 /syscall-symphony/glibc-symphony/glibc-build/libc_pic.a(lowlevellock.os)
 .note.GNU-stack
                0x00000000        0x0 /syscall-symphony/glibc-symphony/glibc-build/libc_pic.a(scratch_buffer_set_array_size.os)
 .note.GNU-stack
                0x00000000        0x0 /syscall-symphony/glibc-symphony/glibc-build/libc_pic.a(memchr.os)
 .note.GNU-stack
                0x00000000        0x0 /syscall-symphony/glibc-symphony/glibc-build/libc_pic.a(memcmp.os)
 .note.GNU-stack
                0x00000000        0x0 /syscall-symphony/glibc-symphony/glibc-build/libc_pic.a(memcpy.os)
 .note.GNU-stack
                0x00000000        0x0 /syscall-symphony/glibc-symphony/glibc-build/libc_pic.a(memmove.os)
 .note.GNU-stack
                0x00000000        0x0 /syscall-symphony/glibc-symphony/glibc-build/libc_pic.a(memset.os)
 .note.GNU-stack
                0x00000000        0x0 /syscall-symphony/glibc-symphony/glibc-build/libc_pic.a(rawmemchr.os)
 .note.GNU-stack
                0x00000000        0x0 /syscall-symphony/glibc-symphony/glibc-build/libc_pic.a(strchr.os)
 .note.GNU-stack
                0x00000000        0x0 /syscall-symphony/glibc-symphony/glibc-build/libc_pic.a(strcmp.os)
 .note.GNU-stack
                0x00000000        0x0 /syscall-symphony/glibc-symphony/glibc-build/libc_pic.a(strcpy.os)
 .note.GNU-stack
                0x00000000        0x0 /syscall-symphony/glibc-symphony/glibc-build/libc_pic.a(strcspn.os)
 .note.GNU-stack
                0x00000000        0x0 /syscall-symphony/glibc-symphony/glibc-build/libc_pic.a(strdup.os)
 .note.GNU-stack
                0x00000000        0x0 /syscall-symphony/glibc-symphony/glibc-build/libc_pic.a(strerrorname_np.os)
 .note.GNU-stack
                0x00000000        0x0 /syscall-symphony/glibc-symphony/glibc-build/libc_pic.a(strlen.os)
 .note.GNU-stack
                0x00000000        0x0 /syscall-symphony/glibc-symphony/glibc-build/libc_pic.a(strncmp.os)
 .note.GNU-stack
                0x00000000        0x0 /syscall-symphony/glibc-symphony/glibc-build/libc_pic.a(strnlen.os)
 .note.GNU-stack
                0x00000000        0x0 /syscall-symphony/glibc-symphony/glibc-build/libc_pic.a(closedir.os)
 .note.GNU-stack
                0x00000000        0x0 /syscall-symphony/glibc-symphony/glibc-build/libc_pic.a(rewinddir.os)
 .note.GNU-stack
                0x00000000        0x0 /syscall-symphony/glibc-symphony/glibc-build/libc_pic.a(readdir64.os)
 .note.GNU-stack
                0x00000000        0x0 /syscall-symphony/glibc-symphony/glibc-build/libc_pic.a(fdopendir.os)
 .note.GNU-stack
                0x00000000        0x0 /syscall-symphony/glibc-symphony/glibc-build/libc_pic.a(uname.os)
 .note.GNU-stack
                0x00000000        0x0 /syscall-symphony/glibc-symphony/glibc-build/libc_pic.a(_exit.os)
 .note.GNU-stack
                0x00000000        0x0 /syscall-symphony/glibc-symphony/glibc-build/libc_pic.a(getpid.os)
 .note.GNU-stack
                0x00000000        0x0 /syscall-symphony/glibc-symphony/glibc-build/libc_pic.a(environ.os)
 .note.GNU-stack
                0x00000000        0x0 /syscall-symphony/glibc-symphony/glibc-build/libc_pic.a(stat64.os)
 .note.GNU-stack
                0x00000000        0x0 /syscall-symphony/glibc-symphony/glibc-build/libc_pic.a(fstat64.os)
 .note.GNU-stack
                0x00000000        0x0 /syscall-symphony/glibc-symphony/glibc-build/libc_pic.a(lstat64.os)
 .note.GNU-stack
                0x00000000        0x0 /syscall-symphony/glibc-symphony/glibc-build/libc_pic.a(fstatat64.os)
 .note.GNU-stack
                0x00000000        0x0 /syscall-symphony/glibc-symphony/glibc-build/libc_pic.a(openat64.os)
 .note.GNU-stack
                0x00000000        0x0 /syscall-symphony/glibc-symphony/glibc-build/libc_pic.a(lseek.os)
 .note.GNU-stack
                0x00000000        0x0 /syscall-symphony/glibc-symphony/glibc-build/libc_pic.a(access.os)
 .note.GNU-stack
                0x00000000        0x0 /syscall-symphony/glibc-symphony/glibc-build/libc_pic.a(close_nocancel.os)
 .note.GNU-stack
                0x00000000        0x0 /syscall-symphony/glibc-symphony/glibc-build/libc_pic.a(fcntl_nocancel.os)
 .note.GNU-stack
                0x00000000        0x0 /syscall-symphony/glibc-symphony/glibc-build/libc_pic.a(open_nocancel.os)
 .note.GNU-stack
                0x00000000        0x0 /syscall-symphony/glibc-symphony/glibc-build/libc_pic.a(open64_nocancel.os)
 .note.GNU-stack
                0x00000000        0x0 /syscall-symphony/glibc-symphony/glibc-build/libc_pic.a(read_nocancel.os)
 .note.GNU-stack
                0x00000000        0x0 /syscall-symphony/glibc-symphony/glibc-build/libc_pic.a(pread64_nocancel.os)
 .note.GNU-stack
                0x00000000        0x0 /syscall-symphony/glibc-symphony/glibc-build/libc_pic.a(write_nocancel.os)
 .note.GNU-stack
                0x00000000        0x0 /syscall-symphony/glibc-symphony/glibc-build/libc_pic.a(stat_t64_cp.os)
 .note.GNU-stack
                0x00000000        0x0 /syscall-symphony/glibc-symphony/glibc-build/libc_pic.a(mmap.os)
 .note.GNU-stack
                0x00000000        0x0 /syscall-symphony/glibc-symphony/glibc-build/libc_pic.a(munmap.os)
 .note.GNU-stack
                0x00000000        0x0 /syscall-symphony/glibc-symphony/glibc-build/libc_pic.a(mprotect.os)
 .note.GNU-stack
                0x00000000        0x0 /syscall-symphony/glibc-symphony/glibc-build/libc_pic.a(atomic_wide_counter.os)
 .note.GNU-stack
                0x00000000        0x0 /syscall-symphony/glibc-symphony/glibc-build/libc_pic.a(profil.os)
 .note.GNU-stack
                0x00000000        0x0 /syscall-symphony/glibc-symphony/glibc-build/libc_pic.a(prof-freq.os)
 .note.GNU-stack
                0x00000000        0x0 /syscall-symphony/glibc-symphony/glibc-build/libc_pic.a(dl-addr-obj.os)
 .note.GNU-stack
                0x00000000        0x0 /syscall-symphony/glibc-symphony/glibc-build/libc_pic.a(sysdep.os)
 .note.GNU-stack
                0x00000000        0x0 /syscall-symphony/glibc-symphony/glibc-build/libc_pic.a(sigaction.os)
 .note.GNU-stack
                0x00000000        0x0 /syscall-symphony/glibc-symphony/glibc-build/libc_pic.a(libc_sigaction.os)
 .note.GNU-stack
                0x00000000        0x0 /syscall-symphony/glibc-symphony/glibc-build/libc_pic.a(sigrestorer.os)
 .note.GNU-stack
                0x00000000        0x0 /syscall-symphony/glibc-symphony/glibc-build/libc_pic.a(errlist.os)
 .note.GNU-stack
                0x00000000        0x0 /syscall-symphony/glibc-symphony/glibc-build/libc_pic.a(strchrnul.os)
 .note.GNU-stack
                0x00000000        0x0 /syscall-symphony/glibc-symphony/glibc-build/libc_pic.a(setitimer.os)
 .note.GNU-stack
                0x00000000        0x0 /syscall-symphony/glibc-symphony/glibc-build/libc_pic.a(getdents64.os)
 .note.GNU-stack
                0x00000000        0x0 /usr/lib/gcc/arm-linux-gnueabihf/10/libgcc.a(_udivsi3.o)
 .note.GNU-stack
                0x00000000        0x0 /usr/lib/gcc/arm-linux-gnueabihf/10/libgcc.a(_divsi3.o)
 .note.GNU-stack
                0x00000000        0x0 /usr/lib/gcc/arm-linux-gnueabihf/10/libgcc.a(_aeabi_uldivmod.o)
 .note.GNU-stack
                0x00000000        0x0 /usr/lib/gcc/arm-linux-gnueabihf/10/libgcc.a(_dvmd_lnx.o)
 .note.GNU-stack
                0x00000000        0x0 /usr/lib/gcc/arm-linux-gnueabihf/10/libgcc.a(_udivmoddi4.o)
 .note.GNU-stack
                0x00000000        0x0 /syscall-symphony/glibc-symphony/glibc-build/libc_pic.a(raise.os)
 .note.GNU-stack
                0x00000000        0x0 /syscall-symphony/glibc-symphony/glibc-build/libc_pic.a(pthread_kill.os)
 .note.GNU-stack
                0x00000000        0x0 /syscall-symphony/glibc-symphony/glibc-build/libc_pic.a(pthread_self.os)

.ARM.attributes
                0x00000000       0x2d
 .ARM.attributes
                0x00000000       0x1b /syscall-symphony/glibc-symphony/glibc-build/elf/librtld.mapT.o
 .ARM.attributes
                0x0000001b       0x31 /syscall-symphony/glibc-symphony/glibc-build/elf/dl-allobjs.os
 .ARM.attributes
                0x0000004c       0x31 /syscall-symphony/glibc-symphony/glibc-build/libc_pic.a(check_fds.os)
 .ARM.attributes
                0x0000007d       0x31 /syscall-symphony/glibc-symphony/glibc-build/libc_pic.a(errno.os)
 .ARM.attributes
                0x000000ae       0x1f /syscall-symphony/glibc-symphony/glibc-build/libc_pic.a(setjmp.os)
 .ARM.attributes
                0x000000cd       0x1f /syscall-symphony/glibc-symphony/glibc-build/libc_pic.a(__longjmp.os)
 .ARM.attributes
                0x000000ec       0x31 /syscall-symphony/glibc-symphony/glibc-build/libc_pic.a(lowlevellock.os)
 .ARM.attributes
                0x0000011d       0x31 /syscall-symphony/glibc-symphony/glibc-build/libc_pic.a(scratch_buffer_set_array_size.os)
 .ARM.attributes
                0x0000014e       0x31 /syscall-symphony/glibc-symphony/glibc-build/libc_pic.a(memchr.os)
 .ARM.attributes
                0x0000017f       0x31 /syscall-symphony/glibc-symphony/glibc-build/libc_pic.a(memcmp.os)
 .ARM.attributes
                0x000001b0       0x1f /syscall-symphony/glibc-symphony/glibc-build/libc_pic.a(memcpy.os)
 .ARM.attributes
                0x000001cf       0x1f /syscall-symphony/glibc-symphony/glibc-build/libc_pic.a(memmove.os)
 .ARM.attributes
                0x000001ee       0x1f /syscall-symphony/glibc-symphony/glibc-build/libc_pic.a(memset.os)
 .ARM.attributes
                0x0000020d       0x1f /syscall-symphony/glibc-symphony/glibc-build/libc_pic.a(rawmemchr.os)
 .ARM.attributes
                0x0000022c       0x1f /syscall-symphony/glibc-symphony/glibc-build/libc_pic.a(strchr.os)
 .ARM.attributes
                0x0000024b       0x31 /syscall-symphony/glibc-symphony/glibc-build/libc_pic.a(strcmp.os)
 .ARM.attributes
                0x0000027c       0x1f /syscall-symphony/glibc-symphony/glibc-build/libc_pic.a(strcpy.os)
 .ARM.attributes
                0x0000029b       0x31 /syscall-symphony/glibc-symphony/glibc-build/libc_pic.a(strcspn.os)
 .ARM.attributes
                0x000002cc       0x31 /syscall-symphony/glibc-symphony/glibc-build/libc_pic.a(strdup.os)
 .ARM.attributes
                0x000002fd       0x31 /syscall-symphony/glibc-symphony/glibc-build/libc_pic.a(strerrorname_np.os)
 .ARM.attributes
                0x0000032e       0x1f /syscall-symphony/glibc-symphony/glibc-build/libc_pic.a(strlen.os)
 .ARM.attributes
                0x0000034d       0x31 /syscall-symphony/glibc-symphony/glibc-build/libc_pic.a(strncmp.os)
 .ARM.attributes
                0x0000037e       0x31 /syscall-symphony/glibc-symphony/glibc-build/libc_pic.a(strnlen.os)
 .ARM.attributes
                0x000003af       0x31 /syscall-symphony/glibc-symphony/glibc-build/libc_pic.a(closedir.os)
 .ARM.attributes
                0x000003e0       0x31 /syscall-symphony/glibc-symphony/glibc-build/libc_pic.a(rewinddir.os)
 .ARM.attributes
                0x00000411       0x31 /syscall-symphony/glibc-symphony/glibc-build/libc_pic.a(readdir64.os)
 .ARM.attributes
                0x00000442       0x31 /syscall-symphony/glibc-symphony/glibc-build/libc_pic.a(fdopendir.os)
 .ARM.attributes
                0x00000473       0x1f /syscall-symphony/glibc-symphony/glibc-build/libc_pic.a(uname.os)
 .ARM.attributes
                0x00000492       0x31 /syscall-symphony/glibc-symphony/glibc-build/libc_pic.a(_exit.os)
 .ARM.attributes
                0x000004c3       0x1f /syscall-symphony/glibc-symphony/glibc-build/libc_pic.a(getpid.os)
 .ARM.attributes
                0x000004e2       0x31 /syscall-symphony/glibc-symphony/glibc-build/libc_pic.a(environ.os)
 .ARM.attributes
                0x00000513       0x31 /syscall-symphony/glibc-symphony/glibc-build/libc_pic.a(stat64.os)
 .ARM.attributes
                0x00000544       0x31 /syscall-symphony/glibc-symphony/glibc-build/libc_pic.a(fstat64.os)
 .ARM.attributes
                0x00000575       0x31 /syscall-symphony/glibc-symphony/glibc-build/libc_pic.a(lstat64.os)
 .ARM.attributes
                0x000005a6       0x31 /syscall-symphony/glibc-symphony/glibc-build/libc_pic.a(fstatat64.os)
 .ARM.attributes
                0x000005d7       0x31 /syscall-symphony/glibc-symphony/glibc-build/libc_pic.a(openat64.os)
 .ARM.attributes
                0x00000608       0x31 /syscall-symphony/glibc-symphony/glibc-build/libc_pic.a(lseek.os)
 .ARM.attributes
                0x00000639       0x31 /syscall-symphony/glibc-symphony/glibc-build/libc_pic.a(access.os)
 .ARM.attributes
                0x0000066a       0x31 /syscall-symphony/glibc-symphony/glibc-build/libc_pic.a(close_nocancel.os)
 .ARM.attributes
                0x0000069b       0x31 /syscall-symphony/glibc-symphony/glibc-build/libc_pic.a(fcntl_nocancel.os)
 .ARM.attributes
                0x000006cc       0x31 /syscall-symphony/glibc-symphony/glibc-build/libc_pic.a(open_nocancel.os)
 .ARM.attributes
                0x000006fd       0x31 /syscall-symphony/glibc-symphony/glibc-build/libc_pic.a(open64_nocancel.os)
 .ARM.attributes
                0x0000072e       0x31 /syscall-symphony/glibc-symphony/glibc-build/libc_pic.a(read_nocancel.os)
 .ARM.attributes
                0x0000075f       0x31 /syscall-symphony/glibc-symphony/glibc-build/libc_pic.a(pread64_nocancel.os)
 .ARM.attributes
                0x00000790       0x31 /syscall-symphony/glibc-symphony/glibc-build/libc_pic.a(write_nocancel.os)
 .ARM.attributes
                0x000007c1       0x31 /syscall-symphony/glibc-symphony/glibc-build/libc_pic.a(stat_t64_cp.os)
 .ARM.attributes
                0x000007f2       0x31 /syscall-symphony/glibc-symphony/glibc-build/libc_pic.a(mmap.os)
 .ARM.attributes
                0x00000823       0x1f /syscall-symphony/glibc-symphony/glibc-build/libc_pic.a(munmap.os)
 .ARM.attributes
                0x00000842       0x1f /syscall-symphony/glibc-symphony/glibc-build/libc_pic.a(mprotect.os)
 .ARM.attributes
                0x00000861       0x31 /syscall-symphony/glibc-symphony/glibc-build/libc_pic.a(atomic_wide_counter.os)
 .ARM.attributes
                0x00000892       0x31 /syscall-symphony/glibc-symphony/glibc-build/libc_pic.a(profil.os)
 .ARM.attributes
                0x000008c3       0x31 /syscall-symphony/glibc-symphony/glibc-build/libc_pic.a(prof-freq.os)
 .ARM.attributes
                0x000008f4       0x31 /syscall-symphony/glibc-symphony/glibc-build/libc_pic.a(dl-addr-obj.os)
 .ARM.attributes
                0x00000925       0x1f /syscall-symphony/glibc-symphony/glibc-build/libc_pic.a(sysdep.os)
 .ARM.attributes
                0x00000944       0x31 /syscall-symphony/glibc-symphony/glibc-build/libc_pic.a(sigaction.os)
 .ARM.attributes
                0x00000975       0x31 /syscall-symphony/glibc-symphony/glibc-build/libc_pic.a(libc_sigaction.os)
 .ARM.attributes
                0x000009a6       0x1f /syscall-symphony/glibc-symphony/glibc-build/libc_pic.a(sigrestorer.os)
 .ARM.attributes
                0x000009c5       0x31 /syscall-symphony/glibc-symphony/glibc-build/libc_pic.a(errlist.os)
 .ARM.attributes
                0x000009f6       0x31 /syscall-symphony/glibc-symphony/glibc-build/libc_pic.a(strchrnul.os)
 .ARM.attributes
                0x00000a27       0x31 /syscall-symphony/glibc-symphony/glibc-build/libc_pic.a(setitimer.os)
 .ARM.attributes
                0x00000a58       0x31 /syscall-symphony/glibc-symphony/glibc-build/libc_pic.a(getdents64.os)
 .ARM.attributes
                0x00000a89       0x1d /usr/lib/gcc/arm-linux-gnueabihf/10/libgcc.a(_udivsi3.o)
 .ARM.attributes
                0x00000aa6       0x1d /usr/lib/gcc/arm-linux-gnueabihf/10/libgcc.a(_divsi3.o)
 .ARM.attributes
                0x00000ac3       0x1d /usr/lib/gcc/arm-linux-gnueabihf/10/libgcc.a(_aeabi_uldivmod.o)
 .ARM.attributes
                0x00000ae0       0x1d /usr/lib/gcc/arm-linux-gnueabihf/10/libgcc.a(_dvmd_lnx.o)
 .ARM.attributes
                0x00000afd       0x2f /usr/lib/gcc/arm-linux-gnueabihf/10/libgcc.a(_udivmoddi4.o)
 .ARM.attributes
                0x00000b2c       0x31 /syscall-symphony/glibc-symphony/glibc-build/libc_pic.a(raise.os)
 .ARM.attributes
                0x00000b5d       0x31 /syscall-symphony/glibc-symphony/glibc-build/libc_pic.a(pthread_kill.os)
 .ARM.attributes
                0x00000b8e       0x31 /syscall-symphony/glibc-symphony/glibc-build/libc_pic.a(pthread_self.os)

.gnu.build.attributes
 *(.gnu.build.attributes)

.debug
 *(.debug)

.line
 *(.line)

.debug_srcinfo
 *(.debug_srcinfo)

.debug_sfnames
 *(.debug_sfnames)

.debug_aranges  0x00000000      0xed8
 *(.debug_aranges)
 .debug_aranges
                0x00000000      0x720 /syscall-symphony/glibc-symphony/glibc-build/elf/dl-allobjs.os
 .debug_aranges
                0x00000720       0x20 /syscall-symphony/glibc-symphony/glibc-build/libc_pic.a(check_fds.os)
 .debug_aranges
                0x00000740       0x18 /syscall-symphony/glibc-symphony/glibc-build/libc_pic.a(errno.os)
 .debug_aranges
                0x00000758       0x20 /syscall-symphony/glibc-symphony/glibc-build/libc_pic.a(setjmp.os)
 .debug_aranges
                0x00000778       0x20 /syscall-symphony/glibc-symphony/glibc-build/libc_pic.a(__longjmp.os)
 .debug_aranges
                0x00000798       0x20 /syscall-symphony/glibc-symphony/glibc-build/libc_pic.a(lowlevellock.os)
 .debug_aranges
                0x000007b8       0x20 /syscall-symphony/glibc-symphony/glibc-build/libc_pic.a(scratch_buffer_set_array_size.os)
 .debug_aranges
                0x000007d8       0x20 /syscall-symphony/glibc-symphony/glibc-build/libc_pic.a(memchr.os)
 .debug_aranges
                0x000007f8       0x20 /syscall-symphony/glibc-symphony/glibc-build/libc_pic.a(memcmp.os)
 .debug_aranges
                0x00000818       0x20 /syscall-symphony/glibc-symphony/glibc-build/libc_pic.a(memcpy.os)
 .debug_aranges
                0x00000838       0x20 /syscall-symphony/glibc-symphony/glibc-build/libc_pic.a(memmove.os)
 .debug_aranges
                0x00000858       0x20 /syscall-symphony/glibc-symphony/glibc-build/libc_pic.a(memset.os)
 .debug_aranges
                0x00000878       0x20 /syscall-symphony/glibc-symphony/glibc-build/libc_pic.a(rawmemchr.os)
 .debug_aranges
                0x00000898       0x20 /syscall-symphony/glibc-symphony/glibc-build/libc_pic.a(strchr.os)
 .debug_aranges
                0x000008b8       0x20 /syscall-symphony/glibc-symphony/glibc-build/libc_pic.a(strcmp.os)
 .debug_aranges
                0x000008d8       0x20 /syscall-symphony/glibc-symphony/glibc-build/libc_pic.a(strcpy.os)
 .debug_aranges
                0x000008f8       0x20 /syscall-symphony/glibc-symphony/glibc-build/libc_pic.a(strcspn.os)
 .debug_aranges
                0x00000918       0x20 /syscall-symphony/glibc-symphony/glibc-build/libc_pic.a(strdup.os)
 .debug_aranges
                0x00000938       0x20 /syscall-symphony/glibc-symphony/glibc-build/libc_pic.a(strerrorname_np.os)
 .debug_aranges
                0x00000958       0x20 /syscall-symphony/glibc-symphony/glibc-build/libc_pic.a(strlen.os)
 .debug_aranges
                0x00000978       0x20 /syscall-symphony/glibc-symphony/glibc-build/libc_pic.a(strncmp.os)
 .debug_aranges
                0x00000998       0x20 /syscall-symphony/glibc-symphony/glibc-build/libc_pic.a(strnlen.os)
 .debug_aranges
                0x000009b8       0x20 /syscall-symphony/glibc-symphony/glibc-build/libc_pic.a(closedir.os)
 .debug_aranges
                0x000009d8       0x20 /syscall-symphony/glibc-symphony/glibc-build/libc_pic.a(rewinddir.os)
 .debug_aranges
                0x000009f8       0x20 /syscall-symphony/glibc-symphony/glibc-build/libc_pic.a(readdir64.os)
 .debug_aranges
                0x00000a18       0x20 /syscall-symphony/glibc-symphony/glibc-build/libc_pic.a(fdopendir.os)
 .debug_aranges
                0x00000a38       0x20 /syscall-symphony/glibc-symphony/glibc-build/libc_pic.a(uname.os)
 .debug_aranges
                0x00000a58       0x20 /syscall-symphony/glibc-symphony/glibc-build/libc_pic.a(_exit.os)
 .debug_aranges
                0x00000a78       0x20 /syscall-symphony/glibc-symphony/glibc-build/libc_pic.a(getpid.os)
 .debug_aranges
                0x00000a98       0x18 /syscall-symphony/glibc-symphony/glibc-build/libc_pic.a(environ.os)
 .debug_aranges
                0x00000ab0       0x20 /syscall-symphony/glibc-symphony/glibc-build/libc_pic.a(stat64.os)
 .debug_aranges
                0x00000ad0       0x20 /syscall-symphony/glibc-symphony/glibc-build/libc_pic.a(fstat64.os)
 .debug_aranges
                0x00000af0       0x20 /syscall-symphony/glibc-symphony/glibc-build/libc_pic.a(lstat64.os)
 .debug_aranges
                0x00000b10       0x20 /syscall-symphony/glibc-symphony/glibc-build/libc_pic.a(fstatat64.os)
 .debug_aranges
                0x00000b30       0x20 /syscall-symphony/glibc-symphony/glibc-build/libc_pic.a(openat64.os)
 .debug_aranges
                0x00000b50       0x20 /syscall-symphony/glibc-symphony/glibc-build/libc_pic.a(lseek.os)
 .debug_aranges
                0x00000b70       0x20 /syscall-symphony/glibc-symphony/glibc-build/libc_pic.a(access.os)
 .debug_aranges
                0x00000b90       0x20 /syscall-symphony/glibc-symphony/glibc-build/libc_pic.a(close_nocancel.os)
 .debug_aranges
                0x00000bb0       0x20 /syscall-symphony/glibc-symphony/glibc-build/libc_pic.a(fcntl_nocancel.os)
 .debug_aranges
                0x00000bd0       0x20 /syscall-symphony/glibc-symphony/glibc-build/libc_pic.a(open_nocancel.os)
 .debug_aranges
                0x00000bf0       0x20 /syscall-symphony/glibc-symphony/glibc-build/libc_pic.a(open64_nocancel.os)
 .debug_aranges
                0x00000c10       0x20 /syscall-symphony/glibc-symphony/glibc-build/libc_pic.a(read_nocancel.os)
 .debug_aranges
                0x00000c30       0x20 /syscall-symphony/glibc-symphony/glibc-build/libc_pic.a(pread64_nocancel.os)
 .debug_aranges
                0x00000c50       0x20 /syscall-symphony/glibc-symphony/glibc-build/libc_pic.a(write_nocancel.os)
 .debug_aranges
                0x00000c70       0x20 /syscall-symphony/glibc-symphony/glibc-build/libc_pic.a(stat_t64_cp.os)
 .debug_aranges
                0x00000c90       0x20 /syscall-symphony/glibc-symphony/glibc-build/libc_pic.a(mmap.os)
 .debug_aranges
                0x00000cb0       0x20 /syscall-symphony/glibc-symphony/glibc-build/libc_pic.a(munmap.os)
 .debug_aranges
                0x00000cd0       0x20 /syscall-symphony/glibc-symphony/glibc-build/libc_pic.a(mprotect.os)
 .debug_aranges
                0x00000cf0       0x20 /syscall-symphony/glibc-symphony/glibc-build/libc_pic.a(atomic_wide_counter.os)
 .debug_aranges
                0x00000d10       0x20 /syscall-symphony/glibc-symphony/glibc-build/libc_pic.a(profil.os)
 .debug_aranges
                0x00000d30       0x20 /syscall-symphony/glibc-symphony/glibc-build/libc_pic.a(prof-freq.os)
 .debug_aranges
                0x00000d50       0x20 /syscall-symphony/glibc-symphony/glibc-build/libc_pic.a(dl-addr-obj.os)
 .debug_aranges
                0x00000d70       0x20 /syscall-symphony/glibc-symphony/glibc-build/libc_pic.a(sysdep.os)
 .debug_aranges
                0x00000d90       0x20 /syscall-symphony/glibc-symphony/glibc-build/libc_pic.a(sigaction.os)
 .debug_aranges
                0x00000db0       0x20 /syscall-symphony/glibc-symphony/glibc-build/libc_pic.a(libc_sigaction.os)
 .debug_aranges
                0x00000dd0       0x20 /syscall-symphony/glibc-symphony/glibc-build/libc_pic.a(sigrestorer.os)
 .debug_aranges
                0x00000df0       0x20 /syscall-symphony/glibc-symphony/glibc-build/libc_pic.a(errlist.os)
 .debug_aranges
                0x00000e10       0x20 /syscall-symphony/glibc-symphony/glibc-build/libc_pic.a(strchrnul.os)
 .debug_aranges
                0x00000e30       0x20 /syscall-symphony/glibc-symphony/glibc-build/libc_pic.a(setitimer.os)
 .debug_aranges
                0x00000e50       0x20 /syscall-symphony/glibc-symphony/glibc-build/libc_pic.a(getdents64.os)
 .debug_aranges
                0x00000e70       0x20 /syscall-symphony/glibc-symphony/glibc-build/libc_pic.a(raise.os)
 .debug_aranges
                0x00000e90       0x28 /syscall-symphony/glibc-symphony/glibc-build/libc_pic.a(pthread_kill.os)
 .debug_aranges
                0x00000eb8       0x20 /syscall-symphony/glibc-symphony/glibc-build/libc_pic.a(pthread_self.os)

.debug_pubnames
 *(.debug_pubnames)

.debug_info     0x00000000    0x87be0
 *(.debug_info)
 .debug_info    0x00000000    0x73170 /syscall-symphony/glibc-symphony/glibc-build/elf/dl-allobjs.os
 .debug_info    0x00073170      0x780 /syscall-symphony/glibc-symphony/glibc-build/libc_pic.a(check_fds.os)
 .debug_info    0x000738f0      0x434 /syscall-symphony/glibc-symphony/glibc-build/libc_pic.a(errno.os)
 .debug_info    0x00073d24       0x26 /syscall-symphony/glibc-symphony/glibc-build/libc_pic.a(setjmp.os)
 .debug_info    0x00073d4a       0x26 /syscall-symphony/glibc-symphony/glibc-build/libc_pic.a(__longjmp.os)
 .debug_info    0x00073d70      0x938 /syscall-symphony/glibc-symphony/glibc-build/libc_pic.a(lowlevellock.os)
 .debug_info    0x000746a8      0x2ea /syscall-symphony/glibc-symphony/glibc-build/libc_pic.a(scratch_buffer_set_array_size.os)
 .debug_info    0x00074992      0x190 /syscall-symphony/glibc-symphony/glibc-build/libc_pic.a(memchr.os)
 .debug_info    0x00074b22      0x8cc /syscall-symphony/glibc-symphony/glibc-build/libc_pic.a(memcmp.os)
 .debug_info    0x000753ee       0x26 /syscall-symphony/glibc-symphony/glibc-build/libc_pic.a(memcpy.os)
 .debug_info    0x00075414       0x26 /syscall-symphony/glibc-symphony/glibc-build/libc_pic.a(memmove.os)
 .debug_info    0x0007543a       0x26 /syscall-symphony/glibc-symphony/glibc-build/libc_pic.a(memset.os)
 .debug_info    0x00075460       0x26 /syscall-symphony/glibc-symphony/glibc-build/libc_pic.a(rawmemchr.os)
 .debug_info    0x00075486       0x26 /syscall-symphony/glibc-symphony/glibc-build/libc_pic.a(strchr.os)
 .debug_info    0x000754ac      0x11a /syscall-symphony/glibc-symphony/glibc-build/libc_pic.a(strcmp.os)
 .debug_info    0x000755c6       0x26 /syscall-symphony/glibc-symphony/glibc-build/libc_pic.a(strcpy.os)
 .debug_info    0x000755ec      0x248 /syscall-symphony/glibc-symphony/glibc-build/libc_pic.a(strcspn.os)
 .debug_info    0x00075834      0x157 /syscall-symphony/glibc-symphony/glibc-build/libc_pic.a(strdup.os)
 .debug_info    0x0007598b       0xca /syscall-symphony/glibc-symphony/glibc-build/libc_pic.a(strerrorname_np.os)
 .debug_info    0x00075a55       0x26 /syscall-symphony/glibc-symphony/glibc-build/libc_pic.a(strlen.os)
 .debug_info    0x00075a7b      0x11c /syscall-symphony/glibc-symphony/glibc-build/libc_pic.a(strncmp.os)
 .debug_info    0x00075b97      0x15c /syscall-symphony/glibc-symphony/glibc-build/libc_pic.a(strnlen.os)
 .debug_info    0x00075cf3      0x540 /syscall-symphony/glibc-symphony/glibc-build/libc_pic.a(closedir.os)
 .debug_info    0x00076233      0x601 /syscall-symphony/glibc-symphony/glibc-build/libc_pic.a(rewinddir.os)
 .debug_info    0x00076834      0x72f /syscall-symphony/glibc-symphony/glibc-build/libc_pic.a(readdir64.os)
 .debug_info    0x00076f63      0x708 /syscall-symphony/glibc-symphony/glibc-build/libc_pic.a(fdopendir.os)
 .debug_info    0x0007766b       0x26 /syscall-symphony/glibc-symphony/glibc-build/libc_pic.a(uname.os)
 .debug_info    0x00077691      0x4d0 /syscall-symphony/glibc-symphony/glibc-build/libc_pic.a(_exit.os)
 .debug_info    0x00077b61       0x26 /syscall-symphony/glibc-symphony/glibc-build/libc_pic.a(getpid.os)
 .debug_info    0x00077b87       0xba /syscall-symphony/glibc-symphony/glibc-build/libc_pic.a(environ.os)
 .debug_info    0x00077c41      0x48a /syscall-symphony/glibc-symphony/glibc-build/libc_pic.a(stat64.os)
 .debug_info    0x000780cb      0x47d /syscall-symphony/glibc-symphony/glibc-build/libc_pic.a(fstat64.os)
 .debug_info    0x00078548      0x48e /syscall-symphony/glibc-symphony/glibc-build/libc_pic.a(lstat64.os)
 .debug_info    0x000789d6      0xe5b /syscall-symphony/glibc-symphony/glibc-build/libc_pic.a(fstatat64.os)
 .debug_info    0x00079831     0x12a4 /syscall-symphony/glibc-symphony/glibc-build/libc_pic.a(openat64.os)
 .debug_info    0x0007aad5      0x60d /syscall-symphony/glibc-symphony/glibc-build/libc_pic.a(lseek.os)
 .debug_info    0x0007b0e2      0x4bd /syscall-symphony/glibc-symphony/glibc-build/libc_pic.a(access.os)
 .debug_info    0x0007b59f      0x47b /syscall-symphony/glibc-symphony/glibc-build/libc_pic.a(close_nocancel.os)
 .debug_info    0x0007ba1a      0x84b /syscall-symphony/glibc-symphony/glibc-build/libc_pic.a(fcntl_nocancel.os)
 .debug_info    0x0007c265      0x563 /syscall-symphony/glibc-symphony/glibc-build/libc_pic.a(open_nocancel.os)
 .debug_info    0x0007c7c8      0x563 /syscall-symphony/glibc-symphony/glibc-build/libc_pic.a(open64_nocancel.os)
 .debug_info    0x0007cd2b      0x50d /syscall-symphony/glibc-symphony/glibc-build/libc_pic.a(read_nocancel.os)
 .debug_info    0x0007d238      0x59f /syscall-symphony/glibc-symphony/glibc-build/libc_pic.a(pread64_nocancel.os)
 .debug_info    0x0007d7d7      0x512 /syscall-symphony/glibc-symphony/glibc-build/libc_pic.a(write_nocancel.os)
 .debug_info    0x0007dce9      0x531 /syscall-symphony/glibc-symphony/glibc-build/libc_pic.a(stat_t64_cp.os)
 .debug_info    0x0007e21a      0x654 /syscall-symphony/glibc-symphony/glibc-build/libc_pic.a(mmap.os)
 .debug_info    0x0007e86e       0x26 /syscall-symphony/glibc-symphony/glibc-build/libc_pic.a(munmap.os)
 .debug_info    0x0007e894       0x26 /syscall-symphony/glibc-symphony/glibc-build/libc_pic.a(mprotect.os)
 .debug_info    0x0007e8ba      0x2ea /syscall-symphony/glibc-symphony/glibc-build/libc_pic.a(atomic_wide_counter.os)
 .debug_info    0x0007eba4      0xa29 /syscall-symphony/glibc-symphony/glibc-build/libc_pic.a(profil.os)
 .debug_info    0x0007f5cd     0x1beb /syscall-symphony/glibc-symphony/glibc-build/libc_pic.a(prof-freq.os)
 .debug_info    0x000811b8      0xdf3 /syscall-symphony/glibc-symphony/glibc-build/libc_pic.a(dl-addr-obj.os)
 .debug_info    0x00081fab       0x26 /syscall-symphony/glibc-symphony/glibc-build/libc_pic.a(sysdep.os)
 .debug_info    0x00081fd1      0x999 /syscall-symphony/glibc-symphony/glibc-build/libc_pic.a(sigaction.os)
 .debug_info    0x0008296a      0x983 /syscall-symphony/glibc-symphony/glibc-build/libc_pic.a(libc_sigaction.os)
 .debug_info    0x000832ed       0x26 /syscall-symphony/glibc-symphony/glibc-build/libc_pic.a(sigrestorer.os)
 .debug_info    0x00083313      0xdeb /syscall-symphony/glibc-symphony/glibc-build/libc_pic.a(errlist.os)
 .debug_info    0x000840fe      0x169 /syscall-symphony/glibc-symphony/glibc-build/libc_pic.a(strchrnul.os)
 .debug_info    0x00084267      0xa83 /syscall-symphony/glibc-symphony/glibc-build/libc_pic.a(setitimer.os)
 .debug_info    0x00084cea      0x505 /syscall-symphony/glibc-symphony/glibc-build/libc_pic.a(getdents64.os)
 .debug_info    0x000851ef       0xf8 /syscall-symphony/glibc-symphony/glibc-build/libc_pic.a(raise.os)
 .debug_info    0x000852e7     0x17b7 /syscall-symphony/glibc-symphony/glibc-build/libc_pic.a(pthread_kill.os)
 .debug_info    0x00086a9e     0x1142 /syscall-symphony/glibc-symphony/glibc-build/libc_pic.a(pthread_self.os)

.debug_abbrev   0x00000000    0x128c4
 *(.debug_abbrev)
 .debug_abbrev  0x00000000     0xd9ae /syscall-symphony/glibc-symphony/glibc-build/elf/dl-allobjs.os
 .debug_abbrev  0x0000d9ae      0x202 /syscall-symphony/glibc-symphony/glibc-build/libc_pic.a(check_fds.os)
 .debug_abbrev  0x0000dbb0      0x118 /syscall-symphony/glibc-symphony/glibc-build/libc_pic.a(errno.os)
 .debug_abbrev  0x0000dcc8       0x14 /syscall-symphony/glibc-symphony/glibc-build/libc_pic.a(setjmp.os)
 .debug_abbrev  0x0000dcdc       0x14 /syscall-symphony/glibc-symphony/glibc-build/libc_pic.a(__longjmp.os)
 .debug_abbrev  0x0000dcf0      0x239 /syscall-symphony/glibc-symphony/glibc-build/libc_pic.a(lowlevellock.os)
 .debug_abbrev  0x0000df29      0x1fa /syscall-symphony/glibc-symphony/glibc-build/libc_pic.a(scratch_buffer_set_array_size.os)
 .debug_abbrev  0x0000e123       0xe0 /syscall-symphony/glibc-symphony/glibc-build/libc_pic.a(memchr.os)
 .debug_abbrev  0x0000e203      0x1d6 /syscall-symphony/glibc-symphony/glibc-build/libc_pic.a(memcmp.os)
 .debug_abbrev  0x0000e3d9       0x14 /syscall-symphony/glibc-symphony/glibc-build/libc_pic.a(memcpy.os)
 .debug_abbrev  0x0000e3ed       0x14 /syscall-symphony/glibc-symphony/glibc-build/libc_pic.a(memmove.os)
 .debug_abbrev  0x0000e401       0x14 /syscall-symphony/glibc-symphony/glibc-build/libc_pic.a(memset.os)
 .debug_abbrev  0x0000e415       0x14 /syscall-symphony/glibc-symphony/glibc-build/libc_pic.a(rawmemchr.os)
 .debug_abbrev  0x0000e429       0x14 /syscall-symphony/glibc-symphony/glibc-build/libc_pic.a(strchr.os)
 .debug_abbrev  0x0000e43d       0x82 /syscall-symphony/glibc-symphony/glibc-build/libc_pic.a(strcmp.os)
 .debug_abbrev  0x0000e4bf       0x14 /syscall-symphony/glibc-symphony/glibc-build/libc_pic.a(strcpy.os)