Archive member included to satisfy reference by file (symbol)

/syscall-symphony/glibc-symphony/glibc-build/elf/rtld-libc.a(rtld-check_fds.os)
                              /syscall-symphony/glibc-symphony/glibc-build/elf/dl-allobjs.os (__libc_check_standard_fds)
/syscall-symphony/glibc-symphony/glibc-build/elf/rtld-libc.a(rtld-errno.os)
                              /syscall-symphony/glibc-symphony/glibc-build/elf/dl-allobjs.os (rtld_errno)
/syscall-symphony/glibc-symphony/glibc-build/elf/rtld-libc.a(rtld-closedir.os)
                              /syscall-symphony/glibc-symphony/glibc-build/elf/dl-allobjs.os (__closedir)
/syscall-symphony/glibc-symphony/glibc-build/elf/rtld-libc.a(rtld-rewinddir.os)
                              /syscall-symphony/glibc-symphony/glibc-build/elf/dl-allobjs.os (__rewinddir)
/syscall-symphony/glibc-symphony/glibc-build/elf/rtld-libc.a(rtld-readdir64.os)
                              /syscall-symphony/glibc-symphony/glibc-build/elf/dl-allobjs.os (__readdir64)
/syscall-symphony/glibc-symphony/glibc-build/elf/rtld-libc.a(rtld-fdopendir.os)
                              /syscall-symphony/glibc-symphony/glibc-build/elf/dl-allobjs.os (__fdopendir)
/syscall-symphony/glibc-symphony/glibc-build/elf/rtld-libc.a(rtld-getdents64.os)
                              /syscall-symphony/glibc-symphony/glibc-build/elf/rtld-libc.a(rtld-readdir64.os) (__getdents64)
/syscall-symphony/glibc-symphony/glibc-build/elf/rtld-libc.a(rtld-dl-addr-obj.os)
                              /syscall-symphony/glibc-symphony/glibc-build/elf/dl-allobjs.os (_dl_addr_inside_object)
/syscall-symphony/glibc-symphony/glibc-build/elf/rtld-libc.a(rtld-profil.os)
                              /syscall-symphony/glibc-symphony/glibc-build/elf/dl-allobjs.os (__profil)
/syscall-symphony/glibc-symphony/glibc-build/elf/rtld-libc.a(rtld-prof-freq.os)
                              /syscall-symphony/glibc-symphony/glibc-build/elf/dl-allobjs.os (__profile_frequency)
/syscall-symphony/glibc-symphony/glibc-build/elf/rtld-libc.a(rtld-stat64.os)
                              /syscall-symphony/glibc-symphony/glibc-build/elf/dl-allobjs.os (__GI___stat64_time64)
/syscall-symphony/glibc-symphony/glibc-build/elf/rtld-libc.a(rtld-fstat64.os)
                              /syscall-symphony/glibc-symphony/glibc-build/elf/dl-allobjs.os (__GI___fstat64_time64)
/syscall-symphony/glibc-symphony/glibc-build/elf/rtld-libc.a(rtld-lstat64.os)
                              /syscall-symphony/glibc-symphony/glibc-build/elf/dl-allobjs.os (__GI___lstat64_time64)
/syscall-symphony/glibc-symphony/glibc-build/elf/rtld-libc.a(rtld-fstatat64.os)
                              /syscall-symphony/glibc-symphony/glibc-build/elf/dl-allobjs.os (__GI___fstatat64_time64)
/syscall-symphony/glibc-symphony/glibc-build/elf/rtld-libc.a(rtld-openat64.os)
                              /syscall-symphony/glibc-symphony/glibc-build/elf/dl-allobjs.os (__openat64)
/syscall-symphony/glibc-symphony/glibc-build/elf/rtld-libc.a(rtld-lseek.os)
                              /syscall-symphony/glibc-symphony/glibc-build/elf/dl-allobjs.os (__lseek)
/syscall-symphony/glibc-symphony/glibc-build/elf/rtld-libc.a(rtld-access.os)
                              /syscall-symphony/glibc-symphony/glibc-build/elf/dl-allobjs.os (__access)
/syscall-symphony/glibc-symphony/glibc-build/elf/rtld-libc.a(rtld-close_nocancel.os)
                              /syscall-symphony/glibc-symphony/glibc-build/elf/dl-allobjs.os (__GI___close_nocancel)
/syscall-symphony/glibc-symphony/glibc-build/elf/rtld-libc.a(rtld-fcntl_nocancel.os)
                              /syscall-symphony/glibc-symphony/glibc-build/elf/dl-allobjs.os (__GI___fcntl64_nocancel)
/syscall-symphony/glibc-symphony/glibc-build/elf/rtld-libc.a(rtld-open_nocancel.os)
                              /syscall-symphony/glibc-symphony/glibc-build/elf/dl-allobjs.os (__GI___open_nocancel)
/syscall-symphony/glibc-symphony/glibc-build/elf/rtld-libc.a(rtld-open64_nocancel.os)
                              /syscall-symphony/glibc-symphony/glibc-build/elf/dl-allobjs.os (__GI___open64_nocancel)
/syscall-symphony/glibc-symphony/glibc-build/elf/rtld-libc.a(rtld-read_nocancel.os)
                              /syscall-symphony/glibc-symphony/glibc-build/elf/dl-allobjs.os (__GI___read_nocancel)
/syscall-symphony/glibc-symphony/glibc-build/elf/rtld-libc.a(rtld-pread64_nocancel.os)
                              /syscall-symphony/glibc-symphony/glibc-build/elf/dl-allobjs.os (__GI___pread64_nocancel)
/syscall-symphony/glibc-symphony/glibc-build/elf/rtld-libc.a(rtld-write_nocancel.os)
                              /syscall-symphony/glibc-symphony/glibc-build/elf/dl-allobjs.os (__GI___write_nocancel)
/syscall-symphony/glibc-symphony/glibc-build/elf/rtld-libc.a(rtld-stat_t64_cp.os)
                              /syscall-symphony/glibc-symphony/glibc-build/elf/rtld-libc.a(rtld-stat64.os) (__cp_stat64_t64_stat64)
[...]
Memory Configuration

Name             Origin             Length             Attributes
*default*        0x00000000         0xffffffff

Linker script and memory map

START GROUP
LOAD /syscall-symphony/glibc-symphony/glibc-build/elf/dl-allobjs.os
LOAD /syscall-symphony/glibc-symphony/glibc-build/elf/rtld-libc.a
LOAD /usr/lib/gcc/arm-linux-gnueabihf/10/libgcc.a
END GROUP

.interp
 *(.interp)

.note.gnu.build-id
 *(.note.gnu.build-id)

.hash
 *(.hash)

.gnu.hash
 *(.gnu.hash)

.dynsym
 *(.dynsym)

.dynstr
 *(.dynstr)

.gnu.version
 *(.gnu.version)

.gnu.version_d
 *(.gnu.version_d)

.gnu.version_r
 *(.gnu.version_r)

.rel.init
 *(.rel.init)

.rela.init
 *(.rela.init)

.rel.text
 *(.rel.text)

.rela.text
 *(.rela.text)

.rel.fini
 *(.rel.fini)

.rela.fini
 *(.rela.fini)

.rel.rodata
 *(.rel.rodata)

.rela.rodata
 *(.rela.rodata)

.rel.data.rel.ro
 *(.rel.data.rel.ro)

.rela.data.rel.ro
 *(.rela.data.rel.ro)

.rel.data
 *(.rel.data)

.rela.data
 *(.rela.data)

.rel.tdata
 *(.rel.tdata)

.rela.tdata
 *(.rela.tdata)

.rel.tbss
 *(.rel.tbss)

.rela.tbss
 *(.rela.tbss)

.rel.ctors
 *(.rel.ctors)

.rela.ctors
 *(.rela.ctors)

.rel.dtors
 *(.rel.dtors)

.rela.dtors
 *(.rela.dtors)

.rel.got
 *(.rel.got)

.rela.got
 *(.rela.got)

.rel.bss
 *(.rel.bss)

.rela.bss
 *(.rela.bss)

.rel.iplt
 *(.rel.iplt)

.rela.iplt
 *(.rela.iplt)

.rel.plt
 *(.rel.plt)

.rela.plt
 *(.rela.plt)

.init
 *(SORT_NONE(.init))

.plt
 *(.plt)

.iplt
 *(.iplt)

.text           0x00000000    0x20a48
 *(.text .stub)
 .text          0x00000000    0x1d6e4 /syscall-symphony/glibc-symphony/glibc-build/elf/dl-allobjs.os
                0x00000000                _dl_call_libc_early_init
                0x00000264                _dl_close_worker
                0x00001260                _dl_close
                0x00001320                _dl_debug_state
                0x00001320                __GI__dl_debug_state
                0x00001324                _dl_debug_update
                0x0000138c                _dl_debug_initialize
                0x00001530                _dl_map_object_deps
                0x0000229c                _dl_error_free
                0x000022c4                _dl_exception_create
                0x000022c4                __GI__dl_exception_create
                0x000023a0                __GI__dl_exception_create_format
                0x000023a0                _dl_exception_create_format
                0x00002754                _dl_exception_free
                0x00002754                __GI__dl_exception_free
                0x00002788                _dl_make_stacks_executable
                0x0000296c                __GI___nptl_change_stack_perm
                0x0000296c                __nptl_change_stack_perm
                0x00002c18                __GI__dl_find_object
                0x00002c18                _dl_find_object
                0x0000304c                _dlfo_sort_mappings
                0x00003130                _dl_find_object_init
                0x000032c4                _dl_find_object_update
                0x0000382c                _dl_find_object_dlclose
                0x00003908                _dl_find_object_freeres
                0x000039a8                _dl_fini
                0x00003f70                _dl_init
                0x000051e4                _dl_dst_count
                0x00005290                _dl_dst_substitute
                0x00005aac                _dl_init_paths
                0x00005e3c                _dl_process_pt_gnu_property
                0x000075bc                _dl_map_object
                0x000080a8                _dl_rtld_di_serinfo
                0x000090c0                _dl_lookup_symbol_x
                0x00009d58                _dl_lookup_direct
                0x00009ee0                __minimal_malloc
                0x0000a034                __minimal_calloc
                0x0000a094                __minimal_free
                0x0000a0c8                __minimal_realloc
                0x0000a164                _dl_sysdep_read_whole_file
                0x0000a1ec                _dl_name_match_p
                0x0000a24c                _dl_higher_prime_number
                0x0000a298                _dl_strtoul
                0x0000a450                _dl_add_to_namespace_list
                0x0000a520                _dl_new_object
                0x0000add0                __GI__dl_find_dso_for_object
                0x0000add0                _dl_find_dso_for_object
                0x0000aeb4                _dl_open
                0x0000b1f0                _dl_show_scope
                0x0000bcfc                _dl_get_origin
                0x0000c394                _dl_debug_printf
                0x0000c3d4                _dl_debug_printf_c
                0x0000c414                _dl_dprintf
                0x0000c444                _dl_printf
                0x0000c478                _dl_error_printf
                0x0000c4ac                _dl_fatal_printf
                0x0000c4ac                __GI__dl_fatal_printf
                0x0000c4d8                _dl_start_profile
                0x0000cc2c                __GI__dl_mcount
                0x0000cc2c                _dl_mcount
                0x0000d1ec                _dl_try_allocate_static_tls
                0x0000d2f4                _dl_allocate_static_tls
                0x0000d334                _dl_protect_relro
                0x0000d3b0                _dl_reloc_bad_type
                0x0000d424                _dl_relocate_object
                0x0000fc28                _dl_fixup
                0x0000fee0                _dl_profile_fixup
                0x00010244                _dl_scope_free
                0x00010354                _dl_setup_hash
                0x00010524                _dl_sort_maps_init
                0x00010560                _dl_sort_maps
                0x000109ac                __thread_gscope_wait
                0x00010e8c                _dl_tls_static_surplus_init
                0x00010f2c                _dl_assign_tls_modid
                0x00011054                _dl_count_modids
                0x000110cc                _dl_determine_tlsoffset
                0x000112c8                _dl_get_tls_static_info
                0x000112e8                _dl_allocate_tls_storage
                0x000113d0                __GI__dl_allocate_tls_init
                0x000113d0                _dl_allocate_tls_init
                0x00011688                __GI__dl_allocate_tls
                0x00011688                _dl_allocate_tls
                0x000116fc                _dl_deallocate_tls
                0x000116fc                __GI__dl_deallocate_tls
                0x0001179c                _dl_update_slotinfo
                0x00011a34                __GI___tls_get_addr
                0x00011a34                __tls_get_addr
                0x00011a94                _dl_tls_get_addr_soft
                0x00011b2c                _dl_add_to_slotinfo
                0x00011c4c                _dl_init_static_tls
                0x00011d78                __tls_pre_init_tp
                0x00011ddc                __tls_init_tp
                0x00011f1c                _dl_runtime_resolve
                0x00011f40                _dl_runtime_profile
                0x00012000                _dl_check_map_versions
                0x00012894                _dl_check_all_versions
                0x00012900                _dl_write
                0x00012914                _dl_cache_libcmp
                0x00013190                _dl_load_cache_lookup
                0x000134d0                _dl_unload_cache
                0x00013680                __GI___tunable_set_val
                0x00013698                __GI___tunables_init
                0x00013d60                __GI___tunables_print
                0x00013e64                __tunable_get_val
                0x00013e64                __GI___tunable_get_val
                0x00013f5c                _dl_make_tlsdesc_dynamic
                0x0001424c                _dl_unmap
                0x000142cc                _dl_tlsdesc_return
                0x000142d4                _dl_tlsdesc_undefweak
                0x000142f0                _dl_tlsdesc_dynamic
                0x00014348                _dl_audit_activity_map
                0x000143dc                _dl_audit_activity_nsid
                0x00014420                _dl_audit_objsearch
                0x000144dc                _dl_audit_objopen
                0x000145ac                _dl_audit_objclose
                0x00014654                _dl_audit_preinit
                0x000146e0                _dl_audit_symbind_alt
                0x000146e0                __GI__dl_audit_symbind_alt
                0x00014870                _dl_audit_symbind
                0x00014b04                _dl_audit_pltenter
                0x00014d58                _dl_audit_pltexit
                0x00014f5c                _dl_diagnostics_print_string
                0x00014fdc                _dl_diagnostics_print_labeled_string
                0x00015028                _dl_diagnostics_print_labeled_value
                0x0001505c                _dl_print_diagnostics
                0x000154b0                _dl_diagnostics_cpu
                0x00015598                _dl_diagnostics_kernel
                0x00015644                _dl_next_ld_env_entry
                0x0001569c                unsetenv
                0x00015810                _dl_signal_exception
                0x00015858                _dl_signal_error
                0x000158b8                _dl_signal_cexception
                0x00015970                _dl_signal_cerror
                0x00015a2c                _dl_catch_exception
                0x00015b08                _dl_catch_error
                0x00015b54                _dl_receive_error
                0x00015b90                _rtld_catch_error
                0x00015c3c                _dl_important_hwcaps
                0x00016558                _dl_hwcaps_subdirs_active
                0x00016560                _dl_hwcaps_split
                0x000165f4                _dl_hwcaps_contains
                0x00016660                _dl_hwcaps_split_masked
                0x000166a4                __rtld_libc_freeres
                0x000166a8                __rtld_malloc_init_stubs
                0x000166f4                __sigjmp_save
                0x00016704                __strerror_r
                0x00016874                __GI___libc_fatal
                0x00016874                __libc_fatal
                0x0001688c                __GI___chk_fail
                0x0001688c                __chk_fail
                0x00016898                __GI___assert_fail
                0x00016898                __assert_fail
                0x000168e0                __rtld_malloc_is_complete
                0x00016a44                __rtld_malloc_init_real
                0x00016b40                __GI___assert_perror_fail
                0x00016b40                __assert_perror_fail
                0x00016ba8                _itoa
                0x00016c38                __strsep
                0x00016c38                strsep
                0x00016c38                __strsep_g
                0x00016cd8                __rtld_mutex_init
                0x00016e38                _dl_sysdep_start
                0x000170c4                _dl_sysdep_start_cleanup
                0x000170c8                _dl_show_auxv
                0x00017318                _dl_discover_osversion
                0x00017594                _dl_usage
                0x000175f4                _dl_version
                0x00017610                _dl_help
                0x00017bd0                _start
                0x00017be0                _dl_start_user
                0x00019058                handle_preload_list
                0x0001ccc0                __aeabi_read_tp
                0x0001ccc8                __brk
                0x0001ccc8                brk
                0x0001cd18                sbrk
                0x0001cd18                __sbrk
                0x0001cdac                __getcwd
                0x0001cdac                getcwd
                0x0001d47c                openat64
                0x0001d50c                __opendir
                0x0001d50c                opendir
                0x0001d610                __alloc_dir
                0x0001d6d8                __aeabi_unwind_cpp_pr0
                0x0001d6dc                __aeabi_unwind_cpp_pr1
                0x0001d6e0                __aeabi_unwind_cpp_pr2
 .text          0x0001d6e4       0xf4 /syscall-symphony/glibc-symphony/glibc-build/elf/rtld-libc.a(rtld-check_fds.os)
                0x0001d7a8                __libc_check_standard_fds
 .text          0x0001d7d8        0x0 /syscall-symphony/glibc-symphony/glibc-build/elf/rtld-libc.a(rtld-errno.os)
 .text          0x0001d7d8       0x4c /syscall-symphony/glibc-symphony/glibc-build/elf/rtld-libc.a(rtld-closedir.os)
                0x0001d7d8                __closedir
                0x0001d7d8                closedir
 .text          0x0001d824       0x30 /syscall-symphony/glibc-symphony/glibc-build/elf/rtld-libc.a(rtld-rewinddir.os)
                0x0001d824                rewinddir
                0x0001d824                __rewinddir
 .text          0x0001d854       0xbc /syscall-symphony/glibc-symphony/glibc-build/elf/rtld-libc.a(rtld-readdir64.os)
                0x0001d854                __readdir64
                0x0001d854                readdir64
 .text          0x0001d910       0xb0 /syscall-symphony/glibc-symphony/glibc-build/elf/rtld-libc.a(rtld-fdopendir.os)
                0x0001d910                fdopendir
                0x0001d910                __fdopendir
 .text          0x0001d9c0       0x44 /syscall-symphony/glibc-symphony/glibc-build/elf/rtld-libc.a(rtld-getdents64.os)
                0x0001d9c0                getdents64
                0x0001d9c0                __getdents64
 .text          0x0001da04       0x94 /syscall-symphony/glibc-symphony/glibc-build/elf/rtld-libc.a(rtld-dl-addr-obj.os)
                0x0001da04                _dl_addr_inside_object
 .text          0x0001da98      0x108 /syscall-symphony/glibc-symphony/glibc-build/elf/rtld-libc.a(rtld-profil.os)
                0x0001da98                __profil_counter
                0x0001dae4                __profil
                0x0001dae4                profil
 .text          0x0001dba0       0x14 /syscall-symphony/glibc-symphony/glibc-build/elf/rtld-libc.a(rtld-prof-freq.os)
                0x0001dba0                __profile_frequency
 .text          0x0001dbb4       0x5c /syscall-symphony/glibc-symphony/glibc-build/elf/rtld-libc.a(rtld-stat64.os)
                0x0001dbb4                __stat64_time64
                0x0001dbb4                __GI___stat64_time64
                0x0001dbc8                stat64
                0x0001dbc8                __stat64
                0x0001dbc8                __GI___stat64
 .text          0x0001dc10       0xac /syscall-symphony/glibc-symphony/glibc-build/elf/rtld-libc.a(rtld-fstat64.os)
                0x0001dc10                __GI___fstat64_time64
                0x0001dc10                __fstat64_time64
                0x0001dc4c                __GI___fstat64
                0x0001dc4c                fstat64
                0x0001dc4c                __fstat64
 .text          0x0001dcbc       0x5c /syscall-symphony/glibc-symphony/glibc-build/elf/rtld-libc.a(rtld-lstat64.os)
                0x0001dcbc                __GI___lstat64_time64
                0x0001dcbc                __lstat64_time64
                0x0001dcd0                __lstat64
                0x0001dcd0                lstat64
                0x0001dcd0                __GI___lstat64
 .text          0x0001dd18      0x2c4 /syscall-symphony/glibc-symphony/glibc-build/elf/rtld-libc.a(rtld-fstatat64.os)
                0x0001dd18                __fstatat64_time64
                0x0001dd18                __GI___fstatat64_time64
                0x0001dfa0                fstatat64
                0x0001dfa0                __fstatat64
                0x0001dfa0                __GI___fstatat64
 .text          0x0001dfdc       0x88 /syscall-symphony/glibc-symphony/glibc-build/elf/rtld-libc.a(rtld-openat64.os)
                0x0001dfdc                __openat64
                0x0001dfdc                __libc_openat64
 .text          0x0001e064       0x8c /syscall-symphony/glibc-symphony/glibc-build/elf/rtld-libc.a(rtld-lseek.os)
                0x0001e064                lseek
                0x0001e064                __lseek
                0x0001e064                __libc_lseek
 .text          0x0001e0f0       0x3c /syscall-symphony/glibc-symphony/glibc-build/elf/rtld-libc.a(rtld-access.os)
                0x0001e0f0                access
                0x0001e0f0                __access
 .text          0x0001e12c       0x3c /syscall-symphony/glibc-symphony/glibc-build/elf/rtld-libc.a(rtld-close_nocancel.os)
                0x0001e12c                __GI___close_nocancel
 .text          0x0001e168      0x160 /syscall-symphony/glibc-symphony/glibc-build/elf/rtld-libc.a(rtld-fcntl_nocancel.os)
                0x0001e168                __fcntl64_nocancel
                0x0001e168                __GI___fcntl64_nocancel
                0x0001e228                __fcntl64_nocancel_adjusted
 .text          0x0001e2c8       0x8c /syscall-symphony/glibc-symphony/glibc-build/elf/rtld-libc.a(rtld-open_nocancel.os)
                0x0001e2c8                __GI___open_nocancel
                0x0001e2c8                __open_nocancel
 .text          0x0001e354       0x90 /syscall-symphony/glibc-symphony/glibc-build/elf/rtld-libc.a(rtld-open64_nocancel.os)
                0x0001e354                __GI___open64_nocancel
                0x0001e354                __open64_nocancel
 .text          0x0001e3e4       0x3c /syscall-symphony/glibc-symphony/glibc-build/elf/rtld-libc.a(rtld-read_nocancel.os)
                0x0001e3e4                __read_nocancel
                0x0001e3e4                __GI___read_nocancel
 .text          0x0001e420       0x44 /syscall-symphony/glibc-symphony/glibc-build/elf/rtld-libc.a(rtld-pread64_nocancel.os)
                0x0001e420                __GI___pread64_nocancel
                0x0001e420                __pread64_nocancel
 .text          0x0001e464       0x3c /syscall-symphony/glibc-symphony/glibc-build/elf/rtld-libc.a(rtld-write_nocancel.os)
                0x0001e464                __GI___write_nocancel
                0x0001e464                __write_nocancel
 .text          0x0001e4a0       0xf0 /syscall-symphony/glibc-symphony/glibc-build/elf/rtld-libc.a(rtld-stat_t64_cp.os)
                0x0001e4a0                __cp_stat64_t64_stat64
 .text          0x0001e590       0xf0 /syscall-symphony/glibc-symphony/glibc-build/elf/rtld-libc.a(rtld-scratch_buffer_set_array_size.os)
                0x0001e590                __libc_scratch_buffer_set_array_size
 .text          0x0001e680       0x78 /syscall-symphony/glibc-symphony/glibc-build/elf/rtld-libc.a(rtld-mmap.os)
                0x0001e680                __mmap
                0x0001e680                mmap
 *fill*         0x0001e6f8        0x8 
 .text          0x0001e700       0x34 /syscall-symphony/glibc-symphony/glibc-build/elf/rtld-libc.a(rtld-munmap.os)
                0x0001e700                munmap
                0x0001e700                __GI___munmap
                0x0001e700                __GI_munmap
                0x0001e700                __munmap
 *fill*         0x0001e734        0xc 
 .text          0x0001e740       0x34 /syscall-symphony/glibc-symphony/glibc-build/elf/rtld-libc.a(rtld-mprotect.os)
                0x0001e740                __mprotect
                0x0001e740                __GI___mprotect
                0x0001e740                __GI_mprotect
                0x0001e740                mprotect
 .text          0x0001e774       0xb0 /syscall-symphony/glibc-symphony/glibc-build/elf/rtld-libc.a(rtld-atomic_wide_counter.os)
                0x0001e774                __atomic_wide_counter_fetch_add_relaxed
                0x0001e7e0                __atomic_wide_counter_load_relaxed
 .text          0x0001e824      0x12c /syscall-symphony/glibc-symphony/glibc-build/elf/rtld-libc.a(rtld-lowlevellock.os)
                0x0001e824                __lll_lock_wait_private
                0x0001e898                __lll_lock_wait
                0x0001e910                __lll_lock_wake_private
                0x0001e930                __lll_lock_wake
 .text          0x0001e950       0x34 /syscall-symphony/glibc-symphony/glibc-build/elf/rtld-libc.a(rtld-uname.os)
                0x0001e950                uname
                0x0001e950                __GI_uname
                0x0001e950                __uname
                0x0001e950                __GI___uname
 .text          0x0001e984       0x58 /syscall-symphony/glibc-symphony/glibc-build/elf/rtld-libc.a(rtld-_exit.os)
                0x0001e984                _Exit
                0x0001e984                __GI__exit
                0x0001e984                _exit
 *fill*         0x0001e9dc        0x4 
 .text          0x0001e9e0       0x14 /syscall-symphony/glibc-symphony/glibc-build/elf/rtld-libc.a(rtld-getpid.os)
                0x0001e9e0                __getpid
                0x0001e9e0                getpid
                0x0001e9e0                __GI_getpid
                0x0001e9e0                __GI___getpid
 .text          0x0001e9f4        0x0 /syscall-symphony/glibc-symphony/glibc-build/elf/rtld-libc.a(rtld-environ.os)
 *fill*         0x0001e9f4        0xc 
 .text          0x0001ea00       0x5c /syscall-symphony/glibc-symphony/glibc-build/elf/rtld-libc.a(rtld-setjmp.os)
                0x0001ea00                __sigsetjmp
                0x0001ea00                __GI___sigsetjmp
 *fill*         0x0001ea5c        0x4 
 .text          0x0001ea60       0x68 /syscall-symphony/glibc-symphony/glibc-build/elf/rtld-libc.a(rtld-__longjmp.os)
                0x0001ea60                __longjmp
 .text          0x0001eac8       0x38 /syscall-symphony/glibc-symphony/glibc-build/elf/rtld-libc.a(rtld-sigaction.os)
                0x0001eac8                sigaction
                0x0001eac8                __sigaction
 .text          0x0001eb00      0x130 /syscall-symphony/glibc-symphony/glibc-build/elf/rtld-libc.a(rtld-libc_sigaction.os)
                0x0001eb00                __libc_sigaction
 .text          0x0001ec30       0x28 /syscall-symphony/glibc-symphony/glibc-build/elf/rtld-libc.a(rtld-sigrestorer.os)
                0x0001ec40                __default_sa_restorer
                0x0001ec50                __default_rt_sa_restorer
 .text          0x0001ec58       0xe4 /syscall-symphony/glibc-symphony/glibc-build/elf/rtld-libc.a(rtld-memchr.os)
                0x0001ec58                memchr
                0x0001ec58                __memchr
 .text          0x0001ed3c      0x3e0 /syscall-symphony/glibc-symphony/glibc-build/elf/rtld-libc.a(rtld-memcmp.os)
                0x0001ed3c                bcmp
                0x0001ed3c                __memcmpeq
                0x0001ed3c                memcmp
 *fill*         0x0001f11c        0x4 
 .text          0x0001f120      0x310 /syscall-symphony/glibc-symphony/glibc-build/elf/rtld-libc.a(rtld-memcpy.os)
                0x0001f120                memcpy
 .text          0x0001f430      0x320 /syscall-symphony/glibc-symphony/glibc-build/elf/rtld-libc.a(rtld-memmove.os)
                0x0001f430                memmove
 .text          0x0001f750       0x7c /syscall-symphony/glibc-symphony/glibc-build/elf/rtld-libc.a(rtld-memset.os)
                0x0001f750                memset
 *fill*         0x0001f7cc        0x4 
 .text          0x0001f7d0       0x8c /syscall-symphony/glibc-symphony/glibc-build/elf/rtld-libc.a(rtld-rawmemchr.os)
                0x0001f7d0                __rawmemchr
                0x0001f7d0                rawmemchr
 *fill*         0x0001f85c        0x4 
 .text          0x0001f860       0xcc /syscall-symphony/glibc-symphony/glibc-build/elf/rtld-libc.a(rtld-strchr.os)
                0x0001f860                index
                0x0001f860                strchr
 .text          0x0001f92c       0x28 /syscall-symphony/glibc-symphony/glibc-build/elf/rtld-libc.a(rtld-strcmp.os)
                0x0001f92c                strcmp
 *fill*         0x0001f954        0xc 
 .text          0x0001f960      0x264 /syscall-symphony/glibc-symphony/glibc-build/elf/rtld-libc.a(rtld-strcpy.os)
                0x0001f960                stpcpy
                0x0001f960                __stpcpy
                0x0001f970                strcpy
 .text          0x0001fbc4      0x144 /syscall-symphony/glibc-symphony/glibc-build/elf/rtld-libc.a(rtld-strcspn.os)
                0x0001fbc4                strcspn
 .text          0x0001fd08       0x54 /syscall-symphony/glibc-symphony/glibc-build/elf/rtld-libc.a(rtld-strdup.os)
                0x0001fd08                __strdup
                0x0001fd08                strdup
 .text          0x0001fd5c        0x4 /syscall-symphony/glibc-symphony/glibc-build/elf/rtld-libc.a(rtld-strerrorname_np.os)
                0x0001fd5c                strerrorname_np
 .text          0x0001fd60       0x80 /syscall-symphony/glibc-symphony/glibc-build/elf/rtld-libc.a(rtld-strlen.os)
                0x0001fd60                strlen
 .text          0x0001fde0      0x110 /syscall-symphony/glibc-symphony/glibc-build/elf/rtld-libc.a(rtld-strncmp.os)
                0x0001fde0                strncmp
 .text          0x0001fef0      0x10c /syscall-symphony/glibc-symphony/glibc-build/elf/rtld-libc.a(rtld-strnlen.os)
                0x0001fef0                __strnlen
                0x0001fef0                strnlen
 .text          0x0001fffc       0xd8 /syscall-symphony/glibc-symphony/glibc-build/elf/rtld-libc.a(rtld-strchrnul.os)
                0x0001fffc                __strchrnul
                0x0001fffc                strchrnul
 .text          0x000200d4      0x1ac /syscall-symphony/glibc-symphony/glibc-build/elf/rtld-libc.a(rtld-setitimer.os)
                0x000200d4                __setitimer64
                0x000201e8                setitimer
                0x000201e8                __setitimer
 .text          0x00020280       0x6c /syscall-symphony/glibc-symphony/glibc-build/elf/rtld-libc.a(rtld-errlist.os)
                0x00020280                __get_errlist
                0x000202a4                __get_errname
 .text          0x000202ec      0x20c /usr/lib/gcc/arm-linux-gnueabihf/10/libgcc.a(_udivsi3.o)
                0x000202ec                __udivsi3
                0x000202ec                __aeabi_uidiv
                0x000204d8                __aeabi_uidivmod
 .text          0x000204f8      0x240 /usr/lib/gcc/arm-linux-gnueabihf/10/libgcc.a(_divsi3.o)
                0x000204f8                __aeabi_idiv
                0x000204f8                __divsi3
                0x00020718                __aeabi_idivmod
 .text          0x00020738       0x3c /usr/lib/gcc/arm-linux-gnueabihf/10/libgcc.a(_aeabi_uldivmod.o)
                0x00020738                __aeabi_uldivmod
 .text          0x00020774       0x10 /usr/lib/gcc/arm-linux-gnueabihf/10/libgcc.a(_dvmd_lnx.o)
                0x00020774                __aeabi_ldiv0
                0x00020774                __aeabi_idiv0
 .text          0x00020784      0x120 /usr/lib/gcc/arm-linux-gnueabihf/10/libgcc.a(_udivmoddi4.o)
                0x00020784                __udivmoddi4
 .text          0x000208a4       0x40 /syscall-symphony/glibc-symphony/glibc-build/elf/rtld-libc.a(rtld-raise.os)
                0x000208a4                gsignal
                0x000208a4                raise
 .text          0x000208e4      0x154 /syscall-symphony/glibc-symphony/glibc-build/elf/rtld-libc.a(rtld-pthread_kill.os)
                0x00020a1c                __pthread_kill_internal
                0x00020a20                __pthread_kill
 .text          0x00020a38       0x10 /syscall-symphony/glibc-symphony/glibc-build/elf/rtld-libc.a(rtld-pthread_self.os)
                0x00020a38                pthread_self
                0x00020a38                __pthread_self
 *(.gnu.warning)

.text.compat    0x00000000        0x4
 .text.compat   0x00000000        0x4 /syscall-symphony/glibc-symphony/glibc-build/elf/dl-allobjs.os
                0x00000000                __rtld_version_placeholder_1
                0x00000000                __rtld_version_placeholder@GLIBC_2.34

.fini
 *(SORT_NONE(.fini))

.rodata         0x00000000     0x10a8
 *(.rodata)
 .rodata        0x00000000      0xac4 /syscall-symphony/glibc-symphony/glibc-build/elf/dl-allobjs.os
 .rodata        0x00000ac4      0x564 /syscall-symphony/glibc-symphony/glibc-build/elf/rtld-libc.a(rtld-errlist.os)
 .rodata        0x00001028       0x80 /syscall-symphony/glibc-symphony/glibc-build/elf/rtld-libc.a(rtld-pthread_kill.os)

.rodata.str1.4  0x00000000     0x51e7
 .rodata.str1.4
                0x00000000     0x44a9 /syscall-symphony/glibc-symphony/glibc-build/elf/dl-allobjs.os
                0x000027a0                _dl_hwcaps_subdirs
                0x000029b4                __GI__itoa_lower_digits
                0x000029b4                _itoa_lower_digits
 *fill*         0x000044a9        0x3 
 .rodata.str1.4
                0x000044ac       0x16 /syscall-symphony/glibc-symphony/glibc-build/elf/rtld-libc.a(rtld-check_fds.os)
 *fill*         0x000044c2        0x2 
 .rodata.str1.4
                0x000044c4        0x1 /syscall-symphony/glibc-symphony/glibc-build/elf/rtld-libc.a(rtld-fstat64.os)
 *fill*         0x000044c5        0x3 
 .rodata.str1.4
                0x000044c8       0x37 /syscall-symphony/glibc-symphony/glibc-build/elf/rtld-libc.a(rtld-lowlevellock.os)
 *fill*         0x000044ff        0x1 
 .rodata.str1.4
                0x00004500      0xce7 /syscall-symphony/glibc-symphony/glibc-build/elf/rtld-libc.a(rtld-errlist.os)

.rodata.cst4    0x00000000        0x8
 .rodata.cst4   0x00000000        0x8 /syscall-symphony/glibc-symphony/glibc-build/elf/dl-allobjs.os
                0x00000004                __rseq_flags

.rodata1
 *(.rodata1)

.ARM.extab      0x00000000       0x24
 *(.ARM.extab)
 .ARM.extab     0x00000000        0xc /syscall-symphony/glibc-symphony/glibc-build/elf/dl-allobjs.os
 .ARM.extab     0x0000000c        0x0 /syscall-symphony/glibc-symphony/glibc-build/elf/rtld-libc.a(rtld-munmap.os)
 .ARM.extab     0x0000000c        0x0 /syscall-symphony/glibc-symphony/glibc-build/elf/rtld-libc.a(rtld-mprotect.os)
 .ARM.extab     0x0000000c        0x0 /syscall-symphony/glibc-symphony/glibc-build/elf/rtld-libc.a(rtld-uname.os)
 .ARM.extab     0x0000000c        0x0 /syscall-symphony/glibc-symphony/glibc-build/elf/rtld-libc.a(rtld-getpid.os)
 .ARM.extab     0x0000000c       0x18 /syscall-symphony/glibc-symphony/glibc-build/elf/rtld-libc.a(rtld-sigrestorer.os)
 .ARM.extab     0x00000024        0x0 /usr/lib/gcc/arm-linux-gnueabihf/10/libgcc.a(_udivmoddi4.o)
 .ARM.extab     0x00000024        0x0 /syscall-symphony/glibc-symphony/glibc-build/elf/rtld-libc.a(rtld-raise.os)
 .ARM.extab     0x00000024        0x0 /syscall-symphony/glibc-symphony/glibc-build/elf/rtld-libc.a(rtld-pthread_kill.os)

.ARM.exidx      0x00000000       0xd8
 *(.ARM.exidx)
 .ARM.exidx     0x00000000       0x58 /syscall-symphony/glibc-symphony/glibc-build/elf/dl-allobjs.os
 .ARM.exidx     0x00000058        0x8 /syscall-symphony/glibc-symphony/glibc-build/elf/rtld-libc.a(rtld-munmap.os)
 .ARM.exidx     0x00000060       0x10 /syscall-symphony/glibc-symphony/glibc-build/elf/rtld-libc.a(rtld-mprotect.os)
                                  0x8 (size before relaxing)
 .ARM.exidx     0x00000070       0x10 /syscall-symphony/glibc-symphony/glibc-build/elf/rtld-libc.a(rtld-uname.os)
                                  0x8 (size before relaxing)
 .ARM.exidx     0x00000080       0x10 /syscall-symphony/glibc-symphony/glibc-build/elf/rtld-libc.a(rtld-getpid.os)
                                  0x8 (size before relaxing)
 .ARM.exidx     0x00000090       0x18 /syscall-symphony/glibc-symphony/glibc-build/elf/rtld-libc.a(rtld-sigrestorer.os)
                                 0x10 (size before relaxing)
 .ARM.exidx     0x000000a8        0x8 /usr/lib/gcc/arm-linux-gnueabihf/10/libgcc.a(_udivmoddi4.o)
 .ARM.exidx     0x000000b0        0x8 /syscall-symphony/glibc-symphony/glibc-build/elf/rtld-libc.a(rtld-raise.os)
 .ARM.exidx     0x000000b8       0x20 /syscall-symphony/glibc-symphony/glibc-build/elf/rtld-libc.a(rtld-pthread_kill.os)
                                 0x18 (size before relaxing)

.eh_frame_hdr
 *(.eh_frame_hdr)

.eh_frame
 *(.eh_frame)

.gcc_except_table
 *(.gcc_except_table)

.gnu_extab
 *(.gnu_extab*)

.exception_ranges
 *(.exception_ranges)

.eh_frame
 *(.eh_frame)

.gnu_extab
 *(.gnu_extab)

.gcc_except_table
 *(.gcc_except_table)

.exception_ranges
 *(.exception_ranges)

.tdata
 *(.tdata)

.tbss
 *(.tbss)

.jcr
 *(.jcr)

.dynamic
 *(.dynamic)

.got
 *(.got)

.data           0x00000000      0x938
 *(.data)
 .data          0x00000000      0x938 /syscall-symphony/glibc-symphony/glibc-build/elf/dl-allobjs.os
                0x00000010                _rtld_global
                0x00000010                _rtld_local
 .data          0x00000938        0x0 /syscall-symphony/glibc-symphony/glibc-build/elf/rtld-libc.a(rtld-check_fds.os)
 .data          0x00000938        0x0 /syscall-symphony/glibc-symphony/glibc-build/elf/rtld-libc.a(rtld-errno.os)
 .data          0x00000938        0x0 /syscall-symphony/glibc-symphony/glibc-build/elf/rtld-libc.a(rtld-closedir.os)
 .data          0x00000938        0x0 /syscall-symphony/glibc-symphony/glibc-build/elf/rtld-libc.a(rtld-rewinddir.os)
 .data          0x00000938        0x0 /syscall-symphony/glibc-symphony/glibc-build/elf/rtld-libc.a(rtld-readdir64.os)
 .data          0x00000938        0x0 /syscall-symphony/glibc-symphony/glibc-build/elf/rtld-libc.a(rtld-fdopendir.os)
 .data          0x00000938        0x0 /syscall-symphony/glibc-symphony/glibc-build/elf/rtld-libc.a(rtld-getdents64.os)
 .data          0x00000938        0x0 /syscall-symphony/glibc-symphony/glibc-build/elf/rtld-libc.a(rtld-dl-addr-obj.os)
 .data          0x00000938        0x0 /syscall-symphony/glibc-symphony/glibc-build/elf/rtld-libc.a(rtld-profil.os)
 .data          0x00000938        0x0 /syscall-symphony/glibc-symphony/glibc-build/elf/rtld-libc.a(rtld-prof-freq.os)
 .data          0x00000938        0x0 /syscall-symphony/glibc-symphony/glibc-build/elf/rtld-libc.a(rtld-stat64.os)
 .data          0x00000938        0x0 /syscall-symphony/glibc-symphony/glibc-build/elf/rtld-libc.a(rtld-fstat64.os)
 .data          0x00000938        0x0 /syscall-symphony/glibc-symphony/glibc-build/elf/rtld-libc.a(rtld-lstat64.os)
 .data          0x00000938        0x0 /syscall-symphony/glibc-symphony/glibc-build/elf/rtld-libc.a(rtld-fstatat64.os)
 .data          0x00000938        0x0 /syscall-symphony/glibc-symphony/glibc-build/elf/rtld-libc.a(rtld-openat64.os)
 .data          0x00000938        0x0 /syscall-symphony/glibc-symphony/glibc-build/elf/rtld-libc.a(rtld-lseek.os)
 .data          0x00000938        0x0 /syscall-symphony/glibc-symphony/glibc-build/elf/rtld-libc.a(rtld-access.os)
 .data          0x00000938        0x0 /syscall-symphony/glibc-symphony/glibc-build/elf/rtld-libc.a(rtld-close_nocancel.os)
 .data          0x00000938        0x0 /syscall-symphony/glibc-symphony/glibc-build/elf/rtld-libc.a(rtld-fcntl_nocancel.os)
 .data          0x00000938        0x0 /syscall-symphony/glibc-symphony/glibc-build/elf/rtld-libc.a(rtld-open_nocancel.os)
 .data          0x00000938        0x0 /syscall-symphony/glibc-symphony/glibc-build/elf/rtld-libc.a(rtld-open64_nocancel.os)
 .data          0x00000938        0x0 /syscall-symphony/glibc-symphony/glibc-build/elf/rtld-libc.a(rtld-read_nocancel.os)
 .data          0x00000938        0x0 /syscall-symphony/glibc-symphony/glibc-build/elf/rtld-libc.a(rtld-pread64_nocancel.os)
 .data          0x00000938        0x0 /syscall-symphony/glibc-symphony/glibc-build/elf/rtld-libc.a(rtld-write_nocancel.os)
 .data          0x00000938        0x0 /syscall-symphony/glibc-symphony/glibc-build/elf/rtld-libc.a(rtld-stat_t64_cp.os)
 .data          0x00000938        0x0 /syscall-symphony/glibc-symphony/glibc-build/elf/rtld-libc.a(rtld-scratch_buffer_set_array_size.os)
 .data          0x00000938        0x0 /syscall-symphony/glibc-symphony/glibc-build/elf/rtld-libc.a(rtld-mmap.os)
 .data          0x00000938        0x0 /syscall-symphony/glibc-symphony/glibc-build/elf/rtld-libc.a(rtld-munmap.os)
 .data          0x00000938        0x0 /syscall-symphony/glibc-symphony/glibc-build/elf/rtld-libc.a(rtld-mprotect.os)
 .data          0x00000938        0x0 /syscall-symphony/glibc-symphony/glibc-build/elf/rtld-libc.a(rtld-atomic_wide_counter.os)
 .data          0x00000938        0x0 /syscall-symphony/glibc-symphony/glibc-build/elf/rtld-libc.a(rtld-lowlevellock.os)
 .data          0x00000938        0x0 /syscall-symphony/glibc-symphony/glibc-build/elf/rtld-libc.a(rtld-uname.os)
 .data          0x00000938        0x0 /syscall-symphony/glibc-symphony/glibc-build/elf/rtld-libc.a(rtld-_exit.os)
 .data          0x00000938        0x0 /syscall-symphony/glibc-symphony/glibc-build/elf/rtld-libc.a(rtld-getpid.os)
 .data          0x00000938        0x0 /syscall-symphony/glibc-symphony/glibc-build/elf/rtld-libc.a(rtld-environ.os)
 .data          0x00000938        0x0 /syscall-symphony/glibc-symphony/glibc-build/elf/rtld-libc.a(rtld-setjmp.os)
 .data          0x00000938        0x0 /syscall-symphony/glibc-symphony/glibc-build/elf/rtld-libc.a(rtld-__longjmp.os)
 .data          0x00000938        0x0 /syscall-symphony/glibc-symphony/glibc-build/elf/rtld-libc.a(rtld-sigaction.os)
 .data          0x00000938        0x0 /syscall-symphony/glibc-symphony/glibc-build/elf/rtld-libc.a(rtld-libc_sigaction.os)
 .data          0x00000938        0x0 /syscall-symphony/glibc-symphony/glibc-build/elf/rtld-libc.a(rtld-sigrestorer.os)
 .data          0x00000938        0x0 /syscall-symphony/glibc-symphony/glibc-build/elf/rtld-libc.a(rtld-memchr.os)
 .data          0x00000938        0x0 /syscall-symphony/glibc-symphony/glibc-build/elf/rtld-libc.a(rtld-memcmp.os)
 .data          0x00000938        0x0 /syscall-symphony/glibc-symphony/glibc-build/elf/rtld-libc.a(rtld-memcpy.os)
 .data          0x00000938        0x0 /syscall-symphony/glibc-symphony/glibc-build/elf/rtld-libc.a(rtld-memmove.os)
 .data          0x00000938        0x0 /syscall-symphony/glibc-symphony/glibc-build/elf/rtld-libc.a(rtld-memset.os)
 .data          0x00000938        0x0 /syscall-symphony/glibc-symphony/glibc-build/elf/rtld-libc.a(rtld-rawmemchr.os)
 .data          0x00000938        0x0 /syscall-symphony/glibc-symphony/glibc-build/elf/rtld-libc.a(rtld-strchr.os)
 .data          0x00000938        0x0 /syscall-symphony/glibc-symphony/glibc-build/elf/rtld-libc.a(rtld-strcmp.os)
 .data          0x00000938        0x0 /syscall-symphony/glibc-symphony/glibc-build/elf/rtld-libc.a(rtld-strcpy.os)
 .data          0x00000938        0x0 /syscall-symphony/glibc-symphony/glibc-build/elf/rtld-libc.a(rtld-strcspn.os)
 .data          0x00000938        0x0 /syscall-symphony/glibc-symphony/glibc-build/elf/rtld-libc.a(rtld-strdup.os)
 .data          0x00000938        0x0 /syscall-symphony/glibc-symphony/glibc-build/elf/rtld-libc.a(rtld-strerrorname_np.os)
 .data          0x00000938        0x0 /syscall-symphony/glibc-symphony/glibc-build/elf/rtld-libc.a(rtld-strlen.os)
 .data          0x00000938        0x0 /syscall-symphony/glibc-symphony/glibc-build/elf/rtld-libc.a(rtld-strncmp.os)
 .data          0x00000938        0x0 /syscall-symphony/glibc-symphony/glibc-build/elf/rtld-libc.a(rtld-strnlen.os)
 .data          0x00000938        0x0 /syscall-symphony/glibc-symphony/glibc-build/elf/rtld-libc.a(rtld-strchrnul.os)
 .data          0x00000938        0x0 /syscall-symphony/glibc-symphony/glibc-build/elf/rtld-libc.a(rtld-setitimer.os)
 .data          0x00000938        0x0 /syscall-symphony/glibc-symphony/glibc-build/elf/rtld-libc.a(rtld-errlist.os)
 .data          0x00000938        0x0 /usr/lib/gcc/arm-linux-gnueabihf/10/libgcc.a(_udivsi3.o)
 .data          0x00000938        0x0 /usr/lib/gcc/arm-linux-gnueabihf/10/libgcc.a(_divsi3.o)
 .data          0x00000938        0x0 /usr/lib/gcc/arm-linux-gnueabihf/10/libgcc.a(_aeabi_uldivmod.o)
 .data          0x00000938        0x0 /usr/lib/gcc/arm-linux-gnueabihf/10/libgcc.a(_dvmd_lnx.o)
 .data          0x00000938        0x0 /usr/lib/gcc/arm-linux-gnueabihf/10/libgcc.a(_udivmoddi4.o)
 .data          0x00000938        0x0 /syscall-symphony/glibc-symphony/glibc-build/elf/rtld-libc.a(rtld-raise.os)
 .data          0x00000938        0x0 /syscall-symphony/glibc-symphony/glibc-build/elf/rtld-libc.a(rtld-pthread_kill.os)
 .data          0x00000938        0x0 /syscall-symphony/glibc-symphony/glibc-build/elf/rtld-libc.a(rtld-pthread_self.os)

.data.rel.ro    0x00000000      0xe30
 .data.rel.ro   0x00000000      0xe30 /syscall-symphony/glibc-symphony/glibc-build/elf/dl-allobjs.os
                0x0000002c                __rtld_env_path_list
                0x00000034                __rtld_search_dirs
                0x0000003c                __stack_prot
                0x00000040                __rseq_offset
                0x00000044                __rseq_size
                0x00000c18                __rtld_calloc
                0x00000c1c                __rtld_free
                0x00000c20                __rtld_malloc
                0x00000c24                __rtld_realloc
                0x00000c28                ___rtld_mutex_lock
                0x00000c2c                ___rtld_mutex_unlock
                0x00000c30                __libc_stack_end
                0x00000c30                __GI___libc_stack_end
                0x00000c34                __GI___libc_enable_secure
                0x00000c34                __libc_enable_secure
                0x00000c38                _dl_random
                0x00000c40                _dl_argc
                0x00000c44                __pointer_chk_guard
                0x00000c44                __pointer_chk_guard_local
                0x00000c48                __stack_chk_guard
                0x00000c50                _rtld_global_ro
                0x00000c50                _rtld_local_ro

.data.rel.ro.local
                0x00000000      0x218
 .data.rel.ro.local
                0x00000000      0x218 /syscall-symphony/glibc-symphony/glibc-build/elf/rtld-libc.a(rtld-errlist.os)
                0x00000000                _sys_errlist_internal

.data1
 *(.data1)

.bss            0x00000000       0xf8
 *(.bss)
 .bss           0x00000000       0xe0 /syscall-symphony/glibc-symphony/glibc-build/elf/dl-allobjs.os
                0x00000004                _r_debug_extended
                0x00000004                _r_debug
                0x00000074                __nptl_initial_report_events
                0x00000074                __GI___nptl_initial_report_events
                0x00000075                __GI___nptl_set_robust_list_avail
                0x00000075                __nptl_set_robust_list_avail
                0x0000009c                _dl_hwcaps_priorities
                0x000000a0                _dl_hwcaps_priorities_length
                0x000000a4                __GI__dl_argv
                0x000000a4                _dl_argv
                0x000000b4                _dl_skip_args
                0x000000dc                __curbrk
 .bss           0x000000e0        0x0 /syscall-symphony/glibc-symphony/glibc-build/elf/rtld-libc.a(rtld-check_fds.os)
 .bss           0x000000e0        0x4 /syscall-symphony/glibc-symphony/glibc-build/elf/rtld-libc.a(rtld-errno.os)
                0x000000e0                rtld_errno
 .bss           0x000000e4        0x0 /syscall-symphony/glibc-symphony/glibc-build/elf/rtld-libc.a(rtld-closedir.os)
 .bss           0x000000e4        0x0 /syscall-symphony/glibc-symphony/glibc-build/elf/rtld-libc.a(rtld-rewinddir.os)
 .bss           0x000000e4        0x0 /syscall-symphony/glibc-symphony/glibc-build/elf/rtld-libc.a(rtld-readdir64.os)
 .bss           0x000000e4        0x0 /syscall-symphony/glibc-symphony/glibc-build/elf/rtld-libc.a(rtld-fdopendir.os)
 .bss           0x000000e4        0x0 /syscall-symphony/glibc-symphony/glibc-build/elf/rtld-libc.a(rtld-getdents64.os)
 .bss           0x000000e4        0x0 /syscall-symphony/glibc-symphony/glibc-build/elf/rtld-libc.a(rtld-dl-addr-obj.os)
 .bss           0x000000e4       0x10 /syscall-symphony/glibc-symphony/glibc-build/elf/rtld-libc.a(rtld-profil.os)
 .bss           0x000000f4        0x0 /syscall-symphony/glibc-symphony/glibc-build/elf/rtld-libc.a(rtld-prof-freq.os)
 .bss           0x000000f4        0x0 /syscall-symphony/glibc-symphony/glibc-build/elf/rtld-libc.a(rtld-stat64.os)
 .bss           0x000000f4        0x0 /syscall-symphony/glibc-symphony/glibc-build/elf/rtld-libc.a(rtld-fstat64.os)
 .bss           0x000000f4        0x0 /syscall-symphony/glibc-symphony/glibc-build/elf/rtld-libc.a(rtld-lstat64.os)
 .bss           0x000000f4        0x0 /syscall-symphony/glibc-symphony/glibc-build/elf/rtld-libc.a(rtld-fstatat64.os)
 .bss           0x000000f4        0x0 /syscall-symphony/glibc-symphony/glibc-build/elf/rtld-libc.a(rtld-openat64.os)
 .bss           0x000000f4        0x0 /syscall-symphony/glibc-symphony/glibc-build/elf/rtld-libc.a(rtld-lseek.os)
 .bss           0x000000f4        0x0 /syscall-symphony/glibc-symphony/glibc-build/elf/rtld-libc.a(rtld-access.os)
 .bss           0x000000f4        0x0 /syscall-symphony/glibc-symphony/glibc-build/elf/rtld-libc.a(rtld-close_nocancel.os)
 .bss           0x000000f4        0x0 /syscall-symphony/glibc-symphony/glibc-build/elf/rtld-libc.a(rtld-fcntl_nocancel.os)
 .bss           0x000000f4        0x0 /syscall-symphony/glibc-symphony/glibc-build/elf/rtld-libc.a(rtld-open_nocancel.os)
 .bss           0x000000f4        0x0 /syscall-symphony/glibc-symphony/glibc-build/elf/rtld-libc.a(rtld-open64_nocancel.os)
 .bss           0x000000f4        0x0 /syscall-symphony/glibc-symphony/glibc-build/elf/rtld-libc.a(rtld-read_nocancel.os)
 .bss           0x000000f4        0x0 /syscall-symphony/glibc-symphony/glibc-build/elf/rtld-libc.a(rtld-pread64_nocancel.os)
 .bss           0x000000f4        0x0 /syscall-symphony/glibc-symphony/glibc-build/elf/rtld-libc.a(rtld-write_nocancel.os)
 .bss           0x000000f4        0x0 /syscall-symphony/glibc-symphony/glibc-build/elf/rtld-libc.a(rtld-stat_t64_cp.os)
 .bss           0x000000f4        0x0 /syscall-symphony/glibc-symphony/glibc-build/elf/rtld-libc.a(rtld-scratch_buffer_set_array_size.os)
 .bss           0x000000f4        0x0 /syscall-symphony/glibc-symphony/glibc-build/elf/rtld-libc.a(rtld-mmap.os)
 .bss           0x000000f4        0x0 /syscall-symphony/glibc-symphony/glibc-build/elf/rtld-libc.a(rtld-munmap.os)
 .bss           0x000000f4        0x0 /syscall-symphony/glibc-symphony/glibc-build/elf/rtld-libc.a(rtld-mprotect.os)
 .bss           0x000000f4        0x0 /syscall-symphony/glibc-symphony/glibc-build/elf/rtld-libc.a(rtld-atomic_wide_counter.os)
 .bss           0x000000f4        0x0 /syscall-symphony/glibc-symphony/glibc-build/elf/rtld-libc.a(rtld-lowlevellock.os)
 .bss           0x000000f4        0x0 /syscall-symphony/glibc-symphony/glibc-build/elf/rtld-libc.a(rtld-uname.os)
 .bss           0x000000f4        0x0 /syscall-symphony/glibc-symphony/glibc-build/elf/rtld-libc.a(rtld-_exit.os)
 .bss           0x000000f4        0x0 /syscall-symphony/glibc-symphony/glibc-build/elf/rtld-libc.a(rtld-getpid.os)
 .bss           0x000000f4        0x4 /syscall-symphony/glibc-symphony/glibc-build/elf/rtld-libc.a(rtld-environ.os)
                0x000000f4                _environ
                0x000000f4                __environ
                0x000000f4                environ
 .bss           0x000000f8        0x0 /syscall-symphony/glibc-symphony/glibc-build/elf/rtld-libc.a(rtld-setjmp.os)
 .bss           0x000000f8        0x0 /syscall-symphony/glibc-symphony/glibc-build/elf/rtld-libc.a(rtld-__longjmp.os)
 .bss           0x000000f8        0x0 /syscall-symphony/glibc-symphony/glibc-build/elf/rtld-libc.a(rtld-sigaction.os)
 .bss           0x000000f8        0x0 /syscall-symphony/glibc-symphony/glibc-build/elf/rtld-libc.a(rtld-libc_sigaction.os)
 .bss           0x000000f8        0x0 /syscall-symphony/glibc-symphony/glibc-build/elf/rtld-libc.a(rtld-sigrestorer.os)
 .bss           0x000000f8        0x0 /syscall-symphony/glibc-symphony/glibc-build/elf/rtld-libc.a(rtld-memchr.os)
 .bss           0x000000f8        0x0 /syscall-symphony/glibc-symphony/glibc-build/elf/rtld-libc.a(rtld-memcmp.os)
 .bss           0x000000f8        0x0 /syscall-symphony/glibc-symphony/glibc-build/elf/rtld-libc.a(rtld-memcpy.os)
 .bss           0x000000f8        0x0 /syscall-symphony/glibc-symphony/glibc-build/elf/rtld-libc.a(rtld-memmove.os)
 .bss           0x000000f8        0x0 /syscall-symphony/glibc-symphony/glibc-build/elf/rtld-libc.a(rtld-memset.os)
 .bss           0x000000f8        0x0 /syscall-symphony/glibc-symphony/glibc-build/elf/rtld-libc.a(rtld-rawmemchr.os)
 .bss           0x000000f8        0x0 /syscall-symphony/glibc-symphony/glibc-build/elf/rtld-libc.a(rtld-strchr.os)
 .bss           0x000000f8        0x0 /syscall-symphony/glibc-symphony/glibc-build/elf/rtld-libc.a(rtld-strcmp.os)
 .bss           0x000000f8        0x0 /syscall-symphony/glibc-symphony/glibc-build/elf/rtld-libc.a(rtld-strcpy.os)
 .bss           0x000000f8        0x0 /syscall-symphony/glibc-symphony/glibc-build/elf/rtld-libc.a(rtld-strcspn.os)
 .bss           0x000000f8        0x0 /syscall-symphony/glibc-symphony/glibc-build/elf/rtld-libc.a(rtld-strdup.os)
 .bss           0x000000f8        0x0 /syscall-symphony/glibc-symphony/glibc-build/elf/rtld-libc.a(rtld-strerrorname_np.os)
 .bss           0x000000f8        0x0 /syscall-symphony/glibc-symphony/glibc-build/elf/rtld-libc.a(rtld-strlen.os)
 .bss           0x000000f8        0x0 /syscall-symphony/glibc-symphony/glibc-build/elf/rtld-libc.a(rtld-strncmp.os)
 .bss           0x000000f8        0x0 /syscall-symphony/glibc-symphony/glibc-build/elf/rtld-libc.a(rtld-strnlen.os)
 .bss           0x000000f8        0x0 /syscall-symphony/glibc-symphony/glibc-build/elf/rtld-libc.a(rtld-strchrnul.os)
 .bss           0x000000f8        0x0 /syscall-symphony/glibc-symphony/glibc-build/elf/rtld-libc.a(rtld-setitimer.os)
 .bss           0x000000f8        0x0 /syscall-symphony/glibc-symphony/glibc-build/elf/rtld-libc.a(rtld-errlist.os)
 .bss           0x000000f8        0x0 /usr/lib/gcc/arm-linux-gnueabihf/10/libgcc.a(_udivsi3.o)
 .bss           0x000000f8        0x0 /usr/lib/gcc/arm-linux-gnueabihf/10/libgcc.a(_divsi3.o)
 .bss           0x000000f8        0x0 /usr/lib/gcc/arm-linux-gnueabihf/10/libgcc.a(_aeabi_uldivmod.o)
 .bss           0x000000f8        0x0 /usr/lib/gcc/arm-linux-gnueabihf/10/libgcc.a(_dvmd_lnx.o)
 .bss           0x000000f8        0x0 /usr/lib/gcc/arm-linux-gnueabihf/10/libgcc.a(_udivmoddi4.o)
 .bss           0x000000f8        0x0 /syscall-symphony/glibc-symphony/glibc-build/elf/rtld-libc.a(rtld-raise.os)
 .bss           0x000000f8        0x0 /syscall-symphony/glibc-symphony/glibc-build/elf/rtld-libc.a(rtld-pthread_kill.os)
 .bss           0x000000f8        0x0 /syscall-symphony/glibc-symphony/glibc-build/elf/rtld-libc.a(rtld-pthread_self.os)

.stab
 *(.stab)

.stabstr
 *(.stabstr)

.stab.excl
 *(.stab.excl)

.stab.exclstr
 *(.stab.exclstr)

.stab.index
 *(.stab.index)

.stab.indexstr
 *(.stab.indexstr)

.comment        0x00000000     0x128b
 *(.comment)
 .comment       0x00000000      0x9ea /syscall-symphony/glibc-symphony/glibc-build/elf/dl-allobjs.os
 .comment       0x000009ea       0x2f /syscall-symphony/glibc-symphony/glibc-build/elf/rtld-libc.a(rtld-check_fds.os)
 .comment       0x00000a19       0x2f /syscall-symphony/glibc-symphony/glibc-build/elf/rtld-libc.a(rtld-errno.os)
 .comment       0x00000a48       0x2f /syscall-symphony/glibc-symphony/glibc-build/elf/rtld-libc.a(rtld-closedir.os)
 .comment       0x00000a77       0x2f /syscall-symphony/glibc-symphony/glibc-build/elf/rtld-libc.a(rtld-rewinddir.os)
 .comment       0x00000aa6       0x2f /syscall-symphony/glibc-symphony/glibc-build/elf/rtld-libc.a(rtld-readdir64.os)
 .comment       0x00000ad5       0x2f /syscall-symphony/glibc-symphony/glibc-build/elf/rtld-libc.a(rtld-fdopendir.os)
 .comment       0x00000b04       0x2f /syscall-symphony/glibc-symphony/glibc-build/elf/rtld-libc.a(rtld-getdents64.os)
 .comment       0x00000b33       0x2f /syscall-symphony/glibc-symphony/glibc-build/elf/rtld-libc.a(rtld-dl-addr-obj.os)
 .comment       0x00000b62       0x2f /syscall-symphony/glibc-symphony/glibc-build/elf/rtld-libc.a(rtld-profil.os)
 .comment       0x00000b91       0x2f /syscall-symphony/glibc-symphony/glibc-build/elf/rtld-libc.a(rtld-prof-freq.os)
 .comment       0x00000bc0       0x2f /syscall-symphony/glibc-symphony/glibc-build/elf/rtld-libc.a(rtld-stat64.os)
 .comment       0x00000bef       0x2f /syscall-symphony/glibc-symphony/glibc-build/elf/rtld-libc.a(rtld-fstat64.os)
 .comment       0x00000c1e       0x2f /syscall-symphony/glibc-symphony/glibc-build/elf/rtld-libc.a(rtld-lstat64.os)
 .comment       0x00000c4d       0x2f /syscall-symphony/glibc-symphony/glibc-build/elf/rtld-libc.a(rtld-fstatat64.os)
 .comment       0x00000c7c       0x2f /syscall-symphony/glibc-symphony/glibc-build/elf/rtld-libc.a(rtld-openat64.os)
 .comment       0x00000cab       0x2f /syscall-symphony/glibc-symphony/glibc-build/elf/rtld-libc.a(rtld-lseek.os)
 .comment       0x00000cda       0x2f /syscall-symphony/glibc-symphony/glibc-build/elf/rtld-libc.a(rtld-access.os)
 .comment       0x00000d09       0x2f /syscall-symphony/glibc-symphony/glibc-build/elf/rtld-libc.a(rtld-close_nocancel.os)
 .comment       0x00000d38       0x2f /syscall-symphony/glibc-symphony/glibc-build/elf/rtld-libc.a(rtld-fcntl_nocancel.os)
 .comment       0x00000d67       0x2f /syscall-symphony/glibc-symphony/glibc-build/elf/rtld-libc.a(rtld-open_nocancel.os)
 .comment       0x00000d96       0x2f /syscall-symphony/glibc-symphony/glibc-build/elf/rtld-libc.a(rtld-open64_nocancel.os)
 .comment       0x00000dc5       0x2f /syscall-symphony/glibc-symphony/glibc-build/elf/rtld-libc.a(rtld-read_nocancel.os)
 .comment       0x00000df4       0x2f /syscall-symphony/glibc-symphony/glibc-build/elf/rtld-libc.a(rtld-pread64_nocancel.os)
 .comment       0x00000e23       0x2f /syscall-symphony/glibc-symphony/glibc-build/elf/rtld-libc.a(rtld-write_nocancel.os)
 .comment       0x00000e52       0x2f /syscall-symphony/glibc-symphony/glibc-build/elf/rtld-libc.a(rtld-stat_t64_cp.os)
 .comment       0x00000e81       0x2f /syscall-symphony/glibc-symphony/glibc-build/elf/rtld-libc.a(rtld-scratch_buffer_set_array_size.os)
 .comment       0x00000eb0       0x2f /syscall-symphony/glibc-symphony/glibc-build/elf/rtld-libc.a(rtld-mmap.os)
 .comment       0x00000edf       0x2f /syscall-symphony/glibc-symphony/glibc-build/elf/rtld-libc.a(rtld-atomic_wide_counter.os)
 .comment       0x00000f0e       0x2f /syscall-symphony/glibc-symphony/glibc-build/elf/rtld-libc.a(rtld-lowlevellock.os)
 .comment       0x00000f3d       0x2f /syscall-symphony/glibc-symphony/glibc-build/elf/rtld-libc.a(rtld-_exit.os)
 .comment       0x00000f6c       0x2f /syscall-symphony/glibc-symphony/glibc-build/elf/rtld-libc.a(rtld-environ.os)
 .comment       0x00000f9b       0x2f /syscall-symphony/glibc-symphony/glibc-build/elf/rtld-libc.a(rtld-sigaction.os)
 .comment       0x00000fca       0x2f /syscall-symphony/glibc-symphony/glibc-build/elf/rtld-libc.a(rtld-libc_sigaction.os)
 .comment       0x00000ff9       0x2f /syscall-symphony/glibc-symphony/glibc-build/elf/rtld-libc.a(rtld-memchr.os)
 .comment       0x00001028       0x2f /syscall-symphony/glibc-symphony/glibc-build/elf/rtld-libc.a(rtld-memcmp.os)
 .comment       0x00001057       0x2f /syscall-symphony/glibc-symphony/glibc-build/elf/rtld-libc.a(rtld-strcmp.os)
 .comment       0x00001086       0x2f /syscall-symphony/glibc-symphony/glibc-build/elf/rtld-libc.a(rtld-strcspn.os)
 .comment       0x000010b5       0x2f /syscall-symphony/glibc-symphony/glibc-build/elf/rtld-libc.a(rtld-strdup.os)
 .comment       0x000010e4       0x2f /syscall-symphony/glibc-symphony/glibc-build/elf/rtld-libc.a(rtld-strerrorname_np.os)
 .comment       0x00001113       0x2f /syscall-symphony/glibc-symphony/glibc-build/elf/rtld-libc.a(rtld-strncmp.os)
 .comment       0x00001142       0x2f /syscall-symphony/glibc-symphony/glibc-build/elf/rtld-libc.a(rtld-strnlen.os)
 .comment       0x00001171       0x2f /syscall-symphony/glibc-symphony/glibc-build/elf/rtld-libc.a(rtld-strchrnul.os)
 .comment       0x000011a0       0x2f /syscall-symphony/glibc-symphony/glibc-build/elf/rtld-libc.a(rtld-setitimer.os)
 .comment       0x000011cf       0x2f /syscall-symphony/glibc-symphony/glibc-build/elf/rtld-libc.a(rtld-errlist.os)
 .comment       0x000011fe       0x2f /syscall-symphony/glibc-symphony/glibc-build/elf/rtld-libc.a(rtld-raise.os)
 .comment       0x0000122d       0x2f /syscall-symphony/glibc-symphony/glibc-build/elf/rtld-libc.a(rtld-pthread_kill.os)
 .comment       0x0000125c       0x2f /syscall-symphony/glibc-symphony/glibc-build/elf/rtld-libc.a(rtld-pthread_self.os)

.note.GNU-stack
                0x00000000        0x0
 .note.GNU-stack
                0x00000000        0x0 /syscall-symphony/glibc-symphony/glibc-build/elf/dl-allobjs.os
 .note.GNU-stack
                0x00000000        0x0 /syscall-symphony/glibc-symphony/glibc-build/elf/rtld-libc.a(rtld-check_fds.os)
 .note.GNU-stack
                0x00000000        0x0 /syscall-symphony/glibc-symphony/glibc-build/elf/rtld-libc.a(rtld-errno.os)
 .note.GNU-stack
                0x00000000        0x0 /syscall-symphony/glibc-symphony/glibc-build/elf/rtld-libc.a(rtld-closedir.os)
 .note.GNU-stack
                0x00000000        0x0 /syscall-symphony/glibc-symphony/glibc-build/elf/rtld-libc.a(rtld-rewinddir.os)
 .note.GNU-stack
                0x00000000        0x0 /syscall-symphony/glibc-symphony/glibc-build/elf/rtld-libc.a(rtld-readdir64.os)
 .note.GNU-stack
                0x00000000        0x0 /syscall-symphony/glibc-symphony/glibc-build/elf/rtld-libc.a(rtld-fdopendir.os)
 .note.GNU-stack
                0x00000000        0x0 /syscall-symphony/glibc-symphony/glibc-build/elf/rtld-libc.a(rtld-getdents64.os)
 .note.GNU-stack
                0x00000000        0x0 /syscall-symphony/glibc-symphony/glibc-build/elf/rtld-libc.a(rtld-dl-addr-obj.os)
 .note.GNU-stack
                0x00000000        0x0 /syscall-symphony/glibc-symphony/glibc-build/elf/rtld-libc.a(rtld-profil.os)
 .note.GNU-stack
                0x00000000        0x0 /syscall-symphony/glibc-symphony/glibc-build/elf/rtld-libc.a(rtld-prof-freq.os)
 .note.GNU-stack
                0x00000000        0x0 /syscall-symphony/glibc-symphony/glibc-build/elf/rtld-libc.a(rtld-stat64.os)
 .note.GNU-stack
                0x00000000        0x0 /syscall-symphony/glibc-symphony/glibc-build/elf/rtld-libc.a(rtld-fstat64.os)
 .note.GNU-stack
                0x00000000        0x0 /syscall-symphony/glibc-symphony/glibc-build/elf/rtld-libc.a(rtld-lstat64.os)
 .note.GNU-stack
                0x00000000        0x0 /syscall-symphony/glibc-symphony/glibc-build/elf/rtld-libc.a(rtld-fstatat64.os)
 .note.GNU-stack
                0x00000000        0x0 /syscall-symphony/glibc-symphony/glibc-build/elf/rtld-libc.a(rtld-openat64.os)
 .note.GNU-stack
                0x00000000        0x0 /syscall-symphony/glibc-symphony/glibc-build/elf/rtld-libc.a(rtld-lseek.os)
 .note.GNU-stack
                0x00000000        0x0 /syscall-symphony/glibc-symphony/glibc-build/elf/rtld-libc.a(rtld-access.os)
 .note.GNU-stack
                0x00000000        0x0 /syscall-symphony/glibc-symphony/glibc-build/elf/rtld-libc.a(rtld-close_nocancel.os)
 .note.GNU-stack
                0x00000000        0x0 /syscall-symphony/glibc-symphony/glibc-build/elf/rtld-libc.a(rtld-fcntl_nocancel.os)
 .note.GNU-stack
                0x00000000        0x0 /syscall-symphony/glibc-symphony/glibc-build/elf/rtld-libc.a(rtld-open_nocancel.os)
 .note.GNU-stack
                0x00000000        0x0 /syscall-symphony/glibc-symphony/glibc-build/elf/rtld-libc.a(rtld-open64_nocancel.os)
 .note.GNU-stack
                0x00000000        0x0 /syscall-symphony/glibc-symphony/glibc-build/elf/rtld-libc.a(rtld-read_nocancel.os)
 .note.GNU-stack
                0x00000000        0x0 /syscall-symphony/glibc-symphony/glibc-build/elf/rtld-libc.a(rtld-pread64_nocancel.os)
 .note.GNU-stack
                0x00000000        0x0 /syscall-symphony/glibc-symphony/glibc-build/elf/rtld-libc.a(rtld-write_nocancel.os)
 .note.GNU-stack
                0x00000000        0x0 /syscall-symphony/glibc-symphony/glibc-build/elf/rtld-libc.a(rtld-stat_t64_cp.os)
 .note.GNU-stack
                0x00000000        0x0 /syscall-symphony/glibc-symphony/glibc-build/elf/rtld-libc.a(rtld-scratch_buffer_set_array_size.os)
 .note.GNU-stack
                0x00000000        0x0 /syscall-symphony/glibc-symphony/glibc-build/elf/rtld-libc.a(rtld-mmap.os)
 .note.GNU-stack
                0x00000000        0x0 /syscall-symphony/glibc-symphony/glibc-build/elf/rtld-libc.a(rtld-munmap.os)
 .note.GNU-stack
                0x00000000        0x0 /syscall-symphony/glibc-symphony/glibc-build/elf/rtld-libc.a(rtld-mprotect.os)
 .note.GNU-stack
                0x00000000        0x0 /syscall-symphony/glibc-symphony/glibc-build/elf/rtld-libc.a(rtld-atomic_wide_counter.os)
 .note.GNU-stack
                0x00000000        0x0 /syscall-symphony/glibc-symphony/glibc-build/elf/rtld-libc.a(rtld-lowlevellock.os)
 .note.GNU-stack
                0x00000000        0x0 /syscall-symphony/glibc-symphony/glibc-build/elf/rtld-libc.a(rtld-uname.os)
 .note.GNU-stack
                0x00000000        0x0 /syscall-symphony/glibc-symphony/glibc-build/elf/rtld-libc.a(rtld-_exit.os)
 .note.GNU-stack
                0x00000000        0x0 /syscall-symphony/glibc-symphony/glibc-build/elf/rtld-libc.a(rtld-getpid.os)
 .note.GNU-stack
                0x00000000        0x0 /syscall-symphony/glibc-symphony/glibc-build/elf/rtld-libc.a(rtld-environ.os)
 .note.GNU-stack
                0x00000000        0x0 /syscall-symphony/glibc-symphony/glibc-build/elf/rtld-libc.a(rtld-setjmp.os)
 .note.GNU-stack
                0x00000000        0x0 /syscall-symphony/glibc-symphony/glibc-build/elf/rtld-libc.a(rtld-__longjmp.os)
 .note.GNU-stack
                0x00000000        0x0 /syscall-symphony/glibc-symphony/glibc-build/elf/rtld-libc.a(rtld-sigaction.os)
 .note.GNU-stack
                0x00000000        0x0 /syscall-symphony/glibc-symphony/glibc-build/elf/rtld-libc.a(rtld-libc_sigaction.os)
 .note.GNU-stack
                0x00000000        0x0 /syscall-symphony/glibc-symphony/glibc-build/elf/rtld-libc.a(rtld-sigrestorer.os)
 .note.GNU-stack
                0x00000000        0x0 /syscall-symphony/glibc-symphony/glibc-build/elf/rtld-libc.a(rtld-memchr.os)
 .note.GNU-stack
                0x00000000        0x0 /syscall-symphony/glibc-symphony/glibc-build/elf/rtld-libc.a(rtld-memcmp.os)
 .note.GNU-stack
                0x00000000        0x0 /syscall-symphony/glibc-symphony/glibc-build/elf/rtld-libc.a(rtld-memcpy.os)
 .note.GNU-stack
                0x00000000        0x0 /syscall-symphony/glibc-symphony/glibc-build/elf/rtld-libc.a(rtld-memmove.os)
 .note.GNU-stack
                0x00000000        0x0 /syscall-symphony/glibc-symphony/glibc-build/elf/rtld-libc.a(rtld-memset.os)
 .note.GNU-stack
                0x00000000        0x0 /syscall-symphony/glibc-symphony/glibc-build/elf/rtld-libc.a(rtld-rawmemchr.os)
 .note.GNU-stack
                0x00000000        0x0 /syscall-symphony/glibc-symphony/glibc-build/elf/rtld-libc.a(rtld-strchr.os)
 .note.GNU-stack
                0x00000000        0x0 /syscall-symphony/glibc-symphony/glibc-build/elf/rtld-libc.a(rtld-strcmp.os)
 .note.GNU-stack
                0x00000000        0x0 /syscall-symphony/glibc-symphony/glibc-build/elf/rtld-libc.a(rtld-strcpy.os)
 .note.GNU-stack
                0x00000000        0x0 /syscall-symphony/glibc-symphony/glibc-build/elf/rtld-libc.a(rtld-strcspn.os)
 .note.GNU-stack
                0x00000000        0x0 /syscall-symphony/glibc-symphony/glibc-build/elf/rtld-libc.a(rtld-strdup.os)
 .note.GNU-stack
                0x00000000        0x0 /syscall-symphony/glibc-symphony/glibc-build/elf/rtld-libc.a(rtld-strerrorname_np.os)
 .note.GNU-stack
                0x00000000        0x0 /syscall-symphony/glibc-symphony/glibc-build/elf/rtld-libc.a(rtld-strlen.os)
 .note.GNU-stack
                0x00000000        0x0 /syscall-symphony/glibc-symphony/glibc-build/elf/rtld-libc.a(rtld-strncmp.os)
 .note.GNU-stack
                0x00000000        0x0 /syscall-symphony/glibc-symphony/glibc-build/elf/rtld-libc.a(rtld-strnlen.os)
 .note.GNU-stack
                0x00000000        0x0 /syscall-symphony/glibc-symphony/glibc-build/elf/rtld-libc.a(rtld-strchrnul.os)
 .note.GNU-stack
                0x00000000        0x0 /syscall-symphony/glibc-symphony/glibc-build/elf/rtld-libc.a(rtld-setitimer.os)
 .note.GNU-stack
                0x00000000        0x0 /syscall-symphony/glibc-symphony/glibc-build/elf/rtld-libc.a(rtld-errlist.os)
 .note.GNU-stack
                0x00000000        0x0 /usr/lib/gcc/arm-linux-gnueabihf/10/libgcc.a(_udivsi3.o)
 .note.GNU-stack
                0x00000000        0x0 /usr/lib/gcc/arm-linux-gnueabihf/10/libgcc.a(_divsi3.o)
 .note.GNU-stack
                0x00000000        0x0 /usr/lib/gcc/arm-linux-gnueabihf/10/libgcc.a(_aeabi_uldivmod.o)
 .note.GNU-stack
                0x00000000        0x0 /usr/lib/gcc/arm-linux-gnueabihf/10/libgcc.a(_dvmd_lnx.o)
 .note.GNU-stack
                0x00000000        0x0 /usr/lib/gcc/arm-linux-gnueabihf/10/libgcc.a(_udivmoddi4.o)
 .note.GNU-stack
                0x00000000        0x0 /syscall-symphony/glibc-symphony/glibc-build/elf/rtld-libc.a(rtld-raise.os)
 .note.GNU-stack
                0x00000000        0x0 /syscall-symphony/glibc-symphony/glibc-build/elf/rtld-libc.a(rtld-pthread_kill.os)
 .note.GNU-stack
                0x00000000        0x0 /syscall-symphony/glibc-symphony/glibc-build/elf/rtld-libc.a(rtld-pthread_self.os)

.ARM.attributes
                0x00000000       0x31
 .ARM.attributes
                0x00000000       0x31 /syscall-symphony/glibc-symphony/glibc-build/elf/dl-allobjs.os
 .ARM.attributes
                0x00000031       0x31 /syscall-symphony/glibc-symphony/glibc-build/elf/rtld-libc.a(rtld-check_fds.os)
 .ARM.attributes
                0x00000062       0x31 /syscall-symphony/glibc-symphony/glibc-build/elf/rtld-libc.a(rtld-errno.os)
 .ARM.attributes
                0x00000093       0x31 /syscall-symphony/glibc-symphony/glibc-build/elf/rtld-libc.a(rtld-closedir.os)
 .ARM.attributes
                0x000000c4       0x31 /syscall-symphony/glibc-symphony/glibc-build/elf/rtld-libc.a(rtld-rewinddir.os)
 .ARM.attributes
                0x000000f5       0x31 /syscall-symphony/glibc-symphony/glibc-build/elf/rtld-libc.a(rtld-readdir64.os)
 .ARM.attributes
                0x00000126       0x31 /syscall-symphony/glibc-symphony/glibc-build/elf/rtld-libc.a(rtld-fdopendir.os)
 .ARM.attributes
                0x00000157       0x31 /syscall-symphony/glibc-symphony/glibc-build/elf/rtld-libc.a(rtld-getdents64.os)
 .ARM.attributes
                0x00000188       0x31 /syscall-symphony/glibc-symphony/glibc-build/elf/rtld-libc.a(rtld-dl-addr-obj.os)
 .ARM.attributes
                0x000001b9       0x31 /syscall-symphony/glibc-symphony/glibc-build/elf/rtld-libc.a(rtld-profil.os)
 .ARM.attributes
                0x000001ea       0x31 /syscall-symphony/glibc-symphony/glibc-build/elf/rtld-libc.a(rtld-prof-freq.os)
 .ARM.attributes
                0x0000021b       0x31 /syscall-symphony/glibc-symphony/glibc-build/elf/rtld-libc.a(rtld-stat64.os)
 .ARM.attributes
                0x0000024c       0x31 /syscall-symphony/glibc-symphony/glibc-build/elf/rtld-libc.a(rtld-fstat64.os)
 .ARM.attributes
                0x0000027d       0x31 /syscall-symphony/glibc-symphony/glibc-build/elf/rtld-libc.a(rtld-lstat64.os)
 .ARM.attributes
                0x000002ae       0x31 /syscall-symphony/glibc-symphony/glibc-build/elf/rtld-libc.a(rtld-fstatat64.os)
 .ARM.attributes
                0x000002df       0x31 /syscall-symphony/glibc-symphony/glibc-build/elf/rtld-libc.a(rtld-openat64.os)
 .ARM.attributes
                0x00000310       0x31 /syscall-symphony/glibc-symphony/glibc-build/elf/rtld-libc.a(rtld-lseek.os)
 .ARM.attributes
                0x00000341       0x31 /syscall-symphony/glibc-symphony/glibc-build/elf/rtld-libc.a(rtld-access.os)
 .ARM.attributes
                0x00000372       0x31 /syscall-symphony/glibc-symphony/glibc-build/elf/rtld-libc.a(rtld-close_nocancel.os)
 .ARM.attributes
                0x000003a3       0x31 /syscall-symphony/glibc-symphony/glibc-build/elf/rtld-libc.a(rtld-fcntl_nocancel.os)
 .ARM.attributes
                0x000003d4       0x31 /syscall-symphony/glibc-symphony/glibc-build/elf/rtld-libc.a(rtld-open_nocancel.os)
 .ARM.attributes
                0x00000405       0x31 /syscall-symphony/glibc-symphony/glibc-build/elf/rtld-libc.a(rtld-open64_nocancel.os)
 .ARM.attributes
                0x00000436       0x31 /syscall-symphony/glibc-symphony/glibc-build/elf/rtld-libc.a(rtld-read_nocancel.os)
 .ARM.attributes
                0x00000467       0x31 /syscall-symphony/glibc-symphony/glibc-build/elf/rtld-libc.a(rtld-pread64_nocancel.os)
 .ARM.attributes
                0x00000498       0x31 /syscall-symphony/glibc-symphony/glibc-build/elf/rtld-libc.a(rtld-write_nocancel.os)
 .ARM.attributes
                0x000004c9       0x31 /syscall-symphony/glibc-symphony/glibc-build/elf/rtld-libc.a(rtld-stat_t64_cp.os)
 .ARM.attributes
                0x000004fa       0x31 /syscall-symphony/glibc-symphony/glibc-build/elf/rtld-libc.a(rtld-scratch_buffer_set_array_size.os)
 .ARM.attributes
                0x0000052b       0x31 /syscall-symphony/glibc-symphony/glibc-build/elf/rtld-libc.a(rtld-mmap.os)
 .ARM.attributes
                0x0000055c       0x1f /syscall-symphony/glibc-symphony/glibc-build/elf/rtld-libc.a(rtld-munmap.os)
 .ARM.attributes
                0x0000057b       0x1f /syscall-symphony/glibc-symphony/glibc-build/elf/rtld-libc.a(rtld-mprotect.os)
 .ARM.attributes
                0x0000059a       0x31 /syscall-symphony/glibc-symphony/glibc-build/elf/rtld-libc.a(rtld-atomic_wide_counter.os)
 .ARM.attributes
                0x000005cb       0x31 /syscall-symphony/glibc-symphony/glibc-build/elf/rtld-libc.a(rtld-lowlevellock.os)
 .ARM.attributes
                0x000005fc       0x1f /syscall-symphony/glibc-symphony/glibc-build/elf/rtld-libc.a(rtld-uname.os)
 .ARM.attributes
                0x0000061b       0x31 /syscall-symphony/glibc-symphony/glibc-build/elf/rtld-libc.a(rtld-_exit.os)
 .ARM.attributes
                0x0000064c       0x1f /syscall-symphony/glibc-symphony/glibc-build/elf/rtld-libc.a(rtld-getpid.os)
 .ARM.attributes
                0x0000066b       0x31 /syscall-symphony/glibc-symphony/glibc-build/elf/rtld-libc.a(rtld-environ.os)
 .ARM.attributes
                0x0000069c       0x1f /syscall-symphony/glibc-symphony/glibc-build/elf/rtld-libc.a(rtld-setjmp.os)
 .ARM.attributes
                0x000006bb       0x1f /syscall-symphony/glibc-symphony/glibc-build/elf/rtld-libc.a(rtld-__longjmp.os)
 .ARM.attributes
                0x000006da       0x31 /syscall-symphony/glibc-symphony/glibc-build/elf/rtld-libc.a(rtld-sigaction.os)
 .ARM.attributes
                0x0000070b       0x31 /syscall-symphony/glibc-symphony/glibc-build/elf/rtld-libc.a(rtld-libc_sigaction.os)
 .ARM.attributes
                0x0000073c       0x1f /syscall-symphony/glibc-symphony/glibc-build/elf/rtld-libc.a(rtld-sigrestorer.os)
 .ARM.attributes
                0x0000075b       0x31 /syscall-symphony/glibc-symphony/glibc-build/elf/rtld-libc.a(rtld-memchr.os)
 .ARM.attributes
                0x0000078c       0x31 /syscall-symphony/glibc-symphony/glibc-build/elf/rtld-libc.a(rtld-memcmp.os)
 .ARM.attributes
                0x000007bd       0x1f /syscall-symphony/glibc-symphony/glibc-build/elf/rtld-libc.a(rtld-memcpy.os)
 .ARM.attributes
                0x000007dc       0x1f /syscall-symphony/glibc-symphony/glibc-build/elf/rtld-libc.a(rtld-memmove.os)
 .ARM.attributes
                0x000007fb       0x1f /syscall-symphony/glibc-symphony/glibc-build/elf/rtld-libc.a(rtld-memset.os)
 .ARM.attributes
                0x0000081a       0x1f /syscall-symphony/glibc-symphony/glibc-build/elf/rtld-libc.a(rtld-rawmemchr.os)
 .ARM.attributes
                0x00000839       0x1f /syscall-symphony/glibc-symphony/glibc-build/elf/rtld-libc.a(rtld-strchr.os)
 .ARM.attributes
                0x00000858       0x31 /syscall-symphony/glibc-symphony/glibc-build/elf/rtld-libc.a(rtld-strcmp.os)
 .ARM.attributes
                0x00000889       0x1f /syscall-symphony/glibc-symphony/glibc-build/elf/rtld-libc.a(rtld-strcpy.os)
 .ARM.attributes
                0x000008a8       0x31 /syscall-symphony/glibc-symphony/glibc-build/elf/rtld-libc.a(rtld-strcspn.os)
 .ARM.attributes
                0x000008d9       0x31 /syscall-symphony/glibc-symphony/glibc-build/elf/rtld-libc.a(rtld-strdup.os)
 .ARM.attributes
                0x0000090a       0x31 /syscall-symphony/glibc-symphony/glibc-build/elf/rtld-libc.a(rtld-strerrorname_np.os)
 .ARM.attributes
                0x0000093b       0x1f /syscall-symphony/glibc-symphony/glibc-build/elf/rtld-libc.a(rtld-strlen.os)
 .ARM.attributes
                0x0000095a       0x31 /syscall-symphony/glibc-symphony/glibc-build/elf/rtld-libc.a(rtld-strncmp.os)
 .ARM.attributes
                0x0000098b       0x31 /syscall-symphony/glibc-symphony/glibc-build/elf/rtld-libc.a(rtld-strnlen.os)
 .ARM.attributes
                0x000009bc       0x31 /syscall-symphony/glibc-symphony/glibc-build/elf/rtld-libc.a(rtld-strchrnul.os)
 .ARM.attributes
                0x000009ed       0x31 /syscall-symphony/glibc-symphony/glibc-build/elf/rtld-libc.a(rtld-setitimer.os)
 .ARM.attributes
                0x00000a1e       0x31 /syscall-symphony/glibc-symphony/glibc-build/elf/rtld-libc.a(rtld-errlist.os)
 .ARM.attributes
                0x00000a4f       0x1d /usr/lib/gcc/arm-linux-gnueabihf/10/libgcc.a(_udivsi3.o)
 .ARM.attributes
                0x00000a6c       0x1d /usr/lib/gcc/arm-linux-gnueabihf/10/libgcc.a(_divsi3.o)
 .ARM.attributes
                0x00000a89       0x1d /usr/lib/gcc/arm-linux-gnueabihf/10/libgcc.a(_aeabi_uldivmod.o)
 .ARM.attributes
                0x00000aa6       0x1d /usr/lib/gcc/arm-linux-gnueabihf/10/libgcc.a(_dvmd_lnx.o)
 .ARM.attributes
                0x00000ac3       0x2f /usr/lib/gcc/arm-linux-gnueabihf/10/libgcc.a(_udivmoddi4.o)
 .ARM.attributes
                0x00000af2       0x31 /syscall-symphony/glibc-symphony/glibc-build/elf/rtld-libc.a(rtld-raise.os)
 .ARM.attributes
                0x00000b23       0x31 /syscall-symphony/glibc-symphony/glibc-build/elf/rtld-libc.a(rtld-pthread_kill.os)
 .ARM.attributes
                0x00000b54       0x31 /syscall-symphony/glibc-symphony/glibc-build/elf/rtld-libc.a(rtld-pthread_self.os)

.gnu.build.attributes
 *(.gnu.build.attributes)

.debug
 *(.debug)

.line
 *(.line)

.debug_srcinfo
 *(.debug_srcinfo)

.debug_sfnames
 *(.debug_sfnames)

.debug_aranges  0x00000000      0xeb0
 *(.debug_aranges)
 .debug_aranges
                0x00000000      0x720 /syscall-symphony/glibc-symphony/glibc-build/elf/dl-allobjs.os
 .debug_aranges
                0x00000720       0x20 /syscall-symphony/glibc-symphony/glibc-build/elf/rtld-libc.a(rtld-check_fds.os)
 .debug_aranges
                0x00000740       0x18 /syscall-symphony/glibc-symphony/glibc-build/elf/rtld-libc.a(rtld-errno.os)
 .debug_aranges
                0x00000758       0x20 /syscall-symphony/glibc-symphony/glibc-build/elf/rtld-libc.a(rtld-closedir.os)
 .debug_aranges
                0x00000778       0x20 /syscall-symphony/glibc-symphony/glibc-build/elf/rtld-libc.a(rtld-rewinddir.os)
 .debug_aranges
                0x00000798       0x20 /syscall-symphony/glibc-symphony/glibc-build/elf/rtld-libc.a(rtld-readdir64.os)
 .debug_aranges
                0x000007b8       0x20 /syscall-symphony/glibc-symphony/glibc-build/elf/rtld-libc.a(rtld-fdopendir.os)
 .debug_aranges
                0x000007d8       0x20 /syscall-symphony/glibc-symphony/glibc-build/elf/rtld-libc.a(rtld-getdents64.os)
 .debug_aranges
                0x000007f8       0x20 /syscall-symphony/glibc-symphony/glibc-build/elf/rtld-libc.a(rtld-dl-addr-obj.os)
 .debug_aranges
                0x00000818       0x20 /syscall-symphony/glibc-symphony/glibc-build/elf/rtld-libc.a(rtld-profil.os)
 .debug_aranges
                0x00000838       0x20 /syscall-symphony/glibc-symphony/glibc-build/elf/rtld-libc.a(rtld-prof-freq.os)
 .debug_aranges
                0x00000858       0x20 /syscall-symphony/glibc-symphony/glibc-build/elf/rtld-libc.a(rtld-stat64.os)
 .debug_aranges
                0x00000878       0x20 /syscall-symphony/glibc-symphony/glibc-build/elf/rtld-libc.a(rtld-fstat64.os)
 .debug_aranges
                0x00000898       0x20 /syscall-symphony/glibc-symphony/glibc-build/elf/rtld-libc.a(rtld-lstat64.os)
 .debug_aranges
                0x000008b8       0x20 /syscall-symphony/glibc-symphony/glibc-build/elf/rtld-libc.a(rtld-fstatat64.os)
 .debug_aranges
                0x000008d8       0x20 /syscall-symphony/glibc-symphony/glibc-build/elf/rtld-libc.a(rtld-openat64.os)
 .debug_aranges
                0x000008f8       0x20 /syscall-symphony/glibc-symphony/glibc-build/elf/rtld-libc.a(rtld-lseek.os)
 .debug_aranges
                0x00000918       0x20 /syscall-symphony/glibc-symphony/glibc-build/elf/rtld-libc.a(rtld-access.os)
 .debug_aranges
                0x00000938       0x20 /syscall-symphony/glibc-symphony/glibc-build/elf/rtld-libc.a(rtld-close_nocancel.os)
 .debug_aranges
                0x00000958       0x20 /syscall-symphony/glibc-symphony/glibc-build/elf/rtld-libc.a(rtld-fcntl_nocancel.os)
 .debug_aranges
                0x00000978       0x20 /syscall-symphony/glibc-symphony/glibc-build/elf/rtld-libc.a(rtld-open_nocancel.os)
 .debug_aranges
                0x00000998       0x20 /syscall-symphony/glibc-symphony/glibc-build/elf/rtld-libc.a(rtld-open64_nocancel.os)
 .debug_aranges
                0x000009b8       0x20 /syscall-symphony/glibc-symphony/glibc-build/elf/rtld-libc.a(rtld-read_nocancel.os)
 .debug_aranges
                0x000009d8       0x20 /syscall-symphony/glibc-symphony/glibc-build/elf/rtld-libc.a(rtld-pread64_nocancel.os)
 .debug_aranges
                0x000009f8       0x20 /syscall-symphony/glibc-symphony/glibc-build/elf/rtld-libc.a(rtld-write_nocancel.os)
 .debug_aranges
                0x00000a18       0x20 /syscall-symphony/glibc-symphony/glibc-build/elf/rtld-libc.a(rtld-stat_t64_cp.os)
 .debug_aranges
                0x00000a38       0x20 /syscall-symphony/glibc-symphony/glibc-build/elf/rtld-libc.a(rtld-scratch_buffer_set_array_size.os)
 .debug_aranges
                0x00000a58       0x20 /syscall-symphony/glibc-symphony/glibc-build/elf/rtld-libc.a(rtld-mmap.os)
 .debug_aranges
                0x00000a78       0x20 /syscall-symphony/glibc-symphony/glibc-build/elf/rtld-libc.a(rtld-munmap.os)
 .debug_aranges
                0x00000a98       0x20 /syscall-symphony/glibc-symphony/glibc-build/elf/rtld-libc.a(rtld-mprotect.os)
 .debug_aranges
                0x00000ab8       0x20 /syscall-symphony/glibc-symphony/glibc-build/elf/rtld-libc.a(rtld-atomic_wide_counter.os)
 .debug_aranges
                0x00000ad8       0x20 /syscall-symphony/glibc-symphony/glibc-build/elf/rtld-libc.a(rtld-lowlevellock.os)
 .debug_aranges
                0x00000af8       0x20 /syscall-symphony/glibc-symphony/glibc-build/elf/rtld-libc.a(rtld-uname.os)
 .debug_aranges
                0x00000b18       0x20 /syscall-symphony/glibc-symphony/glibc-build/elf/rtld-libc.a(rtld-_exit.os)
 .debug_aranges
                0x00000b38       0x20 /syscall-symphony/glibc-symphony/glibc-build/elf/rtld-libc.a(rtld-getpid.os)
 .debug_aranges
                0x00000b58       0x18 /syscall-symphony/glibc-symphony/glibc-build/elf/rtld-libc.a(rtld-environ.os)
 .debug_aranges
                0x00000b70       0x20 /syscall-symphony/glibc-symphony/glibc-build/elf/rtld-libc.a(rtld-setjmp.os)
 .debug_aranges
                0x00000b90       0x20 /syscall-symphony/glibc-symphony/glibc-build/elf/rtld-libc.a(rtld-__longjmp.os)
 .debug_aranges
                0x00000bb0       0x20 /syscall-symphony/glibc-symphony/glibc-build/elf/rtld-libc.a(rtld-sigaction.os)
 .debug_aranges
                0x00000bd0       0x20 /syscall-symphony/glibc-symphony/glibc-build/elf/rtld-libc.a(rtld-libc_sigaction.os)
 .debug_aranges
                0x00000bf0       0x20 /syscall-symphony/glibc-symphony/glibc-build/elf/rtld-libc.a(rtld-sigrestorer.os)
 .debug_aranges
                0x00000c10       0x20 /syscall-symphony/glibc-symphony/glibc-build/elf/rtld-libc.a(rtld-memchr.os)
 .debug_aranges
                0x00000c30       0x20 /syscall-symphony/glibc-symphony/glibc-build/elf/rtld-libc.a(rtld-memcmp.os)
 .debug_aranges
                0x00000c50       0x20 /syscall-symphony/glibc-symphony/glibc-build/elf/rtld-libc.a(rtld-memcpy.os)
 .debug_aranges
                0x00000c70       0x20 /syscall-symphony/glibc-symphony/glibc-build/elf/rtld-libc.a(rtld-memmove.os)
 .debug_aranges
                0x00000c90       0x20 /syscall-symphony/glibc-symphony/glibc-build/elf/rtld-libc.a(rtld-memset.os)
 .debug_aranges
                0x00000cb0       0x20 /syscall-symphony/glibc-symphony/glibc-build/elf/rtld-libc.a(rtld-rawmemchr.os)
 .debug_aranges
                0x00000cd0       0x20 /syscall-symphony/glibc-symphony/glibc-build/elf/rtld-libc.a(rtld-strchr.os)
 .debug_aranges
                0x00000cf0       0x20 /syscall-symphony/glibc-symphony/glibc-build/elf/rtld-libc.a(rtld-strcmp.os)
 .debug_aranges
                0x00000d10       0x20 /syscall-symphony/glibc-symphony/glibc-build/elf/rtld-libc.a(rtld-strcpy.os)
 .debug_aranges
                0x00000d30       0x20 /syscall-symphony/glibc-symphony/glibc-build/elf/rtld-libc.a(rtld-strcspn.os)
 .debug_aranges
                0x00000d50       0x20 /syscall-symphony/glibc-symphony/glibc-build/elf/rtld-libc.a(rtld-strdup.os)
 .debug_aranges
                0x00000d70       0x20 /syscall-symphony/glibc-symphony/glibc-build/elf/rtld-libc.a(rtld-strerrorname_np.os)
 .debug_aranges
                0x00000d90       0x20 /syscall-symphony/glibc-symphony/glibc-build/elf/rtld-libc.a(rtld-strlen.os)
 .debug_aranges
                0x00000db0       0x20 /syscall-symphony/glibc-symphony/glibc-build/elf/rtld-libc.a(rtld-strncmp.os)
 .debug_aranges
                0x00000dd0       0x20 /syscall-symphony/glibc-symphony/glibc-build/elf/rtld-libc.a(rtld-strnlen.os)
 .debug_aranges
                0x00000df0       0x20 /syscall-symphony/glibc-symphony/glibc-build/elf/rtld-libc.a(rtld-strchrnul.os)
 .debug_aranges
                0x00000e10       0x20 /syscall-symphony/glibc-symphony/glibc-build/elf/rtld-libc.a(rtld-setitimer.os)
 .debug_aranges
                0x00000e30       0x20 /syscall-symphony/glibc-symphony/glibc-build/elf/rtld-libc.a(rtld-errlist.os)
 .debug_aranges
                0x00000e50       0x20 /syscall-symphony/glibc-symphony/glibc-build/elf/rtld-libc.a(rtld-raise.os)
 .debug_aranges
                0x00000e70       0x20 /syscall-symphony/glibc-symphony/glibc-build/elf/rtld-libc.a(rtld-pthread_kill.os)
 .debug_aranges
                0x00000e90       0x20 /syscall-symphony/glibc-symphony/glibc-build/elf/rtld-libc.a(rtld-pthread_self.os)

.debug_pubnames
 *(.debug_pubnames)

.debug_info     0x00000000    0x86d7f
 *(.debug_info)
 .debug_info    0x00000000    0x73170 /syscall-symphony/glibc-symphony/glibc-build/elf/dl-allobjs.os
 .debug_info    0x00073170      0x780 /syscall-symphony/glibc-symphony/glibc-build/elf/rtld-libc.a(rtld-check_fds.os)
 .debug_info    0x000738f0      0x428 /syscall-symphony/glibc-symphony/glibc-build/elf/rtld-libc.a(rtld-errno.os)
 .debug_info    0x00073d18      0x587 /syscall-symphony/glibc-symphony/glibc-build/elf/rtld-libc.a(rtld-closedir.os)
 .debug_info    0x0007429f      0x506 /syscall-symphony/glibc-symphony/glibc-build/elf/rtld-libc.a(rtld-rewinddir.os)
 .debug_info    0x000747a5      0x62f /syscall-symphony/glibc-symphony/glibc-build/elf/rtld-libc.a(rtld-readdir64.os)
 .debug_info    0x00074dd4      0x708 /syscall-symphony/glibc-symphony/glibc-build/elf/rtld-libc.a(rtld-fdopendir.os)
 .debug_info    0x000754dc      0x4fb /syscall-symphony/glibc-symphony/glibc-build/elf/rtld-libc.a(rtld-getdents64.os)
 .debug_info    0x000759d7      0xdf3 /syscall-symphony/glibc-symphony/glibc-build/elf/rtld-libc.a(rtld-dl-addr-obj.os)
 .debug_info    0x000767ca      0x98f /syscall-symphony/glibc-symphony/glibc-build/elf/rtld-libc.a(rtld-profil.os)
 .debug_info    0x00077159     0x1be2 /syscall-symphony/glibc-symphony/glibc-build/elf/rtld-libc.a(rtld-prof-freq.os)
 .debug_info    0x00078d3b      0x48a /syscall-symphony/glibc-symphony/glibc-build/elf/rtld-libc.a(rtld-stat64.os)
 .debug_info    0x000791c5      0x47d /syscall-symphony/glibc-symphony/glibc-build/elf/rtld-libc.a(rtld-fstat64.os)
 .debug_info    0x00079642      0x48e /syscall-symphony/glibc-symphony/glibc-build/elf/rtld-libc.a(rtld-lstat64.os)
 .debug_info    0x00079ad0      0xe5b /syscall-symphony/glibc-symphony/glibc-build/elf/rtld-libc.a(rtld-fstatat64.os)
 .debug_info    0x0007a92b      0x61d /syscall-symphony/glibc-symphony/glibc-build/elf/rtld-libc.a(rtld-openat64.os)
 .debug_info    0x0007af48      0x607 /syscall-symphony/glibc-symphony/glibc-build/elf/rtld-libc.a(rtld-lseek.os)
 .debug_info    0x0007b54f      0x4b3 /syscall-symphony/glibc-symphony/glibc-build/elf/rtld-libc.a(rtld-access.os)
 .debug_info    0x0007ba02      0x47b /syscall-symphony/glibc-symphony/glibc-build/elf/rtld-libc.a(rtld-close_nocancel.os)
 .debug_info    0x0007be7d      0x853 /syscall-symphony/glibc-symphony/glibc-build/elf/rtld-libc.a(rtld-fcntl_nocancel.os)
 .debug_info    0x0007c6d0      0x563 /syscall-symphony/glibc-symphony/glibc-build/elf/rtld-libc.a(rtld-open_nocancel.os)
 .debug_info    0x0007cc33      0x563 /syscall-symphony/glibc-symphony/glibc-build/elf/rtld-libc.a(rtld-open64_nocancel.os)
 .debug_info    0x0007d196      0x507 /syscall-symphony/glibc-symphony/glibc-build/elf/rtld-libc.a(rtld-read_nocancel.os)
 .debug_info    0x0007d69d      0x599 /syscall-symphony/glibc-symphony/glibc-build/elf/rtld-libc.a(rtld-pread64_nocancel.os)
 .debug_info    0x0007dc36      0x50c /syscall-symphony/glibc-symphony/glibc-build/elf/rtld-libc.a(rtld-write_nocancel.os)
 .debug_info    0x0007e142      0x531 /syscall-symphony/glibc-symphony/glibc-build/elf/rtld-libc.a(rtld-stat_t64_cp.os)
 .debug_info    0x0007e673      0x395 /syscall-symphony/glibc-symphony/glibc-build/elf/rtld-libc.a(rtld-scratch_buffer_set_array_size.os)
 .debug_info    0x0007ea08      0x646 /syscall-symphony/glibc-symphony/glibc-build/elf/rtld-libc.a(rtld-mmap.os)
 .debug_info    0x0007f04e       0x26 /syscall-symphony/glibc-symphony/glibc-build/elf/rtld-libc.a(rtld-munmap.os)
 .debug_info    0x0007f074       0x26 /syscall-symphony/glibc-symphony/glibc-build/elf/rtld-libc.a(rtld-mprotect.os)
 .debug_info    0x0007f09a      0x2ea /syscall-symphony/glibc-symphony/glibc-build/elf/rtld-libc.a(rtld-atomic_wide_counter.os)
 .debug_info    0x0007f384      0x928 /syscall-symphony/glibc-symphony/glibc-build/elf/rtld-libc.a(rtld-lowlevellock.os)
 .debug_info    0x0007fcac       0x26 /syscall-symphony/glibc-symphony/glibc-build/elf/rtld-libc.a(rtld-uname.os)
 .debug_info    0x0007fcd2      0x4d4 /syscall-symphony/glibc-symphony/glibc-build/elf/rtld-libc.a(rtld-_exit.os)
 .debug_info    0x000801a6       0x26 /syscall-symphony/glibc-symphony/glibc-build/elf/rtld-libc.a(rtld-getpid.os)
 .debug_info    0x000801cc       0xba /syscall-symphony/glibc-symphony/glibc-build/elf/rtld-libc.a(rtld-environ.os)
 .debug_info    0x00080286       0x26 /syscall-symphony/glibc-symphony/glibc-build/elf/rtld-libc.a(rtld-setjmp.os)
 .debug_info    0x000802ac       0x26 /syscall-symphony/glibc-symphony/glibc-build/elf/rtld-libc.a(rtld-__longjmp.os)
 .debug_info    0x000802d2      0x995 /syscall-symphony/glibc-symphony/glibc-build/elf/rtld-libc.a(rtld-sigaction.os)
 .debug_info    0x00080c67      0x97f /syscall-symphony/glibc-symphony/glibc-build/elf/rtld-libc.a(rtld-libc_sigaction.os)
 .debug_info    0x000815e6       0x26 /syscall-symphony/glibc-symphony/glibc-build/elf/rtld-libc.a(rtld-sigrestorer.os)
 .debug_info    0x0008160c      0x190 /syscall-symphony/glibc-symphony/glibc-build/elf/rtld-libc.a(rtld-memchr.os)
 .debug_info    0x0008179c      0x8c8 /syscall-symphony/glibc-symphony/glibc-build/elf/rtld-libc.a(rtld-memcmp.os)
 .debug_info    0x00082064       0x26 /syscall-symphony/glibc-symphony/glibc-build/elf/rtld-libc.a(rtld-memcpy.os)
 .debug_info    0x0008208a       0x26 /syscall-symphony/glibc-symphony/glibc-build/elf/rtld-libc.a(rtld-memmove.os)
 .debug_info    0x000820b0       0x26 /syscall-symphony/glibc-symphony/glibc-build/elf/rtld-libc.a(rtld-memset.os)
 .debug_info    0x000820d6       0x26 /syscall-symphony/glibc-symphony/glibc-build/elf/rtld-libc.a(rtld-rawmemchr.os)
 .debug_info    0x000820fc       0x26 /syscall-symphony/glibc-symphony/glibc-build/elf/rtld-libc.a(rtld-strchr.os)
 .debug_info    0x00082122      0x116 /syscall-symphony/glibc-symphony/glibc-build/elf/rtld-libc.a(rtld-strcmp.os)
 .debug_info    0x00082238       0x26 /syscall-symphony/glibc-symphony/glibc-build/elf/rtld-libc.a(rtld-strcpy.os)
 .debug_info    0x0008225e      0x244 /syscall-symphony/glibc-symphony/glibc-build/elf/rtld-libc.a(rtld-strcspn.os)
 .debug_info    0x000824a2      0x1a0 /syscall-symphony/glibc-symphony/glibc-build/elf/rtld-libc.a(rtld-strdup.os)
 .debug_info    0x00082642       0xca /syscall-symphony/glibc-symphony/glibc-build/elf/rtld-libc.a(rtld-strerrorname_np.os)
 .debug_info    0x0008270c       0x26 /syscall-symphony/glibc-symphony/glibc-build/elf/rtld-libc.a(rtld-strlen.os)
 .debug_info    0x00082732      0x118 /syscall-symphony/glibc-symphony/glibc-build/elf/rtld-libc.a(rtld-strncmp.os)
 .debug_info    0x0008284a      0x158 /syscall-symphony/glibc-symphony/glibc-build/elf/rtld-libc.a(rtld-strnlen.os)
 .debug_info    0x000829a2      0x169 /syscall-symphony/glibc-symphony/glibc-build/elf/rtld-libc.a(rtld-strchrnul.os)
 .debug_info    0x00082b0b      0xa83 /syscall-symphony/glibc-symphony/glibc-build/elf/rtld-libc.a(rtld-setitimer.os)
 .debug_info    0x0008358e      0xdaa /syscall-symphony/glibc-symphony/glibc-build/elf/rtld-libc.a(rtld-errlist.os)
 .debug_info    0x00084338       0xf4 /syscall-symphony/glibc-symphony/glibc-build/elf/rtld-libc.a(rtld-raise.os)
 .debug_info    0x0008442c     0x1815 /syscall-symphony/glibc-symphony/glibc-build/elf/rtld-libc.a(rtld-pthread_kill.os)
 .debug_info    0x00085c41     0x113e /syscall-symphony/glibc-symphony/glibc-build/elf/rtld-libc.a(rtld-pthread_self.os)

.debug_abbrev   0x00000000    0x12701
 *(.debug_abbrev)
 .debug_abbrev  0x00000000     0xd9ae /syscall-symphony/glibc-symphony/glibc-build/elf/dl-allobjs.os
 .debug_abbrev  0x0000d9ae      0x202 /syscall-symphony/glibc-symphony/glibc-build/elf/rtld-libc.a(rtld-check_fds.os)
 .debug_abbrev  0x0000dbb0      0x109 /syscall-symphony/glibc-symphony/glibc-build/elf/rtld-libc.a(rtld-errno.os)
 .debug_abbrev  0x0000dcb9      0x20d /syscall-symphony/glibc-symphony/glibc-build/elf/rtld-libc.a(rtld-closedir.os)
 .debug_abbrev  0x0000dec6      0x17b /syscall-symphony/glibc-symphony/glibc-build/elf/rtld-libc.a(rtld-rewinddir.os)
 .debug_abbrev  0x0000e041      0x1d0 /syscall-symphony/glibc-symphony/glibc-build/elf/rtld-libc.a(rtld-readdir64.os)
 .debug_abbrev  0x0000e211      0x1c2 /syscall-symphony/glibc-symphony/glibc-build/elf/rtld-libc.a(rtld-fdopendir.os)
 .debug_abbrev  0x0000e3d3      0x177 /syscall-symphony/glibc-symphony/glibc-build/elf/rtld-libc.a(rtld-getdents64.os)
 .debug_abbrev  0x0000e54a      0x214 /syscall-symphony/glibc-symphony/glibc-build/elf/rtld-libc.a(rtld-dl-addr-obj.os)
 .debug_abbrev  0x0000e75e      0x2a4 /syscall-symphony/glibc-symphony/glibc-build/elf/rtld-libc.a(rtld-profil.os)
 .debug_abbrev  0x0000ea02      0x253 /syscall-symphony/glibc-symphony/glibc-build/elf/rtld-libc.a(rtld-prof-freq.os)
 .debug_abbrev  0x0000ec55      0x169 /syscall-symphony/glibc-symphony/glibc-build/elf/rtld-libc.a(rtld-stat64.os)
 .debug_abbrev  0x0000edbe      0x15b /syscall-symphony/glibc-symphony/glibc-build/elf/rtld-libc.a(rtld-fstat64.os)
 .debug_abbrev  0x0000ef19      0x169 /syscall-symphony/glibc-symphony/glibc-build/elf/rtld-libc.a(rtld-lstat64.os)
 .debug_abbrev  0x0000f082      0x2d8 /syscall-symphony/glibc-symphony/glibc-build/elf/rtld-libc.a(rtld-fstatat64.os)
 .debug_abbrev  0x0000f35a      0x1c6 /syscall-symphony/glibc-symphony/glibc-build/elf/rtld-libc.a(rtld-openat64.os)
 .debug_abbrev  0x0000f520      0x1ce /syscall-symphony/glibc-symphony/glibc-build/elf/rtld-libc.a(rtld-lseek.os)
 .debug_abbrev  0x0000f6ee      0x14d /syscall-symphony/glibc-symphony/glibc-build/elf/rtld-libc.a(rtld-access.os)
 .debug_abbrev  0x0000f83b      0x13e /syscall-symphony/glibc-symphony/glibc-build/elf/rtld-libc.a(rtld-close_nocancel.os)
 .debug_abbrev  0x0000f979      0x23e /syscall-symphony/glibc-symphony/glibc-build/elf/rtld-libc.a(rtld-fcntl_nocancel.os)
 .debug_abbrev  0x0000fbb7      0x18b /syscall-symphony/glibc-symphony/glibc-build/elf/rtld-libc.a(rtld-open_nocancel.os)
 .debug_abbrev  0x0000fd42      0x18b /syscall-symphony/glibc-symphony/glibc-build/elf/rtld-libc.a(rtld-open64_nocancel.os)
 .debug_abbrev  0x0000fecd      0x16a /syscall-symphony/glibc-symphony/glibc-build/elf/rtld-libc.a(rtld-read_nocancel.os)
 .debug_abbrev  0x00010037      0x18c /syscall-symphony/glibc-symphony/glibc-build/elf/rtld-libc.a(rtld-pread64_nocancel.os)
 .debug_abbrev  0x000101c3      0x168 /syscall-symphony/glibc-symphony/glibc-build/elf/rtld-libc.a(rtld-write_nocancel.os)
 .debug_abbrev  0x0001032b      0x186 /syscall-symphony/glibc-symphony/glibc-build/elf/rtld-libc.a(rtld-stat_t64_cp.os)
 .debug_abbrev  0x000104b1      0x24d /syscall-symphony/glibc-symphony/glibc-build/elf/rtld-libc.a(rtld-scratch_buffer_set_array_size.os)